09-15 13:37:53.660   183   183 W vold    : Failed to LOOP_GET_STATUS64 /dev/block/loop25: No such device or address
09-15 13:37:53.660   183   183 W vold    : Failed to LOOP_GET_STATUS64 /dev/block/loop24: No such device or address
09-15 13:37:53.660   183   183 W vold    : Failed to LOOP_GET_STATUS64 /dev/block/loop23: No such device or address
09-15 13:37:53.660   183   183 W vold    : Failed to LOOP_GET_STATUS64 /dev/block/loop22: No such device or address
09-15 13:37:53.660   183   183 W vold    : Failed to LOOP_GET_STATUS64 /dev/block/loop21: No such device or address
09-15 13:37:53.660   183   183 W vold    : Failed to LOOP_GET_STATUS64 /dev/block/loop20: No such device or address
09-15 13:37:53.660   183   183 W vold    : Failed to LOOP_GET_STATUS64 /dev/block/loop19: No such device or address
09-15 13:37:53.660   183   183 W vold    : Failed to LOOP_GET_STATUS64 /dev/block/loop18: No such device or address
09-15 13:37:53.660   183   183 W vold    : Failed to LOOP_GET_STATUS64 /dev/block/loop17: No such device or address
09-15 13:37:53.660   183   183 W vold    : Failed to LOOP_GET_STATUS64 /dev/block/loop16: No such device or address
09-15 13:37:53.660   183   183 W vold    : Failed to LOOP_GET_STATUS64 /dev/block/loop12: No such device or address
09-15 13:37:53.660   183   183 W vold    : Failed to LOOP_GET_STATUS64 /dev/block/loop7: No such device or address
09-15 13:37:53.660   183   183 D vold    : Found unmanaged loop device at /dev/block/loop0 named apex:
09-15 13:37:53.660   183   183 D vold    : Found unmanaged loop device at /dev/block/loop2 named apex:
09-15 13:37:53.660   183   183 W vold    : Failed to LOOP_GET_STATUS64 /dev/block/loop10: No such device or address
09-15 13:37:53.660   183   183 D vold    : Found unmanaged loop device at /dev/block/loop3 named apex:
09-15 13:37:53.660   183   183 W vold    : Failed to LOOP_GET_STATUS64 /dev/block/loop8: No such device or address
09-15 13:37:53.660   183   183 D vold    : Found unmanaged loop device at /dev/block/loop5 named apex:
09-15 13:37:53.660   183   183 D vold    : Found unmanaged loop device at /dev/block/loop1 named apex:
09-15 13:37:53.661   183   183 W vold    : Failed to LOOP_GET_STATUS64 /dev/block/loop13: No such device or address
09-15 13:37:53.661   183   183 W vold    : Failed to LOOP_GET_STATUS64 /dev/block/loop15: No such device or address
09-15 13:37:53.661   183   183 W vold    : Failed to LOOP_GET_STATUS64 /dev/block/loop14: No such device or address
09-15 13:37:53.661   183   183 W vold    : Failed to LOOP_GET_STATUS64 /dev/block/loop9: No such device or address
09-15 13:37:53.661   183   183 W vold    : Failed to LOOP_GET_STATUS64 /dev/block/loop11: No such device or address
09-15 13:37:53.661   183   183 D vold    : Found unmanaged loop device at /dev/block/loop4 named apex:
09-15 13:37:53.661   173   173 I hwservicemanager: getFrameworkHalManifest: Successfully processed VINTF information
09-15 13:37:53.661   183   183 W vold    : Failed to LOOP_GET_STATUS64 /dev/block/loop6: No such device or address
09-15 13:37:53.662   173   173 I hwservicemanager: getDeviceHalManifest: Reading VINTF information.
09-15 13:37:53.663     0     0 I init    : processing action (init) from (/vendor/etc/init/hw/init.ranchu.rc:17)
09-15 13:37:53.663   183   183 D vold    : VoldNativeService::start() completed OK
09-15 13:37:53.669   183   186 I vold    : Found disk at /devices/pci0000:00/0000:00:08.0/virtio5/block/vdf but delaying scan due to secure keyguard
09-15 13:37:53.679     0     0 I init    : starting service 'qemu-props'...
09-15 13:37:53.685     0     0 I init    : processing action (init) from (/system/etc/init/audioserver.rc:48)
09-15 13:37:53.688     0     0 I init    : processing action (MixHwrngIntoLinuxRng) from (<Builtin Action>:0)
09-15 13:37:53.696   173   173 I hwservicemanager: getDeviceHalManifest: Successfully processed VINTF information
09-15 13:37:53.697   173   173 I hwservicemanager: Since android.hardware.keymaster@4.0::IKeymasterDevice/default is not registered, trying to start it as a lazy HAL.
09-15 13:37:53.698   173   173 I hwservicemanager: Since android.hardware.keymaster@4.0::IKeymasterDevice/default is not registered, trying to start it as a lazy HAL.
09-15 13:37:53.701     0     0 I init    : Mixed 512 bytes from /dev/hw_random into /dev/urandom
09-15 13:37:53.703     0     0 I init    : processing action (late-init) from (/system/etc/init/hw/init.rc:427)
09-15 13:37:53.705     0     0 I init    : processing action (late-init) from (/system/etc/init/atrace.rc:3)
09-15 13:37:53.714     0     0 I init    : processing action (late-init) from (/vendor/etc/init/android.hardware.atrace@1.0-service.rc:1)
09-15 13:37:53.716     0     0 I init    : processing action (queue_property_triggers) from (<Builtin Action>:0)
09-15 13:37:53.718     0     0 I init    : processing action (early-fs) from (/system/etc/init/hw/init.rc:463)
09-15 13:37:53.720     0     0 I init    : starting service 'vold'...
09-15 13:37:53.742     0     0 I init    : processing action (early-fs) from (/vendor/etc/init/hw/init.ranchu.rc:1)
09-15 13:37:53.744     0     0 I init    : processing action (fs) from (/vendor/etc/init/hw/init.ranchu.rc:4)
09-15 13:37:53.746     0     0 I init    : starting service 'wait_for_keymaster'...
09-15 13:37:53.748   191   191 E cutils-trace: Error opening trace file: Permission denied (13)
09-15 13:37:53.749   191   191 I HidlServiceManagement: Registered android.hardware.keymaster@4.1::IKeymasterDevice/default (start delay of 54ms)
09-15 13:37:53.750   191   191 I HidlServiceManagement: Removing namespace from process name android.hardware.keymaster@4.1-service to keymaster@4.1-service.
09-15 13:37:53.750   173   173 I hw-BpHwBinder: onLastStrongRef automatically unlinking death recipients
09-15 13:37:53.750     0     0 I init    : SVC_EXEC service 'wait_for_keymaster' pid 184 (uid 0 gid 0+1 context default) started; waiting...
09-15 13:37:53.751   173   173 I hwservicemanager: getTransport: Cannot find entry android.hardware.keymaster@3.0::IKeymasterDevice/default in either framework or device manifest.
09-15 13:37:53.777     0     0 I wait_for_keymaster: Waiting for Keymaster device
09-15 13:37:53.781   183   183 D vold    : fscrypt_mount_metadata_encrypted: /data 0
09-15 13:37:53.782   183   183 D vold    : metadata_key_dir/key: /metadata/vold/metadata_encryption/key
09-15 13:37:53.786   173   173 I hwservicemanager: getTransport: Cannot find entry android.hardware.keymaster@3.0::IKeymasterDevice/default in either framework or device manifest.
09-15 13:37:53.786   183   183 I vold    : List of Keymaster HALs found:
09-15 13:37:53.787   183   183 I vold    : Keymaster HAL #1: SoftwareKeymasterDevice from Google SecurityLevel: SOFTWARE HAL: android.hardware.keymaster@4.1::IKeymasterDevice/default
09-15 13:37:53.787   183   183 D vold    : Computing HMAC with params { (seed: , nonce: 8a243b5b3260949d5ebc675d4909f2334139c2e35c73c587df6b46a0dc18a9) }
09-15 13:37:53.787   183   183 D vold    : Computing HMAC for SoftwareKeymasterDevice from Google SecurityLevel: SOFTWARE HAL: android.hardware.keymaster@4.1::IKeymasterDevice/default
09-15 13:37:53.788   183   183 I vold    : Using SoftwareKeymasterDevice from Google for encryption.  Security level: SOFTWARE, HAL: android.hardware.keymaster@4.1::IKeymasterDevice/default
09-15 13:37:53.789   173   173 I hwservicemanager: getTransport: Cannot find entry android.hardware.boot@1.0::IBootControl/default in either framework or device manifest.
09-15 13:37:53.789   183   183 D vold    : Key exists, using: /metadata/vold/metadata_encryption/key
09-15 13:37:53.795   173   173 I hwservicemanager: getTransport: Cannot find entry android.hardware.keymaster@3.0::IKeymasterDevice/default in either framework or device manifest.
09-15 13:37:53.796   183   183 I vold    : List of Keymaster HALs found:
09-15 13:37:53.796   183   183 I vold    : Keymaster HAL #1: SoftwareKeymasterDevice from Google SecurityLevel: SOFTWARE HAL: android.hardware.keymaster@4.1::IKeymasterDevice/default
09-15 13:37:53.796   183   183 I vold    : Using SoftwareKeymasterDevice from Google for encryption.  Security level: SOFTWARE, HAL: android.hardware.keymaster@4.1::IKeymasterDevice/default
09-15 13:37:53.800   183   183 D vold    : Mounting metadata-encrypted filesystem:/data
09-15 13:37:53.803   173   173 I hwservicemanager: getTransport: Cannot find entry android.hardware.keymaster@3.0::IKeymasterDevice/default in either framework or device manifest.
09-15 13:37:53.803   183   183 I vold    : List of Keymaster HALs found:
09-15 13:37:53.804   183   183 I vold    : Keymaster HAL #1: SoftwareKeymasterDevice from Google SecurityLevel: SOFTWARE HAL: android.hardware.keymaster@4.1::IKeymasterDevice/default
09-15 13:37:53.805   183   183 I vold    : [libfs_mgr]superblock s_max_mnt_count:65535,/dev/block/dm-5
09-15 13:37:53.805   183   183 I vold    : [libfs_mgr]Filesystem on /dev/block/dm-5 was not cleanly shutdown; state flags: 0x1, incompat feature flags: 0x30046
09-15 13:37:53.827     0     0 I HidlServiceManagement: getService: Trying again for android.hardware.keymaster@4.0::IKeymasterDevice/default...
09-15 13:37:53.828     0     0 I init    : starting service 'vendor.keymaster-4-1'...
09-15 13:37:53.833     0     0 I init    : Control message: Processed ctl.interface_start for 'android.hardware.keymaster@4.0::IKeymasterDevice/default' from pid: 173 (/system/bin/hwservicemanager)
09-15 13:37:53.837     0     0 I init    : Control message: Processed ctl.interface_start for 'android.hardware.keymaster@4.0::IKeymasterDevice/default' from pid: 173 (/system/bin/hwservicemanager)
09-15 13:37:53.880     0     0 I wait_for_keymaster: List of Keymaster HALs found:
09-15 13:37:53.881     0     0 I wait_for_keymaster: Keymaster HAL #1: SoftwareKeymasterDevice from Google SecurityLevel: SOFTWARE HAL: android.hardware.keymaster@4.1::IKeymasterDevice/default
09-15 13:37:53.884     0     0 D wait_for_keymaster: Computing HMAC with params { (seed: , nonce: 8a243b5b3260949d5ebc675d4909f2334139c2e35c73c587df6b46a0dc18a9) }
09-15 13:37:53.884     0     0 D wait_for_keymaster: Computing HMAC for SoftwareKeymasterDevice from Google SecurityLevel: SOFTWARE HAL: android.hardware.keymaster@4.1::IKeymasterDevice/default
09-15 13:37:53.884     0     0 I wait_for_keymaster: Using SoftwareKeymasterDevice from Google for encryption.  Security level: SOFTWARE, HAL: android.hardware.keymaster@4.1::IKeymasterDevice/default
09-15 13:37:53.887     0     0 I wait_for_keymaster: Keymaster device ready
09-15 13:37:53.889     0     0 I init    : Service 'wait_for_keymaster' (pid 184) exited with status 0 waiting took 0.140000 seconds
09-15 13:37:53.891     0     0 I init    : Sending signal 9 to service 'wait_for_keymaster' (pid 184) process group...
09-15 13:37:53.892     0     0 I libprocessgroup: Successfully killed process cgroup uid 0 pid 184 in 0ms
09-15 13:37:53.896     0     0 I init    : [libfs_mgr]Invalid ext4 superblock on '/dev/block/vdc'
09-15 13:37:53.897     0     0 E init    : [libfs_mgr]mount_with_alternatives(): skipping mount due to invalid magic, mountpoint=/data blk_dev=/dev/block/vdc rec[4].fs_type=ext4
09-15 13:37:53.901     0     0 I init    : Calling: /system/bin/vdc cryptfs mountFstab /dev/block/vdc /data
09-15 13:37:53.910     0     0 D vdc     : Waited 0ms for vold
09-15 13:37:53.935     0     0 W EXT4-fs (dm-5): Ignoring removed nomblk_io_submit option
09-15 13:37:53.936     0     0 I EXT4-fs (dm-5): Using encoding defined by superblock: utf8-12.1.0 with flags 0x0
09-15 13:37:53.947   183   183 I vold    : [libfs_mgr]check_fs(): mount(/dev/block/dm-5,/data,ext4)=0: Success
09-15 13:37:53.961   183   183 I vold    : [libfs_mgr]check_fs(): unmount(/data) succeeded
09-15 13:37:53.961   183   183 I vold    : [libfs_mgr]Running /system/bin/e2fsck on /dev/block/dm-5
09-15 13:37:54.073     0     0 I EXT4-fs (dm-5): recovery complete
09-15 13:37:54.074     0     0 I EXT4-fs (dm-5): mounted filesystem with ordered data mode. Opts: errors=remount-ro,nomblk_io_submit
09-15 13:37:54.109     0     0 I e2fsck  : e2fsck 1.45.4 (23-Sep-2019)
09-15 13:37:54.128     0     0 I e2fsck  : Pass 1: Checking inodes, blocks, and sizes
09-15 13:37:54.383     0     0 I e2fsck  : Pass 2: Checking directory structure
09-15 13:37:54.463   183   183 I vold    : [libfs_mgr]superblock s_max_mnt_count:65535,/dev/block/dm-5
09-15 13:37:54.463   183   183 W vold    : [libfs_mgr]Reserved blocks 32768 is too large; capping to 31457
09-15 13:37:54.475   183   183 I vold    : [libfs_mgr]__mount(source=/dev/block/dm-5,target=/data,type=ext4)=0: Success
09-15 13:37:54.475   183   183 D vold    : Mounted /data
09-15 13:37:54.476   183   186 D vold    : Disk at 253:5 changed
09-15 13:37:54.532     0     0 I e2fsck  : Pass 3: Checking directory connectivity
09-15 13:37:54.543     0     0 I e2fsck  : Pass 4: Checking reference counts
09-15 13:37:54.550     0     0 I e2fsck  : Pass 5: Checking group summary information
09-15 13:37:54.572   206   206 I HidlServiceManagement: Registered android.system.suspend@1.0::ISystemSuspend/default (start delay of 27ms)
09-15 13:37:54.572   207   207 I HidlServiceManagement: Registered android.hardware.atrace@1.0::IAtraceDevice/default (start delay of 17ms)
09-15 13:37:54.572   206   206 I HidlServiceManagement: Removing namespace from process name android.system.suspend@1.0-service to suspend@1.0-service.
09-15 13:37:54.572   207   207 I HidlServiceManagement: Removing namespace from process name android.hardware.atrace@1.0-service to atrace@1.0-service.
09-15 13:37:54.577     1     1 W libc    : Unable to set property "ro.crypto.state" to "unsupported": error code: 0xb
09-15 13:37:54.587     0     0 I e2fsck  : /dev/block/dm-5: 4941/393216 files (3.5% non-contiguous), 139689/1572864 blocks
09-15 13:37:54.587   183   183 I Checkpoint: cp_prepareCheckpoint called
09-15 13:37:54.593     0     0 W EXT4-fs (dm-5): Ignoring removed nomblk_io_submit option
09-15 13:37:54.594     0     0 I EXT4-fs (dm-5): Using encoding defined by superblock: utf8-12.1.0 with flags 0x0
09-15 13:37:54.602     0     0 I EXT4-fs (dm-5): mounted filesystem with ordered data mode. Opts: nomblk_io_submit,errors=panic
09-15 13:37:54.603   183   183 I vold    : fscrypt_initialize_systemwide_keys
09-15 13:37:54.604   183   183 D vold    : Key exists, using: /data/unencrypted/key
09-15 13:37:54.612   173   173 I hwservicemanager: getTransport: Cannot find entry android.hardware.keymaster@3.0::IKeymasterDevice/default in either framework or device manifest.
09-15 13:37:54.612   183   183 I vold    : List of Keymaster HALs found:
09-15 13:37:54.612     0     0 I init    : Keyring created with id 712012615 in process 1
09-15 13:37:54.612   183   183 I vold    : Keymaster HAL #1: SoftwareKeymasterDevice from Google SecurityLevel: SOFTWARE HAL: android.hardware.keymaster@4.1::IKeymasterDevice/default
09-15 13:37:54.612   183   183 I vold    : Using SoftwareKeymasterDevice from Google for encryption.  Security level: SOFTWARE, HAL: android.hardware.keymaster@4.1::IKeymasterDevice/default
09-15 13:37:54.614     0     0 I init    : Command 'mount_all /vendor/etc/fstab.ranchu' action=fs (/vendor/etc/init/hw/init.ranchu.rc:6) took 719ms and succeeded
09-15 13:37:54.614   183   183 D vold    : Installed fscrypt key with ref be8a33852e8613c14e2ab07d227513ce to /data
09-15 13:37:54.614   183   183 D vold    : Added fscrypt-provisioning key for be8a33852e8613c14e2ab07d227513ce to session keyring
09-15 13:37:54.617     0     0 I init    : processing action (fs) from (/system/etc/init/logd.rc:28)
09-15 13:37:54.618     0     0 I init    : processing action (fs) from (/system/etc/init/wifi.rc:25)
09-15 13:37:54.620     0     0 I init    : processing action (post-fs) from (/system/etc/init/hw/init.rc:467)
09-15 13:37:54.621   183   183 I vold    : Wrote system DE key reference to:/data/unencrypted/ref
09-15 13:37:54.621   183   183 D vold    : Installed fscrypt key with ref 1b43818106f0156be9dc68bd0aaceda3 to /data
09-15 13:37:54.621   183   183 D vold    : Added fscrypt-provisioning key for 1b43818106f0156be9dc68bd0aaceda3 to session keyring
09-15 13:37:54.622     0     0 I init    : starting service 'exec 2 (/system/bin/vdc checkpoint markBootAttempt)'...
09-15 13:37:54.624   183   183 I vold    : Wrote per boot key reference to:/data/unencrypted/per_boot_ref
09-15 13:37:54.624     0     0 I init    : SVC_EXEC service 'exec 2 (/system/bin/vdc checkpoint markBootAttempt)' pid 204 (uid 1000 gid 1000+0 context default) started; waiting...
09-15 13:37:54.630     0     0 I init    : Service 'exec 2 (/system/bin/vdc checkpoint markBootAttempt)' (pid 204) exited with status 0 waiting took 0.005000 seconds
09-15 13:37:54.632     0     0 I init    : Sending signal 9 to service 'exec 2 (/system/bin/vdc checkpoint markBootAttempt)' (pid 204) process group...
09-15 13:37:54.635     0     0 I libprocessgroup: Successfully killed process cgroup uid 1000 pid 204 in 0ms
09-15 13:37:54.637     0     0 E selinux : SELinux:  Could not stat /sys/kernel/debug: No such file or directory.
09-15 13:37:54.639     0     0 E selinux :  
09-15 13:37:54.639     0     0 I init    : Command 'chown system cache /cache' action=post-fs (/system/etc/init/hw/init.rc:479) took 0ms and failed: lchown() failed: Read-only file system
09-15 13:37:54.642     0     0 I init    : Command 'chmod 0770 /cache' action=post-fs (/system/etc/init/hw/init.rc:480) took 0ms and failed: fchmodat() failed: Read-only file system
09-15 13:37:54.649     0     0 I init    : Command 'mkdir /cache/recovery 0770 system cache' action=post-fs (/system/etc/init/hw/init.rc:486) took 3ms and failed: mkdir() failed on /cache/recovery: Required key not available
09-15 13:37:54.652     0     0 I init    : Command 'mkdir /cache/backup_stage 0700 system system' action=post-fs (/system/etc/init/hw/init.rc:489) took 0ms and failed: mkdir() failed on /cache/backup_stage: Required key not available
09-15 13:37:54.656     0     0 I init    : Command 'mkdir /cache/backup 0700 system system' action=post-fs (/system/etc/init/hw/init.rc:490) took 0ms and failed: mkdir() failed on /cache/backup: Required key not available
09-15 13:37:54.660   219   219 W init    : type=1400 audit(0.0:4): avc: denied { execute_no_trans } for path="/vendor/bin/toybox_vendor" dev="dm-3" ino=227 scontext=u:r:init:s0 tcontext=u:object_r:vendor_toolbox_exec:s0 tclass=file permissive=0 b/132695863
09-15 13:37:54.660     0     0 I init    : Command 'mkdir /cache/lost+found 0770 root root' action=post-fs (/system/etc/init/hw/init.rc:511) took 0ms and failed: mkdir() failed on /cache/lost+found: Required key not available
09-15 13:37:54.665     0     0 I selinux : SELinux: Skipping restorecon on directory(/metadata)
09-15 13:37:54.666     0     0 I selinux :  
09-15 13:37:54.669     0     0 I selinux : SELinux: Skipping restorecon on directory(/metadata/apex)
09-15 13:37:54.670     0     0 I selinux :  
09-15 13:37:54.671     0     0 I init    : processing action (post-fs) from (/system/etc/init/atrace_userdebug.rc:7)
09-15 13:37:54.673     0     0 I init    : processing action (post-fs) from (/system/etc/init/gsid.rc:8)
09-15 13:37:54.675     0     0 I init    : processing action (post-fs) from (/system/etc/init/recovery-refresh.rc:1)
09-15 13:37:54.677     0     0 I init    : starting service 'exec 3 (/system/bin/recovery-refresh)'...
09-15 13:37:54.678     0     0 I init    : processing action (late-fs) from (/system/etc/init/hw/init.rc:531)
09-15 13:37:54.682     0     0 I init    : starting service 'system_suspend'...
09-15 13:37:54.686     0     0 I init    : starting service 'vendor.atrace-hal-1-0'...
09-15 13:37:54.691     0     0 I init    : Service 'exec 3 (/system/bin/recovery-refresh)' (pid 205) exited with status 254 oneshot service took 0.012000 seconds in background
09-15 13:37:54.694     0     0 I init    : Sending signal 9 to service 'exec 3 (/system/bin/recovery-refresh)' (pid 205) process group...
09-15 13:37:54.696     0     0 I libprocessgroup: Successfully killed process cgroup uid 1000 pid 205 in 0ms
09-15 13:37:54.699     0     0 I init    : processing action (late-fs) from (/vendor/etc/init/hw/init.ranchu.rc:8)
09-15 13:37:54.704     0     0 E init    : Unable to set property 'ro.crypto.state' from uid:0 gid:0 pid:1: Read-only property was already set
09-15 13:37:54.706     0     0 I init    : processing action (post-fs-data) from (/system/etc/init/hw/init.rc:540)
09-15 13:37:54.708     0     0 I init    : starting service 'exec 4 (/system/bin/vdc checkpoint prepareCheckpoint)'...
09-15 13:37:54.711     0     0 I init    : SVC_EXEC service 'exec 4 (/system/bin/vdc checkpoint prepareCheckpoint)' pid 210 (uid 1000 gid 1000+0 context default) started; waiting...
09-15 13:37:54.717     0     0 I init    : Service 'exec 4 (/system/bin/vdc checkpoint prepareCheckpoint)' (pid 210) exited with status 0 waiting took 0.006000 seconds
09-15 13:37:54.720     0     0 I init    : Sending signal 9 to service 'exec 4 (/system/bin/vdc checkpoint prepareCheckpoint)' (pid 210) process group...
09-15 13:37:54.722     0     0 I libprocessgroup: Successfully killed process cgroup uid 1000 pid 210 in 0ms
09-15 13:37:54.725     0     0 I init    : starting service 'exec 5 (/system/bin/vdc --wait cryptfs enablefilecrypto)'...
09-15 13:37:54.727     0     0 I init    : SVC_EXEC service 'exec 5 (/system/bin/vdc --wait cryptfs enablefilecrypto)' pid 211 (uid 0 gid 0+0 context default) started; waiting...
09-15 13:37:54.732     0     0 D vdc     : Waited 0ms for vold
09-15 13:37:54.742   183   186 D vold    : Disk at 7:48 changed
09-15 13:37:54.754     0     0 I init    : Service 'exec 5 (/system/bin/vdc --wait cryptfs enablefilecrypto)' (pid 211) exited with status 0 waiting took 0.026000 seconds
09-15 13:37:54.757     0     0 I init    : Sending signal 9 to service 'exec 5 (/system/bin/vdc --wait cryptfs enablefilecrypto)' (pid 211) process group...
09-15 13:37:54.759     0     0 I libprocessgroup: Successfully killed process cgroup uid 0 pid 211 in 0ms
09-15 13:37:54.765     0     0 I fscrypt : AES-256-CTS-CBC using implementation "cts(cbc-aes-aesni)"
09-15 13:37:54.766     0     0 I init    : Verified that /data/bootchart has the encryption policy be8a33852e8613c14e2ab07d227513ce v2 modes 1/4 flags 0x2
09-15 13:37:54.768   183   186 D vold    : Disk at 7:48 changed
09-15 13:37:54.769     0     0 I init    : Switched to default mount namespace
09-15 13:37:54.770     0     0 I init    : Not setting encryption policy on: /data/apex
09-15 13:37:54.776     0     0 I init    : Not setting encryption policy on: /data/app-staging
09-15 13:37:54.778     0     0 I init    : starting service 'apexd'...
09-15 13:37:54.786     0     0 E init    : Failed to set encryption policy of /data/misc to be8a33852e8613c14e2ab07d227513ce v2 modes 1/4 flags 0x2: Directory not empty
09-15 13:37:54.788   183   186 D vold    : Disk at 7:56 changed
09-15 13:37:54.791     0     0 I apexd   : Scanning /system/apex for preinstalled data
09-15 13:37:54.794     0     0 E logwrapper: executing ls failed: Permission denied
09-15 13:37:54.794     0     0 I ls      : executing ls failed: Permission denied
09-15 13:37:54.795     0     0 E logwrapper:  
09-15 13:37:54.797     0     0 I apexd   : Scanning /system_ext/apex for preinstalled data
09-15 13:37:54.797     0     0 I apexd   : ... does not exist. Skipping
09-15 13:37:54.797     0     0 I apexd   : Scanning /product/apex for preinstalled data
09-15 13:37:54.797     0     0 I apexd   : ... does not exist. Skipping
09-15 13:37:54.802     0     0 I ls      : ls terminated by exit(255)
09-15 13:37:54.802     0     0 I apexd   : Scanning /vendor/apex for preinstalled data
09-15 13:37:54.803     0     0 I ls      :  
09-15 13:37:54.804     0     0 I apexd   : ... does not exist. Skipping
09-15 13:37:54.805     0     0 E init    : ls -laZ /data/misc returned failure: 255
09-15 13:37:54.806     0     0 I apexd   : Populating APEX database from mounts...
09-15 13:37:54.807     0     0 E init    : Setting be8a33852e8613c14e2ab07d227513ce policy on /data/misc failed!
09-15 13:37:54.808     0     0 I apexd   : 0 packages restored.
09-15 13:37:54.808     0     0 E init    : Rebooting into recovery
09-15 13:37:54.809   183   186 D vold    : Disk at 7:56 changed
09-15 13:37:54.810     0     0 I apexd   : Marking APEXd as starting
09-15 13:37:54.811     0     0 I init    : Command 'mkdir /data/misc 01771 system misc encryption=Require' action=post-fs-data (/system/etc/init/hw/init.rc:576) took 26ms and failed: Failed to set bootloader message: failed to find /misc partition
09-15 13:37:54.814     0     0 I apexd   : Scanning /metadata/apex/sessions looking for sessions to be activated.
09-15 13:37:54.823     0     0 I apexd   : Scanning /data/apex/active looking for APEX packages.
09-15 13:37:54.823   183   186 D vold    : Disk at 7:64 changed
09-15 13:37:54.825     0     0 I apexd   : Activated 0 packages. Skipped: 0
09-15 13:37:54.826     0     0 I apexd   : Scanning /system/apex looking for APEX packages.
09-15 13:37:54.828   226   226 W init    : type=1400 audit(0.0:5): avc: denied { execute_no_trans } for path="/vendor/bin/toybox_vendor" dev="dm-3" ino=227 scontext=u:r:init:s0 tcontext=u:object_r:vendor_toolbox_exec:s0 tclass=file permissive=0 b/132695863
09-15 13:37:54.828     0     0 I apexd   : Found /system/apex/com.android.mediaprovider.apex
09-15 13:37:54.830     0     0 I apexd   : Found /system/apex/com.android.tethering.apex
09-15 13:37:54.832     0     0 I apexd   : Found /system/apex/com.android.wifi.apex
09-15 13:37:54.834     0     0 I apexd   : Found /system/apex/com.android.cellbroadcast.apex
09-15 13:37:54.835     0     0 I apexd   : Found /system/apex/com.android.neuralnetworks.apex
09-15 13:37:54.837     0     0 I apexd   : Found /system/apex/com.android.resolv.apex
09-15 13:37:54.839     0     0 I apexd   : Found /system/apex/com.android.media.swcodec.apex
09-15 13:37:54.841     0     0 I apexd   : Found /system/apex/com.android.conscrypt.apex
09-15 13:37:54.843     0     0 I apexd   : Found /system/apex/com.android.adbd.apex
09-15 13:37:54.844     0     0 I apexd   : Found /system/apex/com.android.art.debug.apex
09-15 13:37:54.846     0     0 I apexd   : Found /system/apex/com.android.permission.apex
09-15 13:37:54.846     0     0 I init    : Verified that /data/local has the encryption policy be8a33852e8613c14e2ab07d227513ce v2 modes 1/4 flags 0x2
09-15 13:37:54.847     0     0 I apexd   : Found /system/apex/com.android.runtime.apex
09-15 13:37:54.850   183   186 D vold    : Disk at 7:64 changed
09-15 13:37:54.851     0     0 I apexd   : Found /system/apex/com.android.sdkext.apex
09-15 13:37:54.852     0     0 I apexd   : Found /system/apex/com.android.tzdata.apex
09-15 13:37:54.854     0     0 I apexd   : Found /system/apex/com.android.media.apex
09-15 13:37:54.856     0     0 I apexd   : Found /system/apex/com.android.extservices.apex
09-15 13:37:54.857     0     0 I init    : Not setting encryption policy on: /data/preloads
09-15 13:37:54.858     0     0 I apexd   : Found /system/apex/com.android.vndk.current.apex
09-15 13:37:54.861     0     0 I apexd   : Found /system/apex/com.android.os.statsd.apex
09-15 13:37:54.862     0     0 I apexd   : Found /system/apex/com.android.apex.cts.shim.apex
09-15 13:37:54.864     0     0 I apexd   : Found /system/apex/com.android.i18n.apex
09-15 13:37:54.865     0     0 I init    : Verified that /data/vendor has the encryption policy be8a33852e8613c14e2ab07d227513ce v2 modes 1/4 flags 0x2
09-15 13:37:54.866   183   186 D vold    : Disk at 7:72 changed
09-15 13:37:54.866     0     0 I apexd   : Found /system/apex/com.android.ipsec.apex
09-15 13:37:54.868     0     0 I init    : Not setting encryption policy on: /data/vendor_ce
09-15 13:37:54.869     0     0 D apexd   : Creating mount point: /apex/com.android.mediaprovider@300000000
09-15 13:37:54.872     0     0 I init    : Not setting encryption policy on: /data/vendor_de
09-15 13:37:54.880   183   186 D vold    : Disk at 7:72 changed
09-15 13:37:54.880     0     0 I init    : Not setting encryption policy on: /data/data
09-15 13:37:54.886     0     0 I init    : Verified that /data/app-private has the encryption policy be8a33852e8613c14e2ab07d227513ce v2 modes 1/4 flags 0x2
09-15 13:37:54.890     0     0 I init    : Verified that /data/app-ephemeral has the encryption policy be8a33852e8613c14e2ab07d227513ce v2 modes 1/4 flags 0x2
09-15 13:37:54.894     0     0 I init    : Verified that /data/app-asec has the encryption policy be8a33852e8613c14e2ab07d227513ce v2 modes 1/4 flags 0x2
09-15 13:37:54.897     0     0 D apexd   : Loopback device created: /dev/block/loop6
09-15 13:37:54.898   183   186 D vold    : Disk at 7:80 changed
09-15 13:37:54.898     0     0 D apexd   : AVB footer verification successful.
09-15 13:37:54.900     0     0 D apexd   : /system/apex/com.android.mediaprovider.apex: public key matches.
09-15 13:37:54.900     0     0 I init    : Verified that /data/app-lib has the encryption policy be8a33852e8613c14e2ab07d227513ce v2 modes 1/4 flags 0x2
09-15 13:37:54.905     0     0 I init    : Verified that /data/app has the encryption policy be8a33852e8613c14e2ab07d227513ce v2 modes 1/4 flags 0x2
09-15 13:37:54.906     0     0 I EXT4-fs (loop6): mounted filesystem without journal. Opts: (null)
09-15 13:37:54.908     0     0 I init    : Verified that /data/property has the encryption policy be8a33852e8613c14e2ab07d227513ce v2 modes 1/4 flags 0x2
09-15 13:37:54.909     0     0 I apexd   : Successfully mounted package /system/apex/com.android.mediaprovider.apex on /apex/com.android.mediaprovider@300000000
09-15 13:37:54.914     0     0 I init    : Verified that /data/tombstones has the encryption policy be8a33852e8613c14e2ab07d227513ce v2 modes 1/4 flags 0x2
09-15 13:37:54.916     0     0 D apexd   : Creating bind-mount for /apex/com.android.mediaprovider for /apex/com.android.mediaprovider@300000000
09-15 13:37:54.916     0     0 D apexd   : Creating mountpoint /apex/com.android.mediaprovider
09-15 13:37:54.916     0     0 D apexd   : Bind-mounting /apex/com.android.mediaprovider@300000000 to /apex/com.android.mediaprovider
09-15 13:37:54.916     0     0 D apexd   : Successfully activated /system/apex/com.android.mediaprovider.apex package_name: com.android.mediaprovider version: 300000000
09-15 13:37:54.916     0     0 D apexd   : Creating mount point: /apex/com.android.tethering@300000000
09-15 13:37:54.919   183   186 D vold    : Disk at 7:80 changed
09-15 13:37:54.919     0     0 I init    : Verified that /data/dalvik-cache has the encryption policy be8a33852e8613c14e2ab07d227513ce v2 modes 1/4 flags 0x2
09-15 13:37:54.923     0     0 I init    : Verified that /data/ota has the encryption policy be8a33852e8613c14e2ab07d227513ce v2 modes 1/4 flags 0x2
09-15 13:37:54.926     0     0 I init    : Verified that /data/ota_package has the encryption policy be8a33852e8613c14e2ab07d227513ce v2 modes 1/4 flags 0x2
09-15 13:37:54.930     0     0 I init    : Verified that /data/resource-cache has the encryption policy be8a33852e8613c14e2ab07d227513ce v2 modes 1/4 flags 0x2
09-15 13:37:54.932   183   186 D vold    : Disk at 7:88 changed
09-15 13:37:54.933     0     0 I init    : Not setting encryption policy on: /data/lost+found
09-15 13:37:54.936     0     0 I init    : Verified that /data/drm has the encryption policy be8a33852e8613c14e2ab07d227513ce v2 modes 1/4 flags 0x2
09-15 13:37:54.936     0     0 D apexd   : Loopback device created: /dev/block/loop7
09-15 13:37:54.938     0     0 D apexd   : AVB footer verification successful.
09-15 13:37:54.939     0     0 D apexd   : /system/apex/com.android.tethering.apex: public key matches.
09-15 13:37:54.939     0     0 I init    : Verified that /data/mediadrm has the encryption policy be8a33852e8613c14e2ab07d227513ce v2 modes 1/4 flags 0x2
09-15 13:37:54.942     0     0 I EXT4-fs (loop7): mounted filesystem without journal. Opts: (null)
09-15 13:37:54.944     0     0 I init    : Verified that /data/anr has the encryption policy be8a33852e8613c14e2ab07d227513ce v2 modes 1/4 flags 0x2
09-15 13:37:54.944     0     0 I apexd   : Successfully mounted package /system/apex/com.android.tethering.apex on /apex/com.android.tethering@300000000
09-15 13:37:54.947     0     0 I init    : Verified that /data/nfc has the encryption policy be8a33852e8613c14e2ab07d227513ce v2 modes 1/4 flags 0x2
09-15 13:37:54.948   183   186 D vold    : Disk at 7:88 changed
09-15 13:37:54.951     0     0 D apexd   : Creating bind-mount for /apex/com.android.tethering for /apex/com.android.tethering@300000000
09-15 13:37:54.951     0     0 D apexd   : Creating mountpoint /apex/com.android.tethering
09-15 13:37:54.951     0     0 D apexd   : Bind-mounting /apex/com.android.tethering@300000000 to /apex/com.android.tethering
09-15 13:37:54.951     0     0 D apexd   : Successfully activated /system/apex/com.android.tethering.apex package_name: com.android.tethering version: 300000000
09-15 13:37:54.951     0     0 D apexd   : Creating mount point: /apex/com.android.wifi@300000000
09-15 13:37:54.953     0     0 I init    : Verified that /data/backup has the encryption policy be8a33852e8613c14e2ab07d227513ce v2 modes 1/4 flags 0x2
09-15 13:37:54.956     0     0 I init    : Verified that /data/ss has the encryption policy be8a33852e8613c14e2ab07d227513ce v2 modes 1/4 flags 0x2
09-15 13:37:54.959     0     0 E init    : Failed to set encryption policy of /data/system to be8a33852e8613c14e2ab07d227513ce v2 modes 1/4 flags 0x2: Directory not empty
09-15 13:37:54.961   183   186 D vold    : Disk at 7:96 changed
09-15 13:37:54.962     0     0 E logwrapper: executing ls failed: Permission denied
09-15 13:37:54.962     0     0 I ls      : executing ls failed: Permission denied
09-15 13:37:54.963     0     0 E logwrapper:  
09-15 13:37:54.964     0     0 I ls      : ls terminated by exit(255)
09-15 13:37:54.970     0     0 I ls      :  
09-15 13:37:54.970     0     0 E init    : ls -laZ /data/system returned failure: 255
09-15 13:37:54.971     0     0 E init    : Setting be8a33852e8613c14e2ab07d227513ce policy on /data/system failed!
09-15 13:37:54.973     0     0 E init    : Rebooting into recovery
09-15 13:37:54.975     0     0 I init    : Command 'mkdir /data/system 0775 system system encryption=Require' action=post-fs-data (/system/etc/init/hw/init.rc:703) took 16ms and failed: Failed to set bootloader message: failed to find /misc partition
09-15 13:37:54.975   183   186 D vold    : Disk at 7:96 changed
09-15 13:37:54.977     0     0 D apexd   : Loopback device created: /dev/block/loop8
09-15 13:37:54.978     0     0 D apexd   : AVB footer verification successful.
09-15 13:37:54.979     0     0 I init    : Not setting encryption policy on: /data/system_de
09-15 13:37:54.980     0     0 D apexd   : /system/apex/com.android.wifi.apex: public key matches.
09-15 13:37:54.981     0     0 I init    : Not setting encryption policy on: /data/system_ce
09-15 13:37:54.983     0     0 I init    : Not setting encryption policy on: /data/misc_de
09-15 13:37:54.985     0     0 I EXT4-fs (loop8): mounted filesystem without journal. Opts: (null)
09-15 13:37:54.986     0     0 I init    : Not setting encryption policy on: /data/misc_ce
09-15 13:37:54.986     0     0 I apexd   : Successfully mounted package /system/apex/com.android.wifi.apex on /apex/com.android.wifi@300000000
09-15 13:37:54.989     0     0 I init    : Not setting encryption policy on: /data/user
09-15 13:37:54.989   183   186 D vold    : Disk at 7:104 changed
09-15 13:37:54.992     0     0 I init    : Not setting encryption policy on: /data/user_de
09-15 13:37:54.994     0     0 D apexd   : Creating bind-mount for /apex/com.android.wifi for /apex/com.android.wifi@300000000
09-15 13:37:54.994     0     0 D apexd   : Creating mountpoint /apex/com.android.wifi
09-15 13:37:54.994     0     0 D apexd   : Bind-mounting /apex/com.android.wifi@300000000 to /apex/com.android.wifi
09-15 13:37:54.994     0     0 D apexd   : Successfully activated /system/apex/com.android.wifi.apex package_name: com.android.wifi version: 300000000
09-15 13:37:54.994     0     0 D apexd   : Creating mount point: /apex/com.android.cellbroadcast@300000000
09-15 13:37:54.997     0     0 I init    : Command 'rm /data/user/0' action=post-fs-data (/system/etc/init/hw/init.rc:718) took 1ms and failed: unlink() failed: Is a directory
09-15 13:37:55.005     0     0 I init    : Verified that /data/cache has the encryption policy be8a33852e8613c14e2ab07d227513ce v2 modes 1/4 flags 0x2
09-15 13:37:55.009     0     0 D apexd   : Loopback device created: /dev/block/loop9
09-15 13:37:55.009     0     0 D apexd   : AVB footer verification successful.
09-15 13:37:55.010     0     0 D apexd   : /system/apex/com.android.cellbroadcast.apex: public key matches.
09-15 13:37:55.011   183   186 D vold    : Disk at 7:104 changed
09-15 13:37:55.013     0     0 I init    : Verified that /data/rollback has the encryption policy be8a33852e8613c14e2ab07d227513ce v2 modes 1/4 flags 0x2
09-15 13:37:55.016     0     0 I EXT4-fs (loop9): mounted filesystem without journal. Opts: (null)
09-15 13:37:55.017     0     0 I init    : Verified that /data/rollback-observer has the encryption policy be8a33852e8613c14e2ab07d227513ce v2 modes 1/4 flags 0x2
09-15 13:37:55.018     0     0 I apexd   : Successfully mounted package /system/apex/com.android.cellbroadcast.apex on /apex/com.android.cellbroadcast@300000000
09-15 13:37:55.021     0     0 I init    : Verified that /data/incremental has the encryption policy be8a33852e8613c14e2ab07d227513ce v2 modes 1/4 flags 0x2
09-15 13:37:55.025   183   186 D vold    : Disk at 7:112 changed
09-15 13:37:55.026     0     0 D apexd   : Creating bind-mount for /apex/com.android.cellbroadcast for /apex/com.android.cellbroadcast@300000000
09-15 13:37:55.026     0     0 D apexd   : Creating mountpoint /apex/com.android.cellbroadcast
09-15 13:37:55.026     0     0 D apexd   : Bind-mounting /apex/com.android.cellbroadcast@300000000 to /apex/com.android.cellbroadcast
09-15 13:37:55.026     0     0 D apexd   : Successfully activated /system/apex/com.android.cellbroadcast.apex package_name: com.android.cellbroadcast version: 300000000
09-15 13:37:55.026     0     0 D apexd   : Creating mount point: /apex/com.android.neuralnetworks@300000000
09-15 13:37:55.044   183   186 D vold    : Disk at 7:112 changed
09-15 13:37:55.048     0     0 D apexd   : Loopback device created: /dev/block/loop10
09-15 13:37:55.050     0     0 D apexd   : AVB footer verification successful.
09-15 13:37:55.051     0     0 D apexd   : /system/apex/com.android.neuralnetworks.apex: public key matches.
09-15 13:37:55.055     0     0 I EXT4-fs (loop10): mounted filesystem without journal. Opts: (null)
09-15 13:37:55.056     0     0 I apexd   : Successfully mounted package /system/apex/com.android.neuralnetworks.apex on /apex/com.android.neuralnetworks@300000000
09-15 13:37:55.057   183   186 D vold    : Disk at 7:120 changed
09-15 13:37:55.060     0     0 D apexd   : Creating bind-mount for /apex/com.android.neuralnetworks for /apex/com.android.neuralnetworks@300000000
09-15 13:37:55.060     0     0 D apexd   : Creating mountpoint /apex/com.android.neuralnetworks
09-15 13:37:55.060     0     0 D apexd   : Bind-mounting /apex/com.android.neuralnetworks@300000000 to /apex/com.android.neuralnetworks
09-15 13:37:55.060     0     0 D apexd   : Successfully activated /system/apex/com.android.neuralnetworks.apex package_name: com.android.neuralnetworks version: 300000000
09-15 13:37:55.060     0     0 D apexd   : Creating mount point: /apex/com.android.resolv@300000000
09-15 13:37:55.076   183   186 D vold    : Disk at 7:120 changed
09-15 13:37:55.077     0     0 D apexd   : Loopback device created: /dev/block/loop11
09-15 13:37:55.078     0     0 D apexd   : AVB footer verification successful.
09-15 13:37:55.080     0     0 D apexd   : /system/apex/com.android.resolv.apex: public key matches.
09-15 13:37:55.084     0     0 I EXT4-fs (loop11): mounted filesystem without journal. Opts: (null)
09-15 13:37:55.085     0     0 I apexd   : Successfully mounted package /system/apex/com.android.resolv.apex on /apex/com.android.resolv@300000000
09-15 13:37:55.086   183   186 D vold    : Disk at 7:128 changed
09-15 13:37:55.089     0     0 D apexd   : Creating bind-mount for /apex/com.android.resolv for /apex/com.android.resolv@300000000
09-15 13:37:55.089     0     0 D apexd   : Creating mountpoint /apex/com.android.resolv
09-15 13:37:55.089     0     0 D apexd   : Bind-mounting /apex/com.android.resolv@300000000 to /apex/com.android.resolv
09-15 13:37:55.089     0     0 D apexd   : Successfully activated /system/apex/com.android.resolv.apex package_name: com.android.resolv version: 300000000
09-15 13:37:55.089     0     0 D apexd   : Creating mount point: /apex/com.android.media.swcodec@300000000
09-15 13:37:55.104     0     0 D apexd   : Loopback device created: /dev/block/loop12
09-15 13:37:55.105     0     0 D apexd   : AVB footer verification successful.
09-15 13:37:55.107     0     0 D apexd   : /system/apex/com.android.media.swcodec.apex: public key matches.
09-15 13:37:55.107   183   186 D vold    : Disk at 7:128 changed
09-15 13:37:55.111     0     0 I EXT4-fs (loop12): mounted filesystem without journal. Opts: (null)
09-15 13:37:55.113     0     0 I apexd   : Successfully mounted package /system/apex/com.android.media.swcodec.apex on /apex/com.android.media.swcodec@300000000
09-15 13:37:55.118     0     0 D apexd   : Creating bind-mount for /apex/com.android.media.swcodec for /apex/com.android.media.swcodec@300000000
09-15 13:37:55.118     0     0 D apexd   : Creating mountpoint /apex/com.android.media.swcodec
09-15 13:37:55.118     0     0 D apexd   : Bind-mounting /apex/com.android.media.swcodec@300000000 to /apex/com.android.media.swcodec
09-15 13:37:55.118     0     0 D apexd   : Successfully activated /system/apex/com.android.media.swcodec.apex package_name: com.android.media.swcodec version: 300000000
09-15 13:37:55.118     0     0 D apexd   : Creating mount point: /apex/com.android.conscrypt@300000000
09-15 13:37:55.122   183   186 D vold    : Disk at 7:136 changed
09-15 13:37:55.141     0     0 D apexd   : Loopback device created: /dev/block/loop13
09-15 13:37:55.141     0     0 D apexd   : AVB footer verification successful.
09-15 13:37:55.143     0     0 D apexd   : /system/apex/com.android.conscrypt.apex: public key matches.
09-15 13:37:55.144   183   186 D vold    : Disk at 7:136 changed
09-15 13:37:55.147     0     0 I EXT4-fs (loop13): mounted filesystem without journal. Opts: (null)
09-15 13:37:55.149     0     0 I apexd   : Successfully mounted package /system/apex/com.android.conscrypt.apex on /apex/com.android.conscrypt@300000000
09-15 13:37:55.153     0     0 D apexd   : Creating bind-mount for /apex/com.android.conscrypt for /apex/com.android.conscrypt@300000000
09-15 13:37:55.153     0     0 D apexd   : Creating mountpoint /apex/com.android.conscrypt
09-15 13:37:55.153     0     0 D apexd   : Bind-mounting /apex/com.android.conscrypt@300000000 to /apex/com.android.conscrypt
09-15 13:37:55.153     0     0 D apexd   : Successfully activated /system/apex/com.android.conscrypt.apex package_name: com.android.conscrypt version: 300000000
09-15 13:37:55.153     0     0 D apexd   : Creating mount point: /apex/com.android.adbd@300000000
09-15 13:37:55.155   183   186 D vold    : Disk at 7:144 changed
09-15 13:37:55.173     0     0 D apexd   : Loopback device created: /dev/block/loop14
09-15 13:37:55.175     0     0 D apexd   : AVB footer verification successful.
09-15 13:37:55.177     0     0 D apexd   : /system/apex/com.android.adbd.apex: public key matches.
09-15 13:37:55.180     0     0 I EXT4-fs (loop14): mounted filesystem without journal. Opts: (null)
09-15 13:37:55.182     0     0 I apexd   : Successfully mounted package /system/apex/com.android.adbd.apex on /apex/com.android.adbd@300000000
09-15 13:37:55.184   183   186 D vold    : Disk at 7:144 changed
09-15 13:37:55.185     0     0 D apexd   : Creating bind-mount for /apex/com.android.adbd for /apex/com.android.adbd@300000000
09-15 13:37:55.185     0     0 D apexd   : Creating mountpoint /apex/com.android.adbd
09-15 13:37:55.185     0     0 D apexd   : Bind-mounting /apex/com.android.adbd@300000000 to /apex/com.android.adbd
09-15 13:37:55.185     0     0 D apexd   : Successfully activated /system/apex/com.android.adbd.apex package_name: com.android.adbd version: 300000000
09-15 13:37:55.185     0     0 D apexd   : Creating mount point: /apex/com.android.art@1
09-15 13:37:55.194   183   186 D vold    : Disk at 7:152 changed
09-15 13:37:55.205     0     0 D apexd   : Loopback device created: /dev/block/loop15
09-15 13:37:55.205     0     0 D apexd   : AVB footer verification successful.
09-15 13:37:55.206     0     0 D apexd   : /system/apex/com.android.art.debug.apex: public key matches.
09-15 13:37:55.209     0     0 I EXT4-fs (loop15): mounted filesystem without journal. Opts: (null)
09-15 13:37:55.211     0     0 I apexd   : Successfully mounted package /system/apex/com.android.art.debug.apex on /apex/com.android.art@1
09-15 13:37:55.212   183   186 D vold    : Disk at 7:152 changed
09-15 13:37:55.215     0     0 D apexd   : Creating bind-mount for /apex/com.android.art for /apex/com.android.art@1
09-15 13:37:55.215     0     0 D apexd   : Bind-mounting /apex/com.android.art@1 to /apex/com.android.art
09-15 13:37:55.215     0     0 D apexd   : Successfully activated /system/apex/com.android.art.debug.apex package_name: com.android.art version: 1
09-15 13:37:55.215     0     0 D apexd   : Creating mount point: /apex/com.android.permission@300000000
09-15 13:37:55.223   183   186 D vold    : Disk at 7:160 changed
09-15 13:37:55.237     0     0 D apexd   : Loopback device created: /dev/block/loop16
09-15 13:37:55.238     0     0 D apexd   : AVB footer verification successful.
09-15 13:37:55.240     0     0 D apexd   : /system/apex/com.android.permission.apex: public key matches.
09-15 13:37:55.244     0     0 I EXT4-fs (loop16): mounted filesystem without journal. Opts: (null)
09-15 13:37:55.246     0     0 I apexd   : Successfully mounted package /system/apex/com.android.permission.apex on /apex/com.android.permission@300000000
09-15 13:37:55.251     0     0 D apexd   : Creating bind-mount for /apex/com.android.permission for /apex/com.android.permission@300000000
09-15 13:37:55.251     0     0 D apexd   : Creating mountpoint /apex/com.android.permission
09-15 13:37:55.251     0     0 D apexd   : Bind-mounting /apex/com.android.permission@300000000 to /apex/com.android.permission
09-15 13:37:55.251     0     0 D apexd   : Successfully activated /system/apex/com.android.permission.apex package_name: com.android.permission version: 300000000
09-15 13:37:55.251     0     0 D apexd   : Creating mount point: /apex/com.android.runtime@1
09-15 13:37:55.257   183   186 D vold    : Disk at 7:160 changed
09-15 13:37:55.269   183   186 D vold    : Disk at 7:168 changed
09-15 13:37:55.274     0     0 D apexd   : Loopback device created: /dev/block/loop17
09-15 13:37:55.274     0     0 D apexd   : AVB footer verification successful.
09-15 13:37:55.274     0     0 D apexd   : /system/apex/com.android.runtime.apex: public key matches.
09-15 13:37:55.278     0     0 I EXT4-fs (loop17): mounted filesystem without journal. Opts: (null)
09-15 13:37:55.280     0     0 I apexd   : Successfully mounted package /system/apex/com.android.runtime.apex on /apex/com.android.runtime@1
09-15 13:37:55.284     0     0 D apexd   : Creating bind-mount for /apex/com.android.runtime for /apex/com.android.runtime@1
09-15 13:37:55.284     0     0 D apexd   : Bind-mounting /apex/com.android.runtime@1 to /apex/com.android.runtime
09-15 13:37:55.284     0     0 D apexd   : Successfully activated /system/apex/com.android.runtime.apex package_name: com.android.runtime version: 1
09-15 13:37:55.284     0     0 D apexd   : Creating mount point: /apex/com.android.sdkext@300000000
09-15 13:37:55.291   183   186 D vold    : Disk at 7:168 changed
09-15 13:37:55.302   183   186 D vold    : Disk at 7:176 changed
09-15 13:37:55.313     0     0 D apexd   : Loopback device created: /dev/block/loop18
09-15 13:37:55.313     0     0 D apexd   : AVB footer verification successful.
09-15 13:37:55.314     0     0 D apexd   : /system/apex/com.android.sdkext.apex: public key matches.
09-15 13:37:55.318     0     0 I EXT4-fs (loop18): mounted filesystem without journal. Opts: (null)
09-15 13:37:55.319     0     0 I apexd   : Successfully mounted package /system/apex/com.android.sdkext.apex on /apex/com.android.sdkext@300000000
09-15 13:37:55.323     0     0 D apexd   : Creating bind-mount for /apex/com.android.sdkext for /apex/com.android.sdkext@300000000
09-15 13:37:55.323     0     0 D apexd   : Creating mountpoint /apex/com.android.sdkext
09-15 13:37:55.323     0     0 D apexd   : Bind-mounting /apex/com.android.sdkext@300000000 to /apex/com.android.sdkext
09-15 13:37:55.323     0     0 D apexd   : Successfully activated /system/apex/com.android.sdkext.apex package_name: com.android.sdkext version: 300000000
09-15 13:37:55.323     0     0 D apexd   : Creating mount point: /apex/com.android.tzdata@300000000
09-15 13:37:55.324   183   186 D vold    : Disk at 7:176 changed
09-15 13:37:55.335   183   186 D vold    : Disk at 7:184 changed
09-15 13:37:55.341     0     0 D apexd   : Loopback device created: /dev/block/loop19
09-15 13:37:55.341     0     0 D apexd   : AVB footer verification successful.
09-15 13:37:55.342     0     0 D apexd   : /system/apex/com.android.tzdata.apex: public key matches.
09-15 13:37:55.346     0     0 I EXT4-fs (loop19): mounted filesystem without journal. Opts: (null)
