09-15 13:37:55.347     0     0 I apexd   : Successfully mounted package /system/apex/com.android.tzdata.apex on /apex/com.android.tzdata@300000000
09-15 13:37:55.351     0     0 D apexd   : Creating bind-mount for /apex/com.android.tzdata for /apex/com.android.tzdata@300000000
09-15 13:37:55.351     0     0 D apexd   : Bind-mounting /apex/com.android.tzdata@300000000 to /apex/com.android.tzdata
09-15 13:37:55.351     0     0 D apexd   : Successfully activated /system/apex/com.android.tzdata.apex package_name: com.android.tzdata version: 300000000
09-15 13:37:55.351     0     0 D apexd   : Creating mount point: /apex/com.android.media@300000000
09-15 13:37:55.355   183   186 D vold    : Disk at 7:184 changed
09-15 13:37:55.365   183   186 D vold    : Disk at 7:192 changed
09-15 13:37:55.379   183   186 D vold    : Disk at 7:192 changed
09-15 13:37:55.386     0     0 D apexd   : Loopback device created: /dev/block/loop20
09-15 13:37:55.386     0     0 D apexd   : AVB footer verification successful.
09-15 13:37:55.388     0     0 D apexd   : /system/apex/com.android.media.apex: public key matches.
09-15 13:37:55.392     0     0 I EXT4-fs (loop20): mounted filesystem without journal. Opts: (null)
09-15 13:37:55.393     0     0 I apexd   : Successfully mounted package /system/apex/com.android.media.apex on /apex/com.android.media@300000000
09-15 13:37:55.394   183   186 D vold    : Disk at 7:200 changed
09-15 13:37:55.398     0     0 D apexd   : Creating bind-mount for /apex/com.android.media for /apex/com.android.media@300000000
09-15 13:37:55.398     0     0 D apexd   : Creating mountpoint /apex/com.android.media
09-15 13:37:55.398     0     0 D apexd   : Bind-mounting /apex/com.android.media@300000000 to /apex/com.android.media
09-15 13:37:55.398     0     0 D apexd   : Successfully activated /system/apex/com.android.media.apex package_name: com.android.media version: 300000000
09-15 13:37:55.398     0     0 D apexd   : Creating mount point: /apex/com.android.extservices@300000000
09-15 13:37:55.411   183   186 D vold    : Disk at 7:200 changed
09-15 13:37:55.421     0     0 D apexd   : Loopback device created: /dev/block/loop21
09-15 13:37:55.421     0     0 D apexd   : AVB footer verification successful.
09-15 13:37:55.422   183   186 D vold    : Disk at 7:208 changed
09-15 13:37:55.422     0     0 D apexd   : /system/apex/com.android.extservices.apex: public key matches.
09-15 13:37:55.425     0     0 I EXT4-fs (loop21): mounted filesystem without journal. Opts: (null)
09-15 13:37:55.427     0     0 I apexd   : Successfully mounted package /system/apex/com.android.extservices.apex on /apex/com.android.extservices@300000000
09-15 13:37:55.431     0     0 D apexd   : Creating bind-mount for /apex/com.android.extservices for /apex/com.android.extservices@300000000
09-15 13:37:55.431     0     0 D apexd   : Creating mountpoint /apex/com.android.extservices
09-15 13:37:55.431     0     0 D apexd   : Bind-mounting /apex/com.android.extservices@300000000 to /apex/com.android.extservices
09-15 13:37:55.431     0     0 D apexd   : Successfully activated /system/apex/com.android.extservices.apex package_name: com.android.extservices version: 300000000
09-15 13:37:55.431     0     0 D apexd   : Creating mount point: /apex/com.android.vndk.v30@1
09-15 13:37:55.444   183   186 D vold    : Disk at 7:208 changed
09-15 13:37:55.453     0     0 D apexd   : Loopback device created: /dev/block/loop22
09-15 13:37:55.453     0     0 D apexd   : AVB footer verification successful.
09-15 13:37:55.454     0     0 D apexd   : /system/apex/com.android.vndk.current.apex: public key matches.
09-15 13:37:55.458     0     0 I EXT4-fs (loop22): mounted filesystem without journal. Opts: (null)
09-15 13:37:55.460     0     0 I apexd   : Successfully mounted package /system/apex/com.android.vndk.current.apex on /apex/com.android.vndk.v30@1
09-15 13:37:55.464     0     0 D apexd   : Creating bind-mount for /apex/com.android.vndk.v30 for /apex/com.android.vndk.v30@1
09-15 13:37:55.464     0     0 D apexd   : Bind-mounting /apex/com.android.vndk.v30@1 to /apex/com.android.vndk.v30
09-15 13:37:55.464     0     0 D apexd   : Successfully activated /system/apex/com.android.vndk.current.apex package_name: com.android.vndk.v30 version: 1
09-15 13:37:55.464     0     0 D apexd   : Creating mount point: /apex/com.android.os.statsd@300000000
09-15 13:37:55.484     0     0 D apexd   : Loopback device created: /dev/block/loop23
09-15 13:37:55.484     0     0 D apexd   : AVB footer verification successful.
09-15 13:37:55.485     0     0 D apexd   : /system/apex/com.android.os.statsd.apex: public key matches.
09-15 13:37:55.489     0     0 I EXT4-fs (loop23): mounted filesystem without journal. Opts: (null)
09-15 13:37:55.490     0     0 I apexd   : Successfully mounted package /system/apex/com.android.os.statsd.apex on /apex/com.android.os.statsd@300000000
09-15 13:37:55.494     0     0 D apexd   : Creating bind-mount for /apex/com.android.os.statsd for /apex/com.android.os.statsd@300000000
09-15 13:37:55.494     0     0 D apexd   : Bind-mounting /apex/com.android.os.statsd@300000000 to /apex/com.android.os.statsd
09-15 13:37:55.494     0     0 D apexd   : Successfully activated /system/apex/com.android.os.statsd.apex package_name: com.android.os.statsd version: 300000000
09-15 13:37:55.494     0     0 D apexd   : Creating mount point: /apex/com.android.apex.cts.shim@1
09-15 13:37:55.508     0     0 D apexd   : Loopback device created: /dev/block/loop24
09-15 13:37:55.508     0     0 D apexd   : AVB footer verification successful.
09-15 13:37:55.509     0     0 D apexd   : /system/apex/com.android.apex.cts.shim.apex: public key matches.
09-15 13:37:55.512     0     0 I EXT4-fs (loop24): mounted filesystem without journal. Opts: (null)
09-15 13:37:55.514     0     0 I apexd   : Successfully mounted package /system/apex/com.android.apex.cts.shim.apex on /apex/com.android.apex.cts.shim@1
09-15 13:37:55.517     0     0 D apexd   : Validating shim apex /apex/com.android.apex.cts.shim@1
09-15 13:37:55.523     0     0 D apexd   : Creating bind-mount for /apex/com.android.apex.cts.shim for /apex/com.android.apex.cts.shim@1
09-15 13:37:55.523     0     0 D apexd   : Creating mountpoint /apex/com.android.apex.cts.shim
09-15 13:37:55.523     0     0 D apexd   : Bind-mounting /apex/com.android.apex.cts.shim@1 to /apex/com.android.apex.cts.shim
09-15 13:37:55.523     0     0 D apexd   : Successfully activated /system/apex/com.android.apex.cts.shim.apex package_name: com.android.apex.cts.shim version: 1
09-15 13:37:55.523     0     0 D apexd   : Creating mount point: /apex/com.android.i18n@1
09-15 13:37:55.540     0     0 D apexd   : Loopback device created: /dev/block/loop25
09-15 13:37:55.540     0     0 D apexd   : AVB footer verification successful.
09-15 13:37:55.541     0     0 D apexd   : /system/apex/com.android.i18n.apex: public key matches.
09-15 13:37:55.545     0     0 I EXT4-fs (loop25): mounted filesystem without journal. Opts: (null)
09-15 13:37:55.546     0     0 I apexd   : Successfully mounted package /system/apex/com.android.i18n.apex on /apex/com.android.i18n@1
09-15 13:37:55.550     0     0 D apexd   : Creating bind-mount for /apex/com.android.i18n for /apex/com.android.i18n@1
09-15 13:37:55.550     0     0 D apexd   : Bind-mounting /apex/com.android.i18n@1 to /apex/com.android.i18n
09-15 13:37:55.550     0     0 D apexd   : Successfully activated /system/apex/com.android.i18n.apex package_name: com.android.i18n version: 1
09-15 13:37:55.550     0     0 D apexd   : Creating mount point: /apex/com.android.ipsec@300000000
09-15 13:37:55.573     0     0 D apexd   : Loopback device created: /dev/block/loop26
09-15 13:37:55.573     0     0 D apexd   : AVB footer verification successful.
09-15 13:37:55.574     0     0 D apexd   : /system/apex/com.android.ipsec.apex: public key matches.
09-15 13:37:55.578     0     0 I EXT4-fs (loop26): mounted filesystem without journal. Opts: (null)
09-15 13:37:55.580     0     0 I apexd   : Successfully mounted package /system/apex/com.android.ipsec.apex on /apex/com.android.ipsec@300000000
09-15 13:37:55.584     0     0 D apexd   : Creating bind-mount for /apex/com.android.ipsec for /apex/com.android.ipsec@300000000
09-15 13:37:55.584     0     0 D apexd   : Creating mountpoint /apex/com.android.ipsec
09-15 13:37:55.584     0     0 D apexd   : Bind-mounting /apex/com.android.ipsec@300000000 to /apex/com.android.ipsec
09-15 13:37:55.584     0     0 D apexd   : Successfully activated /system/apex/com.android.ipsec.apex package_name: com.android.ipsec version: 300000000
09-15 13:37:55.584     0     0 I apexd   : Activated 21 packages. Skipped: 0
09-15 13:37:55.585     0     0 I apexd   : Scanning /system_ext/apex looking for APEX packages.
09-15 13:37:55.586   268   268 I derive_sdk: Read version 0 from /apex/com.android.sdkext/etc/sdkinfo.binarypb
09-15 13:37:55.587     0     0 I apexd   : ... does not exist. Skipping
09-15 13:37:55.587   268   268 I derive_sdk: R extension version is 0
09-15 13:37:55.590     0     0 I apexd   : Activated 0 packages. Skipped: 0
09-15 13:37:55.590     0     0 I apexd   : Scanning /product/apex looking for APEX packages.
09-15 13:37:55.592     0     0 I apexd   : ... does not exist. Skipping
09-15 13:37:55.595     0     0 I apexd   : Activated 0 packages. Skipped: 0
09-15 13:37:55.596     0     0 I apexd   : Scanning /vendor/apex looking for APEX packages.
09-15 13:37:55.597     0     0 I apexd   : ... does not exist. Skipping
09-15 13:37:55.600     0     0 I apexd   : Activated 0 packages. Skipped: 0
09-15 13:37:55.602     0     0 I AidlLazyServiceRegistrar: Registering service apexservice
09-15 13:37:55.602   183   183 D vold    : fscrypt_init_user0
09-15 13:37:55.602   183   183 D vold    : Preparing: /data/misc/vold/user_keys
09-15 13:37:55.603   183   183 D vold    : Preparing: /data/misc/vold/user_keys/ce
09-15 13:37:55.604     0     0 I apexd   : Marking APEXd as activated
09-15 13:37:55.604   183   183 D vold    : Preparing: /data/misc/vold/user_keys/de
09-15 13:37:55.605   183   183 D vold    : Skipping non-de-key .
09-15 13:37:55.605   183   183 D vold    : Skipping non-de-key ..
09-15 13:37:55.605     0     0 I init    : Wait for property 'apexd.status=activated' took 579ms
09-15 13:37:55.612   173   173 I hwservicemanager: getTransport: Cannot find entry android.hardware.keymaster@3.0::IKeymasterDevice/default in either framework or device manifest.
09-15 13:37:55.612   183   183 I vold    : List of Keymaster HALs found:
09-15 13:37:55.612   183   183 I vold    : Keymaster HAL #1: SoftwareKeymasterDevice from Google SecurityLevel: SOFTWARE HAL: android.hardware.keymaster@4.1::IKeymasterDevice/default
09-15 13:37:55.612   183   183 I vold    : Using SoftwareKeymasterDevice from Google for encryption.  Security level: SOFTWARE, HAL: android.hardware.keymaster@4.1::IKeymasterDevice/default
09-15 13:37:55.613   183   183 D vold    : Installed fscrypt key with ref ef13566a3252c57ece86b3ca7fa98a6d to /data
09-15 13:37:55.613   183   183 D vold    : Added fscrypt-provisioning key for ef13566a3252c57ece86b3ca7fa98a6d to session keyring
09-15 13:37:55.613   183   183 D vold    : Installed de key for user 0
09-15 13:37:55.613   183   183 D vold    : fscrypt_prepare_user_storage for volume null, user 0, serial 0, flags 1
09-15 13:37:55.613   183   183 D vold    : Preparing: /data/system/users/0
09-15 13:37:55.614   183   183 D vold    : Preparing: /data/misc/profiles/cur/0
09-15 13:37:55.616   183   183 D vold    : Preparing: /data/system_de/0
09-15 13:37:55.617   183   183 D vold    : Preparing: /data/misc_de/0
09-15 13:37:55.618   183   183 D vold    : Preparing: /data/vendor_de/0
09-15 13:37:55.619   183   183 D vold    : Preparing: /data/user_de/0
09-15 13:37:55.620   183   183 I vold    : Verified that /data/system_de/0 has the encryption policy ef13566a3252c57ece86b3ca7fa98a6d v2 modes 1/4 flags 0x2
09-15 13:37:55.621   183   183 I vold    : Verified that /data/misc_de/0 has the encryption policy ef13566a3252c57ece86b3ca7fa98a6d v2 modes 1/4 flags 0x2
09-15 13:37:55.622   183   183 I vold    : Verified that /data/vendor_de/0 has the encryption policy ef13566a3252c57ece86b3ca7fa98a6d v2 modes 1/4 flags 0x2
09-15 13:37:55.622     0     0 I init    : Parsing file /apex/com.android.adbd/etc/init.rc...
09-15 13:37:55.622   183   183 I vold    : Verified that /data/user_de/0 has the encryption policy ef13566a3252c57ece86b3ca7fa98a6d v2 modes 1/4 flags 0x2
09-15 13:37:55.622   183   183 D vold    : /system/bin/vold_prepare_subdirs
09-15 13:37:55.623   183   183 D vold    :     prepare
09-15 13:37:55.623   183   183 D vold    :     
09-15 13:37:55.623   183   183 D vold    :     0
09-15 13:37:55.623   183   183 D vold    :     1
09-15 13:37:55.624     0     0 I init    : Parsing file /apex/com.android.media.swcodec/etc/init.rc...
09-15 13:37:55.626     0     0 I init    : Parsing file /apex/com.android.os.statsd/etc/init.rc...
09-15 13:37:55.628     0     0 I init    : Parsing file /apex/com.android.sdkext/etc/derive_sdk.rc...
09-15 13:37:55.630   270   270 D vold_prepare_subdirs: Setting up mode 700 uid 0 gid 0 context u:object_r:vold_data_file:s0 on path: /data/misc_de/0/vold
09-15 13:37:55.633   270   270 D vold_prepare_subdirs: Setting up mode 700 uid 0 gid 0 context u:object_r:storaged_data_file:s0 on path: /data/misc_de/0/storaged
09-15 13:37:55.634   270   270 D vold_prepare_subdirs: Setting up mode 700 uid 0 gid 0 context u:object_r:rollback_data_file:s0 on path: /data/misc_de/0/rollback
09-15 13:37:55.635   270   270 D vold_prepare_subdirs: Setting up mode 700 uid 0 gid 0 context u:object_r:apex_rollback_data_file:s0 on path: /data/misc_de/0/apexrollback
09-15 13:37:55.636   270   270 D vold_prepare_subdirs: Setting up mode 711 uid 0 gid 0 context u:object_r:apex_module_data_file:s0 on path: /data/misc_de/0/apexdata
09-15 13:37:55.636   270   270 D vold_prepare_subdirs: Setting up mode 771 uid 0 gid 1000 context u:object_r:apex_module_data_file:s0 on path: /data/misc_de/0/apexdata/com.android.ipsec
09-15 13:37:55.638   270   270 D vold_prepare_subdirs: Setting up mode 771 uid 0 gid 1000 context u:object_r:apex_module_data_file:s0 on path: /data/misc_de/0/apexdata/com.android.apex.cts.shim
09-15 13:37:55.638   270   270 D vold_prepare_subdirs: Setting up mode 771 uid 0 gid 1000 context u:object_r:apex_module_data_file:s0 on path: /data/misc_de/0/apexdata/com.android.extservices
09-15 13:37:55.638   270   270 D vold_prepare_subdirs: Setting up mode 771 uid 0 gid 1000 context u:object_r:apex_module_data_file:s0 on path: /data/misc_de/0/apexdata/com.android.media
09-15 13:37:55.638   270   270 D vold_prepare_subdirs: Setting up mode 771 uid 0 gid 1000 context u:object_r:apex_module_data_file:s0 on path: /data/misc_de/0/apexdata/com.android.sdkext
09-15 13:37:55.638   270   270 D vold_prepare_subdirs: Setting up mode 771 uid 0 gid 1000 context u:object_r:apex_permission_data_file:s0 on path: /data/misc_de/0/apexdata/com.android.permission
09-15 13:37:55.640   270   270 D vold_prepare_subdirs: Setting up mode 771 uid 0 gid 1000 context u:object_r:apex_module_data_file:s0 on path: /data/misc_de/0/apexdata/com.android.adbd
09-15 13:37:55.640   270   270 D vold_prepare_subdirs: Setting up mode 771 uid 0 gid 1000 context u:object_r:apex_module_data_file:s0 on path: /data/misc_de/0/apexdata/com.android.conscrypt
09-15 13:37:55.640   270   270 D vold_prepare_subdirs: Setting up mode 771 uid 0 gid 1000 context u:object_r:apex_module_data_file:s0 on path: /data/misc_de/0/apexdata/com.android.media.swcodec
09-15 13:37:55.640   270   270 D vold_prepare_subdirs: Setting up mode 771 uid 0 gid 1000 context u:object_r:apex_module_data_file:s0 on path: /data/misc_de/0/apexdata/com.android.resolv
09-15 13:37:55.640   270   270 D vold_prepare_subdirs: Setting up mode 771 uid 0 gid 1000 context u:object_r:apex_module_data_file:s0 on path: /data/misc_de/0/apexdata/com.android.neuralnetworks
09-15 13:37:55.640   270   270 D vold_prepare_subdirs: Setting up mode 771 uid 0 gid 1000 context u:object_r:apex_module_data_file:s0 on path: /data/misc_de/0/apexdata/com.android.cellbroadcast
09-15 13:37:55.641   270   270 D vold_prepare_subdirs: Setting up mode 771 uid 0 gid 1000 context u:object_r:apex_wifi_data_file:s0 on path: /data/misc_de/0/apexdata/com.android.wifi
09-15 13:37:55.641   270   270 D vold_prepare_subdirs: Setting up mode 771 uid 0 gid 1000 context u:object_r:apex_module_data_file:s0 on path: /data/misc_de/0/apexdata/com.android.tethering
09-15 13:37:55.641     0     0 I init    : linkerconfig generated /linkerconfig with mounted APEX modules info
09-15 13:37:55.641   270   270 D vold_prepare_subdirs: Setting up mode 771 uid 0 gid 1000 context u:object_r:apex_module_data_file:s0 on path: /data/misc_de/0/apexdata/com.android.mediaprovider
09-15 13:37:55.642   270   270 D vold_prepare_subdirs: Setting up mode 771 uid 0 gid 1000 context u:object_r:apex_module_data_file:s0 on path: /data/misc_de/0/apexdata/com.android.i18n
09-15 13:37:55.642   270   270 D vold_prepare_subdirs: Setting up mode 771 uid 0 gid 1000 context u:object_r:apex_module_data_file:s0 on path: /data/misc_de/0/apexdata/com.android.os.statsd
09-15 13:37:55.642   270   270 D vold_prepare_subdirs: Setting up mode 771 uid 0 gid 1000 context u:object_r:apex_module_data_file:s0 on path: /data/misc_de/0/apexdata/com.android.vndk.v30
09-15 13:37:55.642   270   270 D vold_prepare_subdirs: Setting up mode 771 uid 0 gid 1000 context u:object_r:apex_module_data_file:s0 on path: /data/misc_de/0/apexdata/com.android.tzdata
09-15 13:37:55.642   270   270 D vold_prepare_subdirs: Setting up mode 771 uid 0 gid 1000 context u:object_r:apex_module_data_file:s0 on path: /data/misc_de/0/apexdata/com.android.runtime
09-15 13:37:55.642   270   270 D vold_prepare_subdirs: Setting up mode 771 uid 0 gid 1000 context u:object_r:apex_module_data_file:s0 on path: /data/misc_de/0/apexdata/com.android.art
09-15 13:37:55.642   270   270 D vold_prepare_subdirs: Setting up mode 700 uid 1000 gid 1000 context u:object_r:fingerprint_vendor_data_file:s0 on path: /data/vendor_de/0/fpdata
09-15 13:37:55.643     0     0 I init    : Not setting encryption policy on: /data/media
09-15 13:37:55.644   270   270 D vold_prepare_subdirs: Setting up mode 700 uid 1000 gid 1000 context u:object_r:face_vendor_data_file:s0 on path: /data/vendor_de/0/facedata
09-15 13:37:55.645   183   183 D vold    : Detected support for FS_IOC_ADD_ENCRYPTION_KEY
09-15 13:37:55.646     0     0 I init    : starting service 'exec 6 (/system/bin/chattr +F /data/media)'...
09-15 13:37:55.648     0     0 I init    : SVC_EXEC service 'exec 6 (/system/bin/chattr +F /data/media)' pid 267 (uid 1023 gid 1023+0 context default) started; waiting...
09-15 13:37:55.688   273   273 I tzdatacheck: timezone distro dir /data/misc/zoneinfo/current does not exist. No action required.
09-15 13:37:55.693     0     0 I init    : Service 'exec 6 (/system/bin/chattr +F /data/media)' (pid 267) exited with status 0 waiting took 0.045000 seconds
09-15 13:37:55.695     0     0 I init    : Sending signal 9 to service 'exec 6 (/system/bin/chattr +F /data/media)' (pid 267) process group...
09-15 13:37:55.697     0     0 I libprocessgroup: Successfully killed process cgroup uid 1023 pid 267 in 0ms
09-15 13:37:55.702     0     0 I init    : Encryption policy of /data/media/obb set to be8a33852e8613c14e2ab07d227513ce v2 modes 1/4 flags 0x2
09-15 13:37:55.705     0     0 I init    : starting service 'derive_sdk'...
09-15 13:37:55.709     0     0 I init    : SVC_EXEC service 'derive_sdk' pid 268 (uid 9999 gid 9999+0 context default) started; waiting...
09-15 13:37:55.716     0     0 I init    : Service 'derive_sdk' (pid 268) exited with status 0 waiting took 0.009000 seconds
09-15 13:37:55.718     0     0 I init    : Sending signal 9 to service 'derive_sdk' (pid 268) process group...
09-15 13:37:55.719     0     0 I libprocessgroup: Successfully killed process cgroup uid 9999 pid 268 in 0ms
09-15 13:37:55.723     0     0 I init    : starting service 'exec 7 (/system/bin/vdc --wait cryptfs init_user0)'...
09-15 13:37:55.725     0     0 I init    : SVC_EXEC service 'exec 7 (/system/bin/vdc --wait cryptfs init_user0)' pid 269 (uid 0 gid 0+0 context default) started; waiting...
09-15 13:37:55.731     0     0 D vdc     : Waited 0ms for vold
09-15 13:37:55.767   277   277 W otapreopt_slot: Slot property empty.
09-15 13:37:55.775     0     0 I init    : Service 'exec 7 (/system/bin/vdc --wait cryptfs init_user0)' (pid 269) exited with status 0 waiting took 0.050000 seconds
09-15 13:37:55.778     0     0 I init    : Sending signal 9 to service 'exec 7 (/system/bin/vdc --wait cryptfs init_user0)' (pid 269) process group...
09-15 13:37:55.780     0     0 I libprocessgroup: Successfully killed process cgroup uid 0 pid 269 in 0ms
09-15 13:37:55.782     0     0 I init    : starting service 'apexd-snapshotde'...
09-15 13:37:55.785     0     0 I init    : SVC_EXEC service 'apexd-snapshotde' pid 272 (uid 0 gid 1000+0 context default) started; waiting...
09-15 13:37:55.792     0     0 I apexd   : Snapshot DE subcommand detected
09-15 13:37:55.794     0     0 I apexd   : Marking APEXd as ready
09-15 13:37:55.797     0     0 I init    : Service 'apexd-snapshotde' (pid 272) exited with status 0 waiting took 0.013000 seconds
09-15 13:37:55.798     0     0 I init    : Sending signal 9 to service 'apexd-snapshotde' (pid 272) process group...
09-15 13:37:55.800     0     0 I libprocessgroup: Successfully killed process cgroup uid 0 pid 272 in 0ms
09-15 13:37:55.803     0     0 I selinux : SELinux: Skipping restorecon on directory(/data)
09-15 13:37:55.805     0     0 I selinux :  
09-15 13:37:55.805     0     0 I init    : starting service 'exec 8 (/system/bin/tzdatacheck /apex/com.android.tzdata/etc/tz /data/misc/zoneinfo)'...
09-15 13:37:55.808     0     0 I init    : SVC_EXEC service 'exec 8 (/system/bin/tzdatacheck /apex/com.android.tzdata/etc/tz /data/misc/zoneinfo)' pid 273 (uid 1000 gid 1000+0 context default) started; waiting...
09-15 13:37:55.817     0     0 I init    : Service 'exec 8 (/system/bin/tzdatacheck /apex/com.android.tzdata/etc/tz /data/misc/zoneinfo)' (pid 273) exited with status 0 waiting took 0.009000 seconds
09-15 13:37:55.820     0     0 I init    : Sending signal 9 to service 'exec 8 (/system/bin/tzdatacheck /apex/com.android.tzdata/etc/tz /data/misc/zoneinfo)' (pid 273) process group...
09-15 13:37:55.823     0     0 I libprocessgroup: Successfully killed process cgroup uid 1000 pid 273 in 0ms
09-15 13:37:55.827     0     0 I init    : processing action (post-fs-data) from (/system/etc/init/hw/init.usb.rc:6)
09-15 13:37:55.830     0     0 I init    : Verified that /data/adb has the encryption policy be8a33852e8613c14e2ab07d227513ce v2 modes 1/4 flags 0x2
09-15 13:37:55.832     0     0 I init    : processing action (post-fs-data) from (/vendor/etc/init/hw/init.ranchu.rc:52)
09-15 13:37:55.840     0     0 I init    : starting service 'create_router_ns'...
09-15 13:37:55.841   279   279 I tombstoned: tombstoned successfully initialized
09-15 13:37:55.844     0     0 I init    : processing action (post-fs-data) from (/system/etc/init/bootstat.rc:9)
09-15 13:37:55.848     0     0 I init    : processing action (ro.debuggable=1 && post-fs-data) from (/system/etc/init/clean_scratch_files.rc:1)
09-15 13:37:55.851     0     0 I init    : Command 'exec_background - root root -- /system/bin/clean_scratch_files' action=ro.debuggable=1 && post-fs-data (/system/etc/init/clean_scratch_files.rc:2) took 0ms and failed: Could not start exec background service: File /system/bin/clean_scratch_files(labeled "u:object_r:system_file:s0") has incorrect label or no domain transition from u:r:init:s0 to another SELinux domain defined. Have you configured your service correctly? https://source.android.com/security/selinux/device-policy#label_new_services_and_address_denials
09-15 13:37:55.862     0     0 I init    : processing action (post-fs-data) from (/system/etc/init/gsid.rc:14)
09-15 13:37:55.864     0     0 I init    : Not setting encryption policy on: /data/gsi
09-15 13:37:55.865     0     0 I fscrypt : AES-256-XTS using implementation "xts-aes-aesni"
09-15 13:37:55.868     0     0 I init    : processing action (post-fs-data) from (/system/etc/init/incidentd.rc:21)
09-15 13:37:55.869     0     0 I init    : processing action (post-fs-data) from (/system/etc/init/iorapd.rc:28)
09-15 13:37:55.871     0     0 I init    : processing action (post-fs-data) from (/system/etc/init/logtagd.rc:4)
09-15 13:37:55.874     0     0 I init    : processing action (post-fs-data) from (/system/etc/init/otapreopt.rc:3)
09-15 13:37:55.875     0     0 I init    : starting service 'exec 10 (/system/bin/otapreopt_slot)'...
09-15 13:37:55.877     0     0 I init    : SVC_EXEC service 'exec 10 (/system/bin/otapreopt_slot)' pid 275 (uid 0 gid 0+0 context default) started; waiting...
09-15 13:37:55.882   281   281 I flags_health_check: ServerConfigurableFlagsReset reset_mode value: 0
09-15 13:37:55.882   281   281 I flags_health_check: ServerConfigurableFlagsReset attempted boot count is under threshold, skipping reset.
09-15 13:37:55.897     0     0 I init    : Service 'exec 10 (/system/bin/otapreopt_slot)' (pid 275) exited with status 1 waiting took 0.020000 seconds
09-15 13:37:55.899     0     0 I init    : Sending signal 9 to service 'exec 10 (/system/bin/otapreopt_slot)' (pid 275) process group...
09-15 13:37:55.901     0     0 I libprocessgroup: Successfully killed process cgroup uid 0 pid 275 in 0ms
09-15 13:37:55.904     0     0 E selinux : SELinux:  Could not stat /data/dalvik-cache/arm: No such file or directory.
09-15 13:37:55.905     0     0 E selinux :  
09-15 13:37:55.906     0     0 E selinux : SELinux:  Could not stat /data/dalvik-cache/arm64: No such file or directory.
09-15 13:37:55.908     0     0 E selinux :  
09-15 13:37:55.908     0     0 E selinux : SELinux:  Could not stat /data/dalvik-cache/mips: No such file or directory.
09-15 13:37:55.910     0     0 E selinux :  
09-15 13:37:55.911     0     0 E selinux : SELinux:  Could not stat /data/dalvik-cache/mips64: No such file or directory.
09-15 13:37:55.913     0     0 E selinux :  
09-15 13:37:55.915     0     0 I selinux : SELinux: Skipping restorecon on directory(/data/dalvik-cache/x86)
09-15 13:37:55.916     0     0 I selinux :  
09-15 13:37:55.917     0     0 E selinux : SELinux:  Could not stat /data/dalvik-cache/x86_64: No such file or directory.
09-15 13:37:55.919     0     0 E selinux :  
09-15 13:37:55.919     0     0 I init    : processing action (post-fs-data) from (/system/etc/init/perfetto.rc:67)
09-15 13:37:55.920   282   282 D LibBpfLoader: Loading critical for netd ELF object /system/etc/bpf/offload.o with license Apache 2.0
09-15 13:37:55.921   282   282 D LibBpfLoader: Loaded code section 3 (schedcls_ingress_tether_ether)
09-15 13:37:55.921   282   282 D LibBpfLoader: Loaded relo section 3 (.relschedcls/ingress/tether_ether)
09-15 13:37:55.921   282   282 D LibBpfLoader: Adding section 3 to cs list
09-15 13:37:55.921   282   282 D LibBpfLoader: Loaded code section 5 (schedcls_ingress_tether_rawip$5_4)
09-15 13:37:55.921   282   282 D LibBpfLoader: Loaded relo section 5 (.relschedcls/ingress/tether_rawip$5_4)
09-15 13:37:55.921   282   282 D LibBpfLoader: Adding section 5 to cs list
09-15 13:37:55.921     0     0 I init    : Command 'rm /data/misc/perfetto-traces/.guardraildata' action=post-fs-data (/system/etc/init/perfetto.rc:68) took 0ms and failed: unlink() failed: No such file or directory
09-15 13:37:55.922   282   282 D LibBpfLoader: Loaded code section 7 (schedcls_ingress_tether_rawip$4_14)
09-15 13:37:55.922   282   282 D LibBpfLoader: Loaded relo section 7 (.relschedcls/ingress/tether_rawip$4_14)
09-15 13:37:55.922   282   282 D LibBpfLoader: Adding section 7 to cs list
09-15 13:37:55.922   282   282 D LibBpfLoader: Loaded code section 9 (schedcls_ingress_tether_rawip$stub)
09-15 13:37:55.923   282   282 D LibBpfLoader: Adding section 9 to cs list
09-15 13:37:55.923   282   282 D LibBpfLoader: bpf_create_map name tether_ingress_map, ret: 6
09-15 13:37:55.923   282   282 D LibBpfLoader: bpf_create_map name tether_stats_map, ret: 7
09-15 13:37:55.923   282   282 D LibBpfLoader: bpf_create_map name tether_limit_map, ret: 8
09-15 13:37:55.923   282   282 D LibBpfLoader: map_fd found at 0 is 6 in /system/etc/bpf/offload.o
09-15 13:37:55.923   282   282 D LibBpfLoader: map_fd found at 1 is 7 in /system/etc/bpf/offload.o
09-15 13:37:55.923   282   282 D LibBpfLoader: map_fd found at 2 is 8 in /system/etc/bpf/offload.o
09-15 13:37:55.924   282   282 D LibBpfLoader: applying relo to instruction at byte offset: 304, 	       insn offset 38 , insn 118
09-15 13:37:55.924   282   282 D LibBpfLoader: applying relo to instruction at byte offset: 384, 	       insn offset 48 , insn 118
09-15 13:37:55.924   282   282 D LibBpfLoader: applying relo to instruction at byte offset: 448, 	       insn offset 56 , insn 118
09-15 13:37:55.925   282   282 D LibBpfLoader: applying relo to instruction at byte offset: 264, 	       insn offset 33 , insn 118
09-15 13:37:55.925   282   282 D LibBpfLoader: applying relo to instruction at byte offset: 344, 	       insn offset 43 , insn 118
09-15 13:37:55.925     0     0 I init    : processing action (post-fs-data) from (/system/etc/init/recovery-persist.rc:1)
09-15 13:37:55.925   282   282 D LibBpfLoader: applying relo to instruction at byte offset: 408, 	       insn offset 51 , insn 118
09-15 13:37:55.925   282   282 D LibBpfLoader: applying relo to instruction at byte offset: 264, 	       insn offset 33 , insn 118
09-15 13:37:55.925   282   282 D LibBpfLoader: applying relo to instruction at byte offset: 344, 	       insn offset 43 , insn 118
09-15 13:37:55.925   282   282 D LibBpfLoader: applying relo to instruction at byte offset: 408, 	       insn offset 51 , insn 118
09-15 13:37:55.926   282   282 D LibBpfLoader: bpf_prog_load lib call for /system/etc/bpf/offload.o (schedcls_ingress_tether_ether) returned fd: 9 (no error)
09-15 13:37:55.926   282   282 D LibBpfLoader: cs[1].name:schedcls_ingress_tether_rawip$5_4 min_kver:50400 .max_kver:ffffffff (kvers:5043d)
09-15 13:37:55.927     0     0 I init    : starting service 'exec 11 (/system/bin/recovery-persist)'...
09-15 13:37:55.928   282   282 D LibBpfLoader: bpf_prog_load lib call for /system/etc/bpf/offload.o (schedcls_ingress_tether_rawip$5_4) returned fd: 10 (no error)
09-15 13:37:55.928   282   282 D LibBpfLoader: cs[2].name:schedcls_ingress_tether_rawip$4_14 min_kver:40e00 .max_kver:50400 (kvers:5043d)
09-15 13:37:55.928   282   282 D LibBpfLoader: cs[3].name:schedcls_ingress_tether_rawip$stub min_kver:0 .max_kver:50400 (kvers:5043d)
09-15 13:37:55.928   282   282 I bpfloader: Loaded object: /system/etc/bpf/offload.o
09-15 13:37:55.928     0     0 I init    : processing action (post-fs-data) from (/system/etc/init/tombstoned.rc:10)
09-15 13:37:55.929   282   282 D LibBpfLoader: Loading optional ELF object /system/etc/bpf/time_in_state.o with license GPL
09-15 13:37:55.929   282   282 D LibBpfLoader: Loaded code section 3 (tracepoint_sched_sched_switch)
09-15 13:37:55.930   282   282 D LibBpfLoader: Loaded relo section 3 (.reltracepoint/sched/sched_switch)
09-15 13:37:55.930   282   282 D LibBpfLoader: Adding section 3 to cs list
09-15 13:37:55.930   282   282 D LibBpfLoader: Loaded code section 5 (tracepoint_power_cpu_frequency)
09-15 13:37:55.930   282   282 D LibBpfLoader: Loaded relo section 5 (.reltracepoint/power/cpu_frequency)
09-15 13:37:55.930   282   282 D LibBpfLoader: Adding section 5 to cs list
09-15 13:37:55.931     0     0 I init    : starting service 'tombstoned'...
09-15 13:37:55.932     0     0 I init    : Created socket '/dev/socket/tombstoned_crash', mode 666, user 1000, group 1000
09-15 13:37:55.934     0     0 I init    : Created socket '/dev/socket/tombstoned_intercept', mode 666, user 1000, group 1000
09-15 13:37:55.935     0     0 I init    : Created socket '/dev/socket/tombstoned_java_trace', mode 666, user 1000, group 1000
09-15 13:37:55.936   282   282 D LibBpfLoader: bpf_create_map name uid_time_in_state_map, ret: 6
09-15 13:37:55.936   282   282 D LibBpfLoader: bpf_create_map name uid_concurrent_times_map, ret: 7
09-15 13:37:55.937   282   282 D LibBpfLoader: bpf_create_map name uid_last_update_map, ret: 8
09-15 13:37:55.937   282   282 D LibBpfLoader: bpf_create_map name cpu_last_update_map, ret: 9
09-15 13:37:55.937   282   282 D LibBpfLoader: bpf_create_map name cpu_policy_map, ret: 10
09-15 13:37:55.937   282   282 D LibBpfLoader: bpf_create_map name policy_freq_idx_map, ret: 11
09-15 13:37:55.937   282   282 D LibBpfLoader: bpf_create_map name freq_to_idx_map, ret: 12
09-15 13:37:55.937   282   282 D LibBpfLoader: bpf_create_map name nr_active_map, ret: 13
09-15 13:37:55.937   282   282 D LibBpfLoader: bpf_create_map name policy_nr_active_map, ret: 14
09-15 13:37:55.937   282   282 D LibBpfLoader: map_fd found at 0 is 6 in /system/etc/bpf/time_in_state.o
09-15 13:37:55.937   282   282 D LibBpfLoader: map_fd found at 1 is 7 in /system/etc/bpf/time_in_state.o
09-15 13:37:55.937   282   282 D LibBpfLoader: map_fd found at 2 is 8 in /system/etc/bpf/time_in_state.o
09-15 13:37:55.937   282   282 D LibBpfLoader: map_fd found at 3 is 9 in /system/etc/bpf/time_in_state.o
09-15 13:37:55.937   282   282 D LibBpfLoader: map_fd found at 4 is 10 in /system/etc/bpf/time_in_state.o
09-15 13:37:55.937   282   282 D LibBpfLoader: map_fd found at 5 is 11 in /system/etc/bpf/time_in_state.o
09-15 13:37:55.937   282   282 D LibBpfLoader: map_fd found at 6 is 12 in /system/etc/bpf/time_in_state.o
09-15 13:37:55.937   282   282 D LibBpfLoader: map_fd found at 7 is 13 in /system/etc/bpf/time_in_state.o
09-15 13:37:55.937   282   282 D LibBpfLoader: map_fd found at 8 is 14 in /system/etc/bpf/time_in_state.o
09-15 13:37:55.937   282   282 D LibBpfLoader: applying relo to instruction at byte offset: 40, 	       insn offset 5 , insn 118
09-15 13:37:55.937   282   282 D LibBpfLoader: applying relo to instruction at byte offset: 128, 	       insn offset 16 , insn 118
09-15 13:37:55.938   282   282 D LibBpfLoader: applying relo to instruction at byte offset: 200, 	       insn offset 25 , insn 118
09-15 13:37:55.938   282   282 D LibBpfLoader: applying relo to instruction at byte offset: 264, 	       insn offset 33 , insn 118
09-15 13:37:55.938   282   282 D LibBpfLoader: applying relo to instruction at byte offset: 520, 	       insn offset 65 , insn 118
09-15 13:37:55.938   282   282 D LibBpfLoader: applying relo to instruction at byte offset: 656, 	       insn offset 82 , insn 118
09-15 13:37:55.938   282   282 D LibBpfLoader: applying relo to instruction at byte offset: 1008, 	       insn offset 126 , insn 118
09-15 13:37:55.939   282   282 D LibBpfLoader: applying relo to instruction at byte offset: 1048, 	       insn offset 131 , insn 118
09-15 13:37:55.939   282   282 D LibBpfLoader: applying relo to instruction at byte offset: 1240, 	       insn offset 155 , insn 118
09-15 13:37:55.939   282   282 D LibBpfLoader: applying relo to instruction at byte offset: 1440, 	       insn offset 180 , insn 118
09-15 13:37:55.939   282   282 D LibBpfLoader: applying relo to instruction at byte offset: 1480, 	       insn offset 185 , insn 118
09-15 13:37:55.939   282   282 D LibBpfLoader: applying relo to instruction at byte offset: 1656, 	       insn offset 207 , insn 118
09-15 13:37:55.939   282   282 D LibBpfLoader: applying relo to instruction at byte offset: 1864, 	       insn offset 233 , insn 118
09-15 13:37:55.939   282   282 D LibBpfLoader: applying relo to instruction at byte offset: 1904, 	       insn offset 238 , insn 118
09-15 13:37:55.939   282   282 D LibBpfLoader: applying relo to instruction at byte offset: 2024, 	       insn offset 253 , insn 118
09-15 13:37:55.939   282   282 D LibBpfLoader: applying relo to instruction at byte offset: 2112, 	       insn offset 264 , insn 118
09-15 13:37:55.940   282   282 D LibBpfLoader: applying relo to instruction at byte offset: 40, 	       insn offset 5 , insn 118
09-15 13:37:55.940     0     0 I init    : Service 'exec 11 (/system/bin/recovery-persist)' (pid 278) exited with status 0 oneshot service took 0.011000 seconds in background
09-15 13:37:55.940   282   282 D LibBpfLoader: applying relo to instruction at byte offset: 120, 	       insn offset 15 , insn 118
09-15 13:37:55.940   282   282 D LibBpfLoader: applying relo to instruction at byte offset: 200, 	       insn offset 25 , insn 118
09-15 13:37:55.940   282   282 D LibBpfLoader: cs[0].name:tracepoint_sched_sched_switch min_kver:0 .max_kver:ffffffff (kvers:5043d)
09-15 13:37:55.942     0     0 I init    : Sending signal 9 to service 'exec 11 (/system/bin/recovery-persist)' (pid 278) process group...
09-15 13:37:55.942   282   282 D LibBpfLoader: bpf_prog_load lib call for /system/etc/bpf/time_in_state.o (tracepoint_sched_sched_switch) returned fd: 15 (no error)
09-15 13:37:55.943   282   282 D LibBpfLoader: cs[1].name:tracepoint_power_cpu_frequency min_kver:0 .max_kver:ffffffff (kvers:5043d)
09-15 13:37:55.944   282   282 D LibBpfLoader: bpf_prog_load lib call for /system/etc/bpf/time_in_state.o (tracepoint_power_cpu_frequency) returned fd: 16 (no error)
09-15 13:37:55.944   282   282 I bpfloader: Loaded object: /system/etc/bpf/time_in_state.o
09-15 13:37:55.944     0     0 I libprocessgroup: Successfully killed process cgroup uid 1000 pid 278 in 0ms
09-15 13:37:55.945   282   282 D LibBpfLoader: Loading critical for netd ELF object /system/etc/bpf/netd.o with license Apache 2.0
09-15 13:37:55.946   282   282 D LibBpfLoader: Loaded code section 3 (cgroupskb_ingress_stats)
09-15 13:37:55.947   282   282 D LibBpfLoader: Loaded relo section 3 (.relcgroupskb/ingress/stats)
09-15 13:37:55.947   282   282 D LibBpfLoader: Adding section 3 to cs list
09-15 13:37:55.947   282   282 D LibBpfLoader: Loaded code section 5 (cgroupskb_egress_stats)
09-15 13:37:55.947   282   282 D LibBpfLoader: Loaded relo section 5 (.relcgroupskb/egress/stats)
09-15 13:37:55.948   282   282 D LibBpfLoader: Adding section 5 to cs list
09-15 13:37:55.948   282   282 D LibBpfLoader: Loaded code section 7 (skfilter_egress_xtbpf)
09-15 13:37:55.948   282   282 D LibBpfLoader: Loaded relo section 7 (.relskfilter/egress/xtbpf)
09-15 13:37:55.948   282   282 D LibBpfLoader: Adding section 7 to cs list
09-15 13:37:55.948   282   282 D LibBpfLoader: Loaded code section 9 (skfilter_ingress_xtbpf)
09-15 13:37:55.948   282   282 D LibBpfLoader: Loaded relo section 9 (.relskfilter/ingress/xtbpf)
09-15 13:37:55.948   282   282 D LibBpfLoader: Adding section 9 to cs list
09-15 13:37:55.949   282   282 D LibBpfLoader: Loaded code section 11 (skfilter_whitelist_xtbpf)
09-15 13:37:55.949   282   282 D LibBpfLoader: Loaded relo section 11 (.relskfilter/whitelist/xtbpf)
09-15 13:37:55.949   282   282 D LibBpfLoader: Adding section 11 to cs list
09-15 13:37:55.949   282   282 D LibBpfLoader: Loaded code section 13 (skfilter_blacklist_xtbpf)
09-15 13:37:55.949   282   282 D LibBpfLoader: Loaded relo section 13 (.relskfilter/blacklist/xtbpf)
09-15 13:37:55.950   282   282 D LibBpfLoader: Adding section 13 to cs list
09-15 13:37:55.950   282   282 D LibBpfLoader: Loaded code section 15 (cgroupsock_inet_create)
09-15 13:37:55.950   282   282 D LibBpfLoader: Loaded relo section 15 (.relcgroupsock/inet/create)
09-15 13:37:55.950   282   282 D LibBpfLoader: Adding section 15 to cs list
09-15 13:37:55.951   282   282 D LibBpfLoader: bpf_create_map name cookie_tag_map, ret: 6
09-15 13:37:55.951   282   282 D LibBpfLoader: bpf_create_map name uid_counterset_map, ret: 7
09-15 13:37:55.951   282   282 D LibBpfLoader: bpf_create_map name app_uid_stats_map, ret: 8
09-15 13:37:55.952   282   282 D LibBpfLoader: bpf_create_map name stats_map_A, ret: 9
09-15 13:37:55.952   282   282 D LibBpfLoader: bpf_create_map name stats_map_B, ret: 10
09-15 13:37:55.952   282   282 D LibBpfLoader: bpf_create_map name iface_stats_map, ret: 11
09-15 13:37:55.952   282   282 D LibBpfLoader: bpf_create_map name configuration_map, ret: 12
09-15 13:37:55.952   282   282 D LibBpfLoader: bpf_create_map name uid_owner_map, ret: 13
09-15 13:37:55.952   282   282 D LibBpfLoader: bpf_create_map name iface_index_name_map, ret: 14
09-15 13:37:55.952   282   282 D LibBpfLoader: bpf_create_map name uid_permission_map, ret: 15
09-15 13:37:55.952   282   282 D LibBpfLoader: map_fd found at 0 is 6 in /system/etc/bpf/netd.o
09-15 13:37:55.952   282   282 D LibBpfLoader: map_fd found at 1 is 7 in /system/etc/bpf/netd.o
09-15 13:37:55.952   282   282 D LibBpfLoader: map_fd found at 2 is 8 in /system/etc/bpf/netd.o
09-15 13:37:55.952   282   282 D LibBpfLoader: map_fd found at 3 is 9 in /system/etc/bpf/netd.o
09-15 13:37:55.952   282   282 D LibBpfLoader: map_fd found at 4 is 10 in /system/etc/bpf/netd.o
09-15 13:37:55.952   282   282 D LibBpfLoader: map_fd found at 5 is 11 in /system/etc/bpf/netd.o
09-15 13:37:55.952   282   282 D LibBpfLoader: map_fd found at 6 is 12 in /system/etc/bpf/netd.o
09-15 13:37:55.952   282   282 D LibBpfLoader: map_fd found at 7 is 13 in /system/etc/bpf/netd.o
09-15 13:37:55.952   282   282 D LibBpfLoader: map_fd found at 8 is 14 in /system/etc/bpf/netd.o
09-15 13:37:55.952   282   282 D LibBpfLoader: map_fd found at 9 is 15 in /system/etc/bpf/netd.o
09-15 13:37:55.953   282   282 D LibBpfLoader: applying relo to instruction at byte offset: 664, 	       insn offset 83 , insn 118
09-15 13:37:55.953   282   282 D LibBpfLoader: applying relo to instruction at byte offset: 736, 	       insn offset 92 , insn 118
09-15 13:37:55.953   282   282 D LibBpfLoader: applying relo to instruction at byte offset: 1088, 	       insn offset 136 , insn 118
09-15 13:37:55.953   282   282 D LibBpfLoader: applying relo to instruction at byte offset: 1384, 	       insn offset 173 , insn 118
09-15 13:37:55.953   282   282 D LibBpfLoader: applying relo to instruction at byte offset: 1464, 	       insn offset 183 , insn 118
09-15 13:37:55.953   282   282 D LibBpfLoader: applying relo to instruction at byte offset: 1576, 	       insn offset 197 , insn 118
09-15 13:37:55.953   282   282 D LibBpfLoader: applying relo to instruction at byte offset: 1688, 	       insn offset 211 , insn 118
09-15 13:37:55.954   282   282 D LibBpfLoader: applying relo to instruction at byte offset: 1728, 	       insn offset 216 , insn 118
09-15 13:37:55.954   282   282 D LibBpfLoader: applying relo to instruction at byte offset: 1880, 	       insn offset 235 , insn 118
09-15 13:37:55.954   282   282 D LibBpfLoader: applying relo to instruction at byte offset: 1992, 	       insn offset 249 , insn 118
09-15 13:37:55.954   282   282 D LibBpfLoader: applying relo to instruction at byte offset: 2032, 	       insn offset 254 , insn 118
09-15 13:37:55.954   282   282 D LibBpfLoader: applying relo to instruction at byte offset: 2312, 	       insn offset 289 , insn 118
09-15 13:37:55.954   282   282 D LibBpfLoader: applying relo to instruction at byte offset: 2416, 	       insn offset 302 , insn 118
09-15 13:37:55.954   282   282 D LibBpfLoader: applying relo to instruction at byte offset: 2456, 	       insn offset 307 , insn 118
09-15 13:37:55.954   282   282 D LibBpfLoader: applying relo to instruction at byte offset: 2600, 	       insn offset 325 , insn 118
09-15 13:37:55.954   282   282 D LibBpfLoader: applying relo to instruction at byte offset: 2704, 	       insn offset 338 , insn 118
09-15 13:37:55.954   282   282 D LibBpfLoader: applying relo to instruction at byte offset: 2744, 	       insn offset 343 , insn 118
09-15 13:37:55.954   282   282 D LibBpfLoader: applying relo to instruction at byte offset: 2976, 	       insn offset 372 , insn 118
09-15 13:37:55.954   282   282 D LibBpfLoader: applying relo to instruction at byte offset: 3080, 	       insn offset 385 , insn 118
09-15 13:37:55.954   282   282 D LibBpfLoader: applying relo to instruction at byte offset: 3120, 	       insn offset 390 , insn 118
09-15 13:37:55.954   282   282 D LibBpfLoader: applying relo to instruction at byte offset: 648, 	       insn offset 81 , insn 118
09-15 13:37:55.954   282   282 D LibBpfLoader: applying relo to instruction at byte offset: 720, 	       insn offset 90 , insn 118
09-15 13:37:55.954   282   282 D LibBpfLoader: applying relo to instruction at byte offset: 944, 	       insn offset 118 , insn 118
09-15 13:37:55.954   282   282 D LibBpfLoader: applying relo to instruction at byte offset: 1216, 	       insn offset 152 , insn 118
09-15 13:37:55.954   282   282 D LibBpfLoader: applying relo to instruction at byte offset: 1296, 	       insn offset 162 , insn 118
09-15 13:37:55.954   282   282 D LibBpfLoader: applying relo to instruction at byte offset: 1400, 	       insn offset 175 , insn 118
09-15 13:37:55.954   282   282 D LibBpfLoader: applying relo to instruction at byte offset: 1504, 	       insn offset 188 , insn 118
09-15 13:37:55.954   282   282 D LibBpfLoader: applying relo to instruction at byte offset: 1544, 	       insn offset 193 , insn 118
09-15 13:37:55.954   282   282 D LibBpfLoader: applying relo to instruction at byte offset: 1688, 	       insn offset 211 , insn 118
09-15 13:37:55.955   282   282 D LibBpfLoader: applying relo to instruction at byte offset: 1792, 	       insn offset 224 , insn 118
09-15 13:37:55.955   282   282 D LibBpfLoader: applying relo to instruction at byte offset: 1832, 	       insn offset 229 , insn 118
09-15 13:37:55.955   282   282 D LibBpfLoader: applying relo to instruction at byte offset: 2104, 	       insn offset 263 , insn 118
09-15 13:37:55.955   282   282 D LibBpfLoader: applying relo to instruction at byte offset: 2208, 	       insn offset 276 , insn 118
09-15 13:37:55.955   282   282 D LibBpfLoader: applying relo to instruction at byte offset: 2248, 	       insn offset 281 , insn 118
09-15 13:37:55.955   282   282 D LibBpfLoader: applying relo to instruction at byte offset: 2392, 	       insn offset 299 , insn 118
09-15 13:37:55.955   282   282 D LibBpfLoader: applying relo to instruction at byte offset: 2496, 	       insn offset 312 , insn 118
09-15 13:37:55.955   282   282 D LibBpfLoader: applying relo to instruction at byte offset: 2536, 	       insn offset 317 , insn 118
09-15 13:37:55.955   282   282 D LibBpfLoader: applying relo to instruction at byte offset: 2768, 	       insn offset 346 , insn 118
09-15 13:37:55.955   282   282 D LibBpfLoader: applying relo to instruction at byte offset: 2872, 	       insn offset 359 , insn 118
09-15 13:37:55.955   282   282 D LibBpfLoader: applying relo to instruction at byte offset: 2912, 	       insn offset 364 , insn 118
09-15 13:37:55.955   282   282 D LibBpfLoader: applying relo to instruction at byte offset: 88, 	       insn offset 11 , insn 118
09-15 13:37:55.955   282   282 D LibBpfLoader: applying relo to instruction at byte offset: 192, 	       insn offset 24 , insn 118
09-15 13:37:55.955   282   282 D LibBpfLoader: applying relo to instruction at byte offset: 232, 	       insn offset 29 , insn 118
09-15 13:37:55.955   282   282 D LibBpfLoader: applying relo to instruction at byte offset: 40, 	       insn offset 5 , insn 118
09-15 13:37:55.955   282   282 D LibBpfLoader: applying relo to instruction at byte offset: 144, 	       insn offset 18 , insn 118
09-15 13:37:55.956   282   282 D LibBpfLoader: applying relo to instruction at byte offset: 184, 	       insn offset 23 , insn 118
09-15 13:37:55.956   282   282 D LibBpfLoader: applying relo to instruction at byte offset: 136, 	       insn offset 17 , insn 118
09-15 13:37:55.956   282   282 D LibBpfLoader: applying relo to instruction at byte offset: 32, 	       insn offset 4 , insn 118
09-15 13:37:55.956   282   282 D LibBpfLoader: applying relo to instruction at byte offset: 80, 	       insn offset 10 , insn 118
09-15 13:37:55.957   282   282 D LibBpfLoader: bpf_prog_load lib call for /system/etc/bpf/netd.o (cgroupskb_ingress_stats) returned fd: 16 (no error)
09-15 13:37:55.959   282   282 D LibBpfLoader: bpf_prog_load lib call for /system/etc/bpf/netd.o (cgroupskb_egress_stats) returned fd: 17 (no error)
09-15 13:37:55.959   282   282 D LibBpfLoader: cs[2].name:skfilter_egress_xtbpf min_kver:0 .max_kver:ffffffff (kvers:5043d)
09-15 13:37:55.959   282   282 D LibBpfLoader: bpf_prog_load lib call for /system/etc/bpf/netd.o (skfilter_egress_xtbpf) returned fd: 18 (no error)
09-15 13:37:55.959   282   282 D LibBpfLoader: cs[3].name:skfilter_ingress_xtbpf min_kver:0 .max_kver:ffffffff (kvers:5043d)
09-15 13:37:55.960   282   282 D LibBpfLoader: bpf_prog_load lib call for /system/etc/bpf/netd.o (skfilter_ingress_xtbpf) returned fd: 19 (no error)
09-15 13:37:55.960   282   282 D LibBpfLoader: cs[4].name:skfilter_whitelist_xtbpf min_kver:0 .max_kver:ffffffff (kvers:5043d)
09-15 13:37:55.961   282   282 D LibBpfLoader: bpf_prog_load lib call for /system/etc/bpf/netd.o (skfilter_whitelist_xtbpf) returned fd: 20 (no error)
09-15 13:37:55.961   282   282 D LibBpfLoader: cs[5].name:skfilter_blacklist_xtbpf min_kver:0 .max_kver:ffffffff (kvers:5043d)
09-15 13:37:55.961     0     0 I init    : processing action (post-fs-data) from (/system/etc/init/wifi.rc:18)
09-15 13:37:55.962   282   282 D LibBpfLoader: bpf_prog_load lib call for /system/etc/bpf/netd.o (skfilter_blacklist_xtbpf) returned fd: 21 (no error)
09-15 13:37:55.962   282   282 D LibBpfLoader: cs[6].name:cgroupsock_inet_create min_kver:40e00 .max_kver:ffffffff (kvers:5043d)
09-15 13:37:55.962   282   282 D LibBpfLoader: bpf_prog_load lib call for /system/etc/bpf/netd.o (cgroupsock_inet_create) returned fd: 22 (no error)
09-15 13:37:55.962   282   282 I bpfloader: Loaded object: /system/etc/bpf/netd.o
09-15 13:37:55.964   282   282 D LibBpfLoader: Loading critical for netd ELF object /system/etc/bpf/clatd.o with license Apache 2.0
