09-15 13:38:05.174   581   581 I AndroidRuntime: VM exiting with result code 1.
09-15 13:38:05.177   523   523 W android.permission.PermissionManager: Missing ActivityManager; assuming 1000 holds android.permission.READ_COMPAT_CHANGE_CONFIG
09-15 13:38:05.179   523   523 W android.permission.PermissionManager: Missing ActivityManager; assuming 1000 holds android.permission.LOG_COMPAT_CHANGE
09-15 13:38:05.185   523   523 D CompatibilityChangeReporter: Compat change id reported: 135549675; UID 10126; state: ENABLED
09-15 13:38:05.193   523   523 W android.permission.PermissionManager: Missing ActivityManager; assuming 1000 holds android.permission.READ_COMPAT_CHANGE_CONFIG
09-15 13:38:05.194   523   523 W android.permission.PermissionManager: Missing ActivityManager; assuming 1000 holds android.permission.LOG_COMPAT_CHANGE
09-15 13:38:05.203   523   523 D CompatibilityChangeReporter: Compat change id reported: 135549675; UID 10127; state: ENABLED
09-15 13:38:05.208   523   523 W android.permission.PermissionManager: Missing ActivityManager; assuming 1000 holds android.permission.READ_COMPAT_CHANGE_CONFIG
09-15 13:38:05.211   523   523 W android.permission.PermissionManager: Missing ActivityManager; assuming 1000 holds android.permission.LOG_COMPAT_CHANGE
09-15 13:38:05.217   523   523 D CompatibilityChangeReporter: Compat change id reported: 135549675; UID 10125; state: ENABLED
09-15 13:38:05.225   430   430 I ServiceManager: Waiting for service 'package_native' on '/dev/binder'...
09-15 13:38:05.225   437   571 I ServiceManager: Waiting for service 'package_native' on '/dev/binder'...
09-15 13:38:05.226   523   523 W android.permission.PermissionManager: Missing ActivityManager; assuming 1000 holds android.permission.READ_COMPAT_CHANGE_CONFIG
09-15 13:38:05.226   523   523 W android.permission.PermissionManager: Missing ActivityManager; assuming 1000 holds android.permission.LOG_COMPAT_CHANGE
09-15 13:38:05.231   523   523 D CompatibilityChangeReporter: Compat change id reported: 135549675; UID 10129; state: ENABLED
09-15 13:38:05.236   523   523 W android.permission.PermissionManager: Missing ActivityManager; assuming 1000 holds android.permission.READ_COMPAT_CHANGE_CONFIG
09-15 13:38:05.239   523   523 W android.permission.PermissionManager: Missing ActivityManager; assuming 1000 holds android.permission.LOG_COMPAT_CHANGE
09-15 13:38:05.247   523   523 D CompatibilityChangeReporter: Compat change id reported: 135549675; UID 10130; state: ENABLED
09-15 13:38:05.250   523   523 I PackageManager: Finished scanning non-system apps. Time: 321 ms, packageCount: 12 , timePerPackage: 26 , cached: 6
09-15 13:38:05.257   523   523 E PackageManager: Shared lib without setting: SharedLibraryInfo{name:com.google.android.trichromelibrary, type:static, version:410410681}
09-15 13:38:05.274   523   523 I PackageManager: Time to scan packages: 1.778 seconds
09-15 13:38:05.274   523   523 I PackageManager: Permission ownership changed. Updating all permissions.
09-15 13:38:05.327   430   430 I ServiceManager: Waiting for service 'package_native' on '/dev/binder'...
09-15 13:38:05.328   437   571 I ServiceManager: Waiting for service 'package_native' on '/dev/binder'...
09-15 13:38:05.364   523   523 V PackageManager: reconcileAppsData for null u0 0x1 migrateAppData=true
09-15 13:38:05.384   428   444 I SELinux : SELinux: Loaded file_contexts
09-15 13:38:05.433   430   430 I ServiceManager: Waiting for service 'package_native' on '/dev/binder'...
09-15 13:38:05.433   437   571 I ServiceManager: Waiting for service 'package_native' on '/dev/binder'...
09-15 13:38:05.534   430   430 I ServiceManager: Waiting for service 'package_native' on '/dev/binder'...
09-15 13:38:05.534   437   571 I ServiceManager: Waiting for service 'package_native' on '/dev/binder'...
09-15 13:38:05.555   523   523 V PackageManager: reconcileAppsData finished 21 packages
09-15 13:38:05.556   523   523 I PackageManagerTiming: write settings
09-15 13:38:05.560   523   598 I SystemServerTimingAsync: InitThreadPoolExec:prepareAppData
09-15 13:38:05.566   523   598 D SystemServerInitThreadPool: Started executing prepareAppData
09-15 13:38:05.632   523   523 I SELinux : SELinux: Loaded file_contexts
09-15 13:38:05.635   437   571 I ServiceManager: Waiting for service 'package_native' on '/dev/binder'...
09-15 13:38:05.636   430   430 I ServiceManager: Waiting for service 'package_native' on '/dev/binder'...
09-15 13:38:05.688   523   523 D PackageManagerTiming: write settings took to complete: 132ms
09-15 13:38:05.688   523   523 E PackageManager: There should probably be a verifier, but, none were found
09-15 13:38:05.704   523   523 V PackageManager: Ephemeral resolver found; pkg: com.google.android.gms, info:ResolveInfo{320cf88 com.google.android.gms/.chimera.PersistentBoundBrokerService m=0x108000}
09-15 13:38:05.704   523   523 D PackageManager: Set ephemeral resolver: Pair{ComponentInfo{com.google.android.gms/com.google.android.gms.chimera.PersistentBoundBrokerService} android.intent.action.RESOLVE_INSTANT_APP_PACKAGE}
09-15 13:38:05.705   523   523 D PackageManager: Instant App installer not found with android.intent.action.INSTALL_INSTANT_APP_PACKAGE
09-15 13:38:05.705   523   523 D PackageManager: Clear ephemeral installer activity
09-15 13:38:05.739   430   430 I ServiceManager: Waiting for service 'package_native' on '/dev/binder'...
09-15 13:38:05.739   437   571 I ServiceManager: Waiting for service 'package_native' on '/dev/binder'...
09-15 13:38:05.756   523   523 I PackageManagerTiming: GC
09-15 13:38:05.840   430   430 I ServiceManager: Waiting for service 'package_native' on '/dev/binder'...
09-15 13:38:05.841   437   571 I ServiceManager: Waiting for service 'package_native' on '/dev/binder'...
09-15 13:38:05.859   523   523 I system_server: Explicit concurrent copying GC freed 191416(9274KB) AllocSpace objects, 39(1880KB) LOS objects, 49% free, 6442KB/12MB, paused 1.504ms total 102.815ms
09-15 13:38:05.860   523   523 D PackageManagerTiming: GC took to complete: 104ms
09-15 13:38:05.860   523   523 D PackageManagerTiming: create package manager took to complete: 3114ms
09-15 13:38:05.860   523   523 V UserManagerService: Checking that all system packages are whitelisted.
09-15 13:38:05.861   523   523 V UserManagerService: checkWhitelistedSystemPackages(mode=ENFORCE|IMPLICIT_WHITELIST|IMPLICIT_WHITELIST_SYSTEM) has no warnings
09-15 13:38:05.868   523   523 I Watchdog: Resuming HandlerChecker: main thread for reason: packagemanagermain. Pause count: 0
09-15 13:38:05.869   523   523 I SystemServerDexLoadReporter: Configuring system server dex reporter
09-15 13:38:05.875   523   523 D SystemServerTiming: StartPackageManagerService took to complete: 3179ms
09-15 13:38:05.876   523   523 I SystemServerTiming: StartOtaDexOptService
09-15 13:38:05.876   523   523 I Watchdog: Pausing HandlerChecker: main thread for reason: moveab. Pause count: 1
09-15 13:38:05.878   523   523 D OTADexopt: No upgrade, skipping A/B artifacts check.
09-15 13:38:05.878   523   523 I Watchdog: Resuming HandlerChecker: main thread for reason: moveab. Pause count: 0
09-15 13:38:05.878   523   523 D SystemServerTiming: StartOtaDexOptService took to complete: 2ms
09-15 13:38:05.879   523   523 I SystemServerTiming: StartUserManagerService
09-15 13:38:05.879   523   523 I SystemServiceManager: Starting com.android.server.pm.UserManagerService$LifeCycle
09-15 13:38:05.885   523   523 D SystemServerTiming: StartUserManagerService took to complete: 6ms
09-15 13:38:05.885   523   523 I SystemServerTiming: InitAttributerCache
09-15 13:38:05.894   523   523 D SystemServerTiming: InitAttributerCache took to complete: 8ms
09-15 13:38:05.895   523   523 I SystemServerTiming: SetSystemProcess
09-15 13:38:05.924   171   171 I lowmemorykiller: lmkd data connection established
09-15 13:38:05.933   523   555 I ActivityManager: Connection with lmkd established
09-15 13:38:05.935   523   540 E HistoricalRegistry: Interaction before persistence initialized
09-15 13:38:05.936   523   523 D SystemServerTiming: SetSystemProcess took to complete: 41ms
09-15 13:38:05.936   523   523 I SystemServerTiming: InitWatchdog
09-15 13:38:05.936   523   541 E HistoricalRegistry: Interaction before persistence initialized
09-15 13:38:05.937   423   423 I cameraserver: Waiting for sensor privacy service
09-15 13:38:05.938   384   384 I audioserver: Waiting for sensor privacy service
09-15 13:38:05.944   523   523 D SystemServerTiming: InitWatchdog took to complete: 8ms
09-15 13:38:05.968   523   523 I SystemServerTiming: StartOverlayManagerService
09-15 13:38:06.117     0     0 I init    : Control message: Processed ctl.start for 'idmap2d' from pid: 523 (system_server)
09-15 13:38:06.020   428   428 W installd: Ignoring /data/data/GAeAAgEAAJgU8YO0pFY7E+omEEcck,ywigvm,zMXny4BoMu0rSevvC/AAAAAAAAAAg,3MCd9oF0Wx4ynZRGHI0p with unexpected GID 0 instead of 10119
09-15 13:38:06.032   428   428 W installd: Ignoring /data/data/TAeAAgCAgIAISeQR,k0B6IQ,tMDgYLvIU06h3n7cGMn8+EttLBaxmC/jmqO52ahHsuuZ1ELlx0H1bHd,cZ0bQYK with unexpected GID 0 instead of 1000
09-15 13:38:06.059   426   602 E idmap2d : failed to parse idmap header
09-15 13:38:06.116   428   428 W installd: Ignoring /data/data/iBeAAgCAgIgJqjuw5qVpfWesdhxos66,hiASkQrufoKuriFXEM4tKD/cg8bUbiH3cgJsODkXtgWK7gtlQygJQce with unexpected GID 0 instead of 10079
09-15 13:38:06.125   428   428 W installd: Ignoring /data/data/pBeAAgEAAJwRGl+eEtUwB13,5WnQBJE6znS3CtLl7sl5lGYPf5jHzA/218EerQmck9h6pfZhS45bXdOEsGcGmRR with unexpected GID 0 instead of 1073
09-15 13:38:06.169   428   428 W installd: Ignoring /data/data/LCeAAgCAgIQ3E,ygx25HG68yInPr7azy/94oRNavcdMBBE+2bTH1cwTCbbtkAoSdO with unexpected GID 0 instead of 1000
09-15 13:38:06.173   428   428 W installd: Ignoring /data/data/SCeAAgDAwIAPDtNzz+orADW1VydmXASnbXwoLfF2zKaK6GQaq1IzMC/uAgAAA6DQIQVbLTObQKbuq5McnAl,CFg with unexpected GID 0 instead of 10091
09-15 13:38:06.187   428   428 W installd: Ignoring /data/data/fCeAAgBAQIgjRhevJePbMi3JTLZhPLFb/NosGILX3G9UNS4xZX986OQb6V6ewPyx9 with unexpected GID 0 instead of 1027
09-15 13:38:06.213   428   428 W installd: Ignoring /data/data/EDeAAgCAgIg6G29PSMFkS4SKhNOB1Ui+sPK0qSJXGF2ELZeINvkwCA/XY51OZPkSrezB0ez8ZXNdaDWf8SkR1kg with unexpected GID 0 instead of 1000
09-15 13:38:06.221   428   428 W installd: Ignoring /data/data/LDeAAgDAwIga5lJTVkeXg77fWRB5oZcXyokFLzkBguUUdYl2FCg0ZA/2HeAAgBAQIAIYH0Gkhq,cFyfPuUU9plR with unexpected GID 0 instead of 10075
09-15 13:38:06.238   428   428 W installd: Ignoring /data/data/bDeAAgBAQIg2EYAmJ509J2HY1Skl9vQtbzT4cir+bGVRSFZJFc0CND/huc8hqKFZSiulMAHQyL+sYWN9zWMy61L with unexpected GID 0 instead of 1000
09-15 13:38:06.238   428   428 W installd: Ignoring /data/data/fDeAAgDAwIwBjxu9+14k1hfiBFGwWZRQ/UpnNnYmMpQqSSU2Qj3Lm4BWnjcUMgZY4 with unexpected GID 0 instead of 10057
09-15 13:38:06.249   428   428 W installd: Ignoring /data/data/pDeAAgEAAJAqrr0Q6xnk1oe9uVm2gkSYh19AbVTKhzz5WIOKk29QKC/sBgAAgBAQIQQoVk68D78Fk0tREauKpGt with unexpected GID 0 instead of 10100
09-15 13:38:06.259   428   428 W installd: Ignoring /data/data/zDeAAgCAgIANxoj,uSoWUuOapnNUro3Ah19AbVTKhzz5WIOKk29QKC/xEgAAgBAQIgsky2jnFXLjYzaQZFztT+W with unexpected GID 0 instead of 10102
09-15 13:38:06.269   428   428 W installd: Ignoring /data/data/AEeAAgCAgIw7vxC8+hLcaKGFJu237Hk,we7MOV3wtqZd8UMh5OjG7A/eiKwPNN6jw9jcKPH4S9xo9DLH9tsOwUm with unexpected GID 0 instead of 1000
09-15 13:38:06.269   428   428 W installd: Ignoring /data/data/EEeAAgDAwIgU69MGBKGPMgzHwVCqdaHwfztKwwfyBqWxdW0s1kKu+C/7rLaoKpqcxXzjZd53uxWovFxcXVPDpgx with unexpected GID 0 instead of 1073
09-15 13:38:06.276   428   428 W installd: Ignoring /data/data/LEeAAgCAgIgGwMKFUCW45kKK3ibmPpwHAxZCMgj3NCkSCCoIJlSZOD/rKeAAA6DQIA,62MfaO,sw7cT6YYvS,oC with unexpected GID 0 instead of 1000
09-15 13:38:06.293   428   428 W installd: Ignoring /data/data/YEeAAgDAwIwyjepBL1sVgI7VD4MhaVCAu7jUXUzU2H34C6L8yubJXC/qJeAAA6DQIgXK0f7nVXW0hDHs5Z6klXx with unexpected GID 0 instead of 10097
09-15 13:38:06.307   428   428 W installd: Ignoring /data/data/fEeAAADAgIwSEAGzEBCUE0+IG5i0Z9s8h19AbVTKhzz5WIOKk29QKC/iIeAAgBAQIQr2RpkKojpULaFkgK4sAlt with unexpected GID 0 instead of 10087
09-15 13:38:06.309   428   428 W installd: Ignoring /data/data/AAAAAAAAAAQPyf0cE9eLsB8WWrv4,Kpph19AbVTKhzz5WIOKk29QKC/BIeAAgBAQIA+wbSfXu8erejKYuZsaLzS with unexpected GID 0 instead of 10087
09-15 13:38:06.313   428   428 W installd: Ignoring /data/data/nEeAAgCAgIwUCPX3dF0usl3UhIjbpx,FDfpNpSu7agrfPNB6bHocaC/QqgCSoyAK,Z8sG3JzJ,,s20,DJtE4KhH with unexpected GID 0 instead of 10114
09-15 13:38:06.327   428   428 W installd: Ignoring /data/data/0EeAAgCAgIAULAczj0hvxGae4OfFADkiqKS2mgF0KvnKkvjhsymI7A/jIeAAA6DQIAJGpfuFdXZYvqs+I4zoYd+ with unexpected GID 0 instead of 1000
09-15 13:38:06.360   428   428 W installd: Ignoring /data/data/EFeAAgCAgIQYdPwW1kS48cuFijCpdPkiyks+nA+qdanNdJfwMeEyxj0Jwu4sqTvwW8j3wNfmPpJ/FBkkyRmqYSnps3hPZDn8K,bA,KQSHN7L with unexpected GID 0 instead of 10093
09-15 13:38:06.360   426   602 E idmap2d : no resources were overlaid
09-15 13:38:06.376   428   428 W installd: Ignoring /data/data/RFeAAgCAgIwZ2nWMzUteLeQF7cAAsJlrbzT4cir+bGVRSFZJFc0CND/ZTA4m7CxTR2rCMejM0P,V7epq57GA9+S with unexpected GID 0 instead of 10103
09-15 13:38:06.398   428   428 W installd: Ignoring /data/data/bFeAAgCAgIw8p0tQ7S5ObZepB2zX+4xMqvMCAdF98pMHpLqDdKXQoPGXZBFvcaq6edIMH51zYbO/Of+rjC90BsZVXf9pB,ZMiXtqQZ9njsZm with unexpected GID 0 instead of 1073
09-15 13:38:06.421   428   428 W installd: Ignoring /data/data/oFeAAgDAwIABooLgfnxA01,IFCpA2ZtJ3a+Gp14KIHIe7YVfd9NFKCj+zs,buL2xYV0g5s8J,ED/I0cticE2UrhXbtTpGs+kjMVi1uvq6IGC with unexpected GID 0 instead of 1000
09-15 13:38:06.455   428   428 W installd: Ignoring /data/data/KGeAAgDAwIwQo5Y8gRA3PrHa71YFonC8zWTQu6vvlimT4YIdXU1X8A/FOOccvedX4pwbI7bhRkmFxsxZ0224rR4 with unexpected GID 0 instead of 1000
09-15 13:38:06.459   428   428 W installd: Ignoring /data/data/RGeAAgCAgIw8p0tQ7S5ObZepB2zX+4xMymkA,QpYIAhVR+KXYiGpU1sWV8UBWqO,LtJxp2s0pzN/seiBmMdCPzxV3wQ+rI9mgjfsL8Lg33Dc with unexpected GID 0 instead of 1073
09-15 13:38:06.483   428   428 W installd: Ignoring /data/data/qGeAAgDAwIgojieiOZmjRdoxBNe9VvAgEim7RbQ0hR4rRi97Bg6ulC/wsYmXm0zioCMzG+4craAFb4T0iwzf2iX with unexpected GID 0 instead of 1000
09-15 13:38:06.502   428   428 W installd: Ignoring /data/data/0GeAAgCAgIA7jCtqUylRhNxSmHSzLJsAqsBd1OgkjSzDGz7X9HZrectP+I1AfI9SbKGXgQIh1vM/3HeAAgBAQIgDwEMksLQdeyttOWuOrVOd with unexpected GID 0 instead of 10115
09-15 13:38:06.520   428   428 W installd: Ignoring /data/data/BHeAAgCAgIQwJ1Mkd4TNAvuxRtqrzO3nqKS2mgF0KvnKkvjhsymI7A/i2nFEISDa6Xt79K19HSwUPYReML59itY with unexpected GID 0 instead of 1000
09-15 13:38:06.556   428   428 W installd: Ignoring /data/data/dHeAAgCAgIArhwESIDEp3lduQN8RrwbBf+j+xIsKf,iVD4dW7s6hYC/MGeBSlzdAMFngVLWJ7JgQPLa6xKBk+Yz with unexpected GID 0 instead of 1002
09-15 13:38:06.790   523   598 D SystemServerTimingAsync: AppDataFixup took to complete: 1224ms
09-15 13:38:06.813   523   523 D SystemServerTiming: StartOverlayManagerService took to complete: 845ms
09-15 13:38:06.813   523   523 I SystemServerTiming: StartSensorPrivacyService
09-15 13:38:06.815   523   523 D SystemServerTiming: StartSensorPrivacyService took to complete: 2ms
09-15 13:38:06.816   523   604 I SystemServerTimingAsync: InitThreadPoolExec:StartSensorService
09-15 13:38:06.816   523   604 D SystemServerInitThreadPool: Started executing StartSensorService
09-15 13:38:06.816   523   604 I SystemServerTimingAsync: StartSensorService
09-15 13:38:06.816   523   604 D SensorService: nuSensorService starting...
09-15 13:38:06.818   523   523 D SystemServerTiming: startBootstrapServices took to complete: 5316ms
09-15 13:38:06.819   523   523 I SystemServerTiming: startCoreServices
09-15 13:38:06.819   523   523 I SystemServerTiming: StartSystemConfigService
09-15 13:38:06.819   523   523 I SystemServiceManager: Starting com.android.server.SystemConfigService
09-15 13:38:06.823   523   523 D SystemServerTiming: StartSystemConfigService took to complete: 4ms
09-15 13:38:06.823   523   523 I SystemServerTiming: StartBatteryService
09-15 13:38:06.823   523   523 I SystemServiceManager: Starting com.android.server.BatteryService
09-15 13:38:06.835   523   604 W SensorService: Goldfish 3-axis Accelerometer's max range 39.299999 is not a multiple of the resolution 0.000248
09-15 13:38:06.835   523   604 W SensorService: Goldfish 3-axis Gyroscope's max range 16.459999 is not a multiple of the resolution 0.001000
09-15 13:38:06.835   523   604 I SensorService: Reported power 0.000000 not deemed sane, clamping to 0.001000
09-15 13:38:06.835   523   604 W SensorService: Goldfish 3-axis Gyroscope (uncalibrated)'s max range 16.459999 is not a multiple of the resolution 0.001000
09-15 13:38:06.837   523   523 I android_os_HwBinder: HwBinder: Starting thread pool for getting: android.hardware.health@2.0::IHealth/default
09-15 13:38:06.839   423   423 I HidlServiceManagement: Registered android.frameworks.cameraservice.service@2.1::ICameraService/default (start delay of 9914ms)
09-15 13:38:06.841   423   423 I CameraService: CameraService pinged cameraservice proxy
09-15 13:38:06.844   523   608 D SensorService: new thread SensorEventAckReceiver
09-15 13:38:06.847   423   423 I cameraserver: ServiceManager: 0xebb40710 done instantiate
09-15 13:38:06.847   523   604 E HistoricalRegistry: Interaction before persistence initialized
09-15 13:38:06.848   523   609 D SensorService: nuSensorService thread starting...
09-15 13:38:06.848   523   559 E BluetoothAdapter: Bluetooth binder is null
09-15 13:38:06.849   523   604 D SystemServerTimingAsync: StartSensorService took to complete: 33ms
09-15 13:38:06.849   523   604 D SystemServerInitThreadPool: Finished executing StartSensorService
09-15 13:38:06.849   523   604 D SystemServerTimingAsync: InitThreadPoolExec:StartSensorService took to complete: 33ms
09-15 13:38:06.972     0     0 W healthd : battery l=100 v=5000 t=25.0 h=2 st=4 c=900000 fc=300000 cc=10 chg=
09-15 13:38:06.855   523   523 I android_os_HwBinder: HwBinder: Starting thread pool for getting: android.hidl.manager@1.0::IServiceManager/default
09-15 13:38:06.862   206   209 E android.system.suspend@1.0-service: Error opening kernel wakelock stats for: wakeup34: Permission denied
09-15 13:38:06.863   523   523 I HealthServiceWrapper: health: HealthServiceWrapper listening to instance default
09-15 13:38:06.863   523   523 I BatteryService: health: Waited 0ms and received the update.
09-15 13:38:06.866   523   523 D SystemServerTiming: StartBatteryService took to complete: 43ms
09-15 13:38:06.866   523   523 I SystemServerTiming: StartUsageService
09-15 13:38:06.867   523   523 I SystemServiceManager: Starting com.android.server.usage.UsageStatsService
09-15 13:38:06.856   206   206 W Binder:206_2: type=1400 audit(0.0:12): avc: denied { read } for name="wakeup34" dev="sysfs" ino=18950 scontext=u:r:system_suspend:s0 tcontext=u:object_r:sysfs:s0 tclass=dir permissive=0
09-15 13:38:06.874   523   612 I android_os_HwBinder: HwBinder: Starting thread pool for getting: android.hardware.health@2.0::IHealth/default
09-15 13:38:06.875   206   209 E android.system.suspend@1.0-service: Error opening kernel wakelock stats for: wakeup35: Permission denied
09-15 13:38:06.881   523   559 I BatteryStatsImpl: Resetting battery stats: level=100 status=4 dischargeLevel=100 lowAmount=0 highAmount=0
09-15 13:38:06.872   206   206 W Binder:206_2: type=1400 audit(0.0:13): avc: denied { read } for name="wakeup35" dev="sysfs" ino=19013 scontext=u:r:system_suspend:s0 tcontext=u:object_r:sysfs:s0 tclass=dir permissive=0
09-15 13:38:06.911   523   523 D SystemServerTiming: StartUsageService took to complete: 45ms
09-15 13:38:06.911   523   523 I SystemServerTiming: StartWebViewUpdateService
09-15 13:38:06.913   523   523 I SystemServiceManager: Starting com.android.server.webkit.WebViewUpdateService
09-15 13:38:06.923   206   209 E android.system.suspend@1.0-service: Error opening kernel wakelock stats for: wakeup34: Permission denied
09-15 13:38:06.930   206   209 E android.system.suspend@1.0-service: Error opening kernel wakelock stats for: wakeup35: Permission denied
09-15 13:38:06.930   523   523 D SystemServerTiming: StartWebViewUpdateService took to complete: 18ms
09-15 13:38:06.930   523   523 I SystemServerTiming: StartCachedDeviceStateService
09-15 13:38:06.930   523   523 I SystemServiceManager: Starting com.android.server.CachedDeviceStateService
09-15 13:38:06.931   523   523 D SystemServerTiming: StartCachedDeviceStateService took to complete: 1ms
09-15 13:38:06.931   523   523 I SystemServerTiming: StartBinderCallsStatsService
09-15 13:38:06.931   523   523 I SystemServiceManager: Starting com.android.server.BinderCallsStatsService$LifeCycle
09-15 13:38:06.916   206   206 W Binder:206_2: type=1400 audit(0.0:14): avc: denied { read } for name="wakeup34" dev="sysfs" ino=18950 scontext=u:r:system_suspend:s0 tcontext=u:object_r:sysfs:s0 tclass=dir permissive=0
09-15 13:38:06.933   523   523 D SystemServerTiming: StartBinderCallsStatsService took to complete: 2ms
09-15 13:38:06.933   523   523 I SystemServerTiming: StartLooperStatsService
09-15 13:38:06.933   523   523 I SystemServiceManager: Starting com.android.server.LooperStatsService$Lifecycle
09-15 13:38:06.936   523   523 D SystemServerTiming: StartLooperStatsService took to complete: 3ms
09-15 13:38:06.937   523   523 I SystemServerTiming: StartRollbackManagerService
09-15 13:38:06.937   523   523 I SystemServiceManager: Starting com.android.server.rollback.RollbackManagerService
09-15 13:38:06.939   428   597 D installd: Found quota mount /dev/block/dm-5 at /data
09-15 13:38:06.940   428   597 D installd: Found quota mount /dev/block/dm-5 at /data/user/0
09-15 13:38:06.924   206   206 W Binder:206_2: type=1400 audit(0.0:15): avc: denied { read } for name="wakeup35" dev="sysfs" ino=19013 scontext=u:r:system_suspend:s0 tcontext=u:object_r:sysfs:s0 tclass=dir permissive=0
09-15 13:38:06.949   523   523 I PackageWatchdog: Syncing state, reason: added new observer
09-15 13:38:06.950   523   523 I PackageWatchdog: Not pruning observers, elapsed time: 0ms
09-15 13:38:06.950   523   523 I PackageWatchdog: Cancelling state sync, nothing to sync
09-15 13:38:06.955   523   523 D SystemServerTiming: StartRollbackManagerService took to complete: 18ms
09-15 13:38:06.955   523   523 I SystemServerTiming: StartBugreportManagerService
09-15 13:38:06.955   523   523 I SystemServiceManager: Starting com.android.server.os.BugreportManagerService
09-15 13:38:06.956   523   523 D SystemServerTiming: StartBugreportManagerService took to complete: 0ms
09-15 13:38:06.956   523   523 I SystemServerTiming: GpuService
09-15 13:38:06.956   523   523 I SystemServiceManager: Starting com.android.server.gpu.GpuService
09-15 13:38:06.956   523   523 D SystemServerTiming: GpuService took to complete: 0ms
09-15 13:38:06.956   523   523 D SystemServerTiming: startCoreServices took to complete: 137ms
09-15 13:38:06.956   523   523 I SystemServerTiming: startOtherServices
09-15 13:38:06.958   523   523 I SystemServerTiming: StartKeyAttestationApplicationIdProviderService
09-15 13:38:06.963   523   615 I SystemServerTimingAsync: InitThreadPoolExec:SecondaryZygotePreload
09-15 13:38:06.963   523   523 D SystemServerTiming: StartKeyAttestationApplicationIdProviderService took to complete: 5ms
09-15 13:38:06.963   523   523 I SystemServerTiming: StartKeyChainSystemService
09-15 13:38:06.963   523   523 I SystemServiceManager: Starting com.android.server.security.KeyChainSystemService
09-15 13:38:06.964   523   523 D SystemServerTiming: StartKeyChainSystemService took to complete: 0ms
09-15 13:38:06.964   523   523 I SystemServerTiming: StartSchedulingPolicyService
09-15 13:38:06.964   523   615 D SystemServerInitThreadPool: Started executing SecondaryZygotePreload
09-15 13:38:06.964   523   615 I SystemServer: SecondaryZygotePreload
09-15 13:38:06.964   523   615 I SystemServerTimingAsync: SecondaryZygotePreload
09-15 13:38:06.965   523   551 I SystemServerTimingAsync: InitThreadPoolExec:SchedulingPolicyService.<init>
09-15 13:38:06.965   523   551 D SystemServerInitThreadPool: Started executing SchedulingPolicyService.<init>
09-15 13:38:06.970   523   523 D SystemServerTiming: StartSchedulingPolicyService took to complete: 6ms
09-15 13:38:06.970   523   523 I SystemServerTiming: StartTelecomLoaderService
09-15 13:38:06.970   523   523 I SystemServiceManager: Starting com.android.server.telecom.TelecomLoaderService
09-15 13:38:06.971   523   523 D SystemServerTiming: StartTelecomLoaderService took to complete: 1ms
09-15 13:38:06.971   523   523 I SystemServerTiming: StartTelephonyRegistry
09-15 13:38:06.976   523   551 I SchedulingPolicyService: Moving 448 back to group default
09-15 13:38:06.979   523   551 D SystemServerInitThreadPool: Finished executing SchedulingPolicyService.<init>
09-15 13:38:06.979   523   551 D SystemServerTimingAsync: InitThreadPoolExec:SchedulingPolicyService.<init> took to complete: 14ms
09-15 13:38:06.983   523   523 D SystemServerTiming: StartTelephonyRegistry took to complete: 12ms
09-15 13:38:06.983   523   523 I SystemServerTiming: StartEntropyMixer
09-15 13:38:06.984   523   615 E SystemServer: Unable to preload default resources
09-15 13:38:06.985   523   615 D SystemServerTimingAsync: SecondaryZygotePreload took to complete: 21ms
09-15 13:38:06.985   523   615 D SystemServerInitThreadPool: Finished executing SecondaryZygotePreload
09-15 13:38:06.985   523   615 D SystemServerTimingAsync: InitThreadPoolExec:SecondaryZygotePreload took to complete: 21ms
09-15 13:38:06.990   523   552 I PackageWatchdog: Saving observer state to file
09-15 13:38:07.007   523   523 I EntropyMixer: Added HW RNG output to entropy pool
09-15 13:38:07.007   523   523 I EntropyMixer: Writing entropy...
09-15 13:38:07.037   523   523 D SystemServerTiming: StartEntropyMixer took to complete: 54ms
09-15 13:38:07.037   523   523 I SystemServerTiming: StartAccountManagerService
09-15 13:38:07.038   523   523 I SystemServiceManager: Starting com.android.server.accounts.AccountManagerService$Lifecycle
09-15 13:38:07.056   523   523 D CompatibilityChangeReporter: Compat change id reported: 148180766; UID 1000; state: ENABLED
09-15 13:38:07.057   523   523 D SystemServerTiming: StartAccountManagerService took to complete: 20ms
09-15 13:38:07.058   523   523 I SystemServerTiming: StartContentService
09-15 13:38:07.058   523   523 I SystemServiceManager: Starting com.android.server.content.ContentService$Lifecycle
09-15 13:38:07.074   523   523 D SystemServerTiming: StartContentService took to complete: 16ms
09-15 13:38:07.075   523   523 I SystemServerTiming: InstallSystemProviders
09-15 13:38:07.099   428   603 W cutils  : Expected path /data/user_de/0/com.google.android.gms with mode 700 but found 711
09-15 13:38:07.119   523   523 I system_server: The ClassLoaderContext is a special shared library.
09-15 13:38:07.201   523   523 W SettingsState: No settings state /data/system/users/0/settings_config.xml
09-15 13:38:07.208   523   523 I SettingsState: directory info for directory/file /data/system/users/0/settings_config.xml with stacktrace 
09-15 13:38:07.208   523   523 I SettingsState: java.lang.Exception
09-15 13:38:07.208   523   523 I SettingsState: 	at com.android.providers.settings.SettingsState.logSettingsDirectoryInformation(SettingsState.java:892)
09-15 13:38:07.208   523   523 I SettingsState: 	at com.android.providers.settings.SettingsState.readStateSyncLocked(SettingsState.java:1011)
09-15 13:38:07.208   523   523 I SettingsState: 	at com.android.providers.settings.SettingsState.<init>(SettingsState.java:292)
09-15 13:38:07.208   523   523 I SettingsState: 	at com.android.providers.settings.SettingsProvider$SettingsRegistry.ensureSettingsStateLocked(SettingsProvider.java:2783)
09-15 13:38:07.208   523   523 I SettingsState: 	at com.android.providers.settings.SettingsProvider$SettingsRegistry.ensureSettingsForUserLocked(SettingsProvider.java:2748)
09-15 13:38:07.208   523   523 I SettingsState: 	at com.android.providers.settings.SettingsProvider$SettingsRegistry.peekSettingsStateLocked(SettingsProvider.java:3091)
09-15 13:38:07.208   523   523 I SettingsState: 	at com.android.providers.settings.SettingsProvider$SettingsRegistry.getSettingsNamesLocked(SettingsProvider.java:2713)
09-15 13:38:07.208   523   523 I SettingsState: 	at com.android.providers.settings.SettingsProvider$SettingsRegistry.syncSsaidTableOnStart(SettingsProvider.java:2695)
09-15 13:38:07.208   523   523 I SettingsState: 	at com.android.providers.settings.SettingsProvider$SettingsRegistry.<init>(SettingsProvider.java:2588)
09-15 13:38:07.208   523   523 I SettingsState: 	at com.android.providers.settings.SettingsProvider.onCreate(SettingsProvider.java:347)
09-15 13:38:07.208   523   523 I SettingsState: 	at android.content.ContentProvider.attachInfo(ContentProvider.java:2388)
09-15 13:38:07.208   523   523 I SettingsState: 	at android.content.ContentProvider.attachInfo(ContentProvider.java:2358)
09-15 13:38:07.208   523   523 I SettingsState: 	at android.app.ActivityThread.installProvider(ActivityThread.java:7239)
09-15 13:38:07.208   523   523 I SettingsState: 	at android.app.ActivityThread.installContentProviders(ActivityThread.java:6780)
09-15 13:38:07.208   523   523 I SettingsState: 	at android.app.ActivityThread.installSystemProviders(ActivityThread.java:7431)
09-15 13:38:07.208   523   523 I SettingsState: 	at com.android.server.am.ActivityManagerService.installSystemProviders(ActivityManagerService.java:7917)
09-15 13:38:07.208   523   523 I SettingsState: 	at com.android.server.SystemServer.startOtherServices(SystemServer.java:1116)
09-15 13:38:07.208   523   523 I SettingsState: 	at com.android.server.SystemServer.run(SystemServer.java:592)
09-15 13:38:07.208   523   523 I SettingsState: 	at com.android.server.SystemServer.main(SystemServer.java:408)
09-15 13:38:07.208   523   523 I SettingsState: 	at java.lang.reflect.Method.invoke(Native Method)
09-15 13:38:07.208   523   523 I SettingsState: 	at com.android.internal.os.RuntimeInit$MethodAndArgsCaller.run(RuntimeInit.java:592)
09-15 13:38:07.208   523   523 I SettingsState: 	at com.android.internal.os.ZygoteInit.main(ZygoteInit.java:925)
09-15 13:38:07.209   523   523 I SettingsState: ancestor directory /data/system/users/0 exists
09-15 13:38:07.209   523   523 I SettingsState: ancestor directory /data/system/users/0 permissions: r: true w: true x: true
09-15 13:38:07.209   523   523 I SettingsState: ancestor's parent directory /data/system/users permissions: r: true w: true x: true
09-15 13:38:07.252   430   430 D iorapd  : iorapd.perfetto.enable = true
09-15 13:38:07.253   430   430 D iorapd  : iorapd.readahead.enable = true
09-15 13:38:07.253   430   430 D iorapd  : iorapd.maintenance.min_traces = 1
09-15 13:38:07.263   430   430 W iorapd  : Reconnect to package manager service: 1 times
09-15 13:38:07.307   523   523 D SystemServerTiming: InstallSystemProviders took to complete: 232ms
09-15 13:38:07.308   523   523 I SystemServerTiming: StartDropBoxManager
09-15 13:38:07.308   523   523 I SystemServiceManager: Starting com.android.server.DropBoxManagerService
09-15 13:38:07.310   523   523 D SystemServerTiming: StartDropBoxManager took to complete: 2ms
09-15 13:38:07.311   523   523 I SystemServerTiming: StartVibratorService
09-15 13:38:07.320   172   172 I servicemanager: Found android.hardware.vibrator.IVibrator/default in device VINTF manifest.
09-15 13:38:07.325   367   367 I android.hardware.vibrator-service.example: Vibrator reporting capabilities
09-15 13:38:07.327   367   367 I android.hardware.vibrator-service.example: Vibrator off
09-15 13:38:07.330   367   367 I android.hardware.vibrator-service.example: Vibrator reporting capabilities
09-15 13:38:07.336   523   523 D SystemServerTiming: StartVibratorService took to complete: 25ms
09-15 13:38:07.338   523   523 I SystemServerTiming: StartDynamicSystemService
09-15 13:38:07.341   523   523 D SystemServerTiming: StartDynamicSystemService took to complete: 3ms
09-15 13:38:07.341   523   523 I SystemServerTiming: StartConsumerIrService
09-15 13:38:07.330   367   367 I chatty  : uid=1000(system) android.hardwar identical 1 line
09-15 13:38:07.330   367   367 I android.hardware.vibrator-service.example: Vibrator reporting capabilities
09-15 13:38:07.342   173   173 I hwservicemanager: getTransport: Cannot find entry android.hardware.ir@1.0::IConsumerIr/default in either framework or device manifest.
09-15 13:38:07.345   523   523 D SystemServerTiming: StartConsumerIrService took to complete: 4ms
09-15 13:38:07.345   523   523 I SystemServerTiming: StartAlarmManagerService
09-15 13:38:07.360   618   618 D iorap.prefetcherd: Installing minijail
09-15 13:38:07.361   618   618 W iorap.prefetcherd: No seccomp filter defined for this architecture.
09-15 13:38:07.365   523   523 D AlarmManagerService: Kernel timezone updated to -330 minutes west of GMT
09-15 13:38:07.367   523   523 E HistoricalRegistry: Interaction before persistence initialized
09-15 13:38:07.368   523   523 D SystemServerTiming: StartAlarmManagerService took to complete: 23ms
09-15 13:38:07.368   523   523 I SystemServerTiming: StartInputManagerService
09-15 13:38:07.378   523   523 I InputManager: Initializing input manager, mUseDevInputEventForAudioJack=true
09-15 13:38:07.388   523   523 D SystemServerTiming: StartInputManagerService took to complete: 20ms
09-15 13:38:07.388   523   523 I SystemServerTiming: StartWindowManagerService
09-15 13:38:07.401   523   598 D SystemServerTimingAsync: AppDataPrepare took to complete: 611ms
09-15 13:38:07.401   523   598 I PackageManager: Deferred reconcileAppsData finished 144 packages
09-15 13:38:07.401   523   598 D SystemServerInitThreadPool: Finished executing prepareAppData
09-15 13:38:07.401   523   598 D SystemServerTimingAsync: InitThreadPoolExec:prepareAppData took to complete: 1837ms
09-15 13:38:07.401   523   547 I WindowManager: No existing display settings, starting empty
09-15 13:38:07.422   523   547 I WindowTracing: Setting window tracing log level to 1
09-15 13:38:07.423   523   547 I WindowTracing: Setting window tracing buffer capacity to 2097152bytes
09-15 13:38:07.439   523   523 D SystemServerTiming: StartWindowManagerService took to complete: 51ms
09-15 13:38:07.440   523   523 I SystemServerTiming: SetWindowManagerService
09-15 13:38:07.453   523   546 I DropBoxManagerService: add tag=system_server_strictmode isTagEnabled=true flags=0x2
09-15 13:38:07.508   523   546 I chatty  : uid=1000(system) android.io identical 3 lines
09-15 13:38:07.515   523   546 I DropBoxManagerService: add tag=system_server_strictmode isTagEnabled=true flags=0x2
09-15 13:38:07.537   523   523 I ActivityTaskManager: Loaded persisted task ids for user 0
09-15 13:38:07.555   523   523 D SystemServerTiming: SetWindowManagerService took to complete: 115ms
09-15 13:38:07.555   523   523 I SystemServerTiming: WindowManagerServiceOnInitReady
09-15 13:38:07.570   523   523 D SystemServerTiming: WindowManagerServiceOnInitReady took to complete: 15ms
09-15 13:38:07.571   523   523 I SystemServerTiming: StartInputManager
09-15 13:38:07.572   523   604 I SystemServerTimingAsync: InitThreadPoolExec:StartHidlServices
09-15 13:38:07.572   523   604 D SystemServerInitThreadPool: Started executing StartHidlServices
09-15 13:38:07.572   523   604 I SystemServerTimingAsync: StartHidlServices
09-15 13:38:07.572   523   523 I InputManager: Starting input manager
09-15 13:38:07.576   523   523 I InputManager: Enabling motion classifier because just booted: feature enabled, long press timeout = 400
09-15 13:38:07.577   523   523 I InputClassifier: Enabling motion classifier
09-15 13:38:07.580   523   604 I HidlServiceManagement: Registered android.frameworks.sensorservice@1.0::ISensorManager/default (start delay of 7064ms)
09-15 13:38:07.581   523   523 D SystemServerTiming: StartInputManager took to complete: 9ms
09-15 13:38:07.581   523   523 I SystemServerTiming: DisplayManagerWindowManagerAndInputReady
09-15 13:38:07.581   523   523 D SystemServerTiming: DisplayManagerWindowManagerAndInputReady took to complete: 0ms
09-15 13:38:07.581   523   523 I SystemServerTiming: StartBluetoothService
09-15 13:38:07.582   523   523 I SystemServiceManager: Starting com.android.server.BluetoothService
09-15 13:38:07.582   173   173 I hwservicemanager: Since android.hardware.input.classifier@1.0::IInputClassifier/default is not registered, trying to start it as a lazy HAL.
09-15 13:38:07.585   523   604 I HidlServiceManagement: Registered android.frameworks.schedulerservice@1.0::ISchedulingPolicyService/default (start delay of 7070ms)
09-15 13:38:07.591   173   173 I hwservicemanager: Since android.hardware.input.classifier@1.0::IInputClassifier/default is not registered, trying to start it as a lazy HAL.
09-15 13:38:07.592   523   624 I HidlServiceManagement: getService: Trying again for android.hardware.input.classifier@1.0::IInputClassifier/default...
09-15 13:38:07.068     0     0 W healthd : battery l=100 v=5000 t=25.0 h=2 st=4 c=900000 fc=300000 cc=10 chg=
09-15 13:38:07.722     0     0 I init    : starting service 'vendor.input.classifier-1-0'...
09-15 13:38:07.598   523   604 I HidlServiceManagement: Registered android.frameworks.stats@1.0::IStats/default (start delay of 7081ms)
09-15 13:38:07.598   523   604 D SystemServerTimingAsync: StartHidlServices took to complete: 26ms
09-15 13:38:07.598   523   604 D SystemServerInitThreadPool: Finished executing StartHidlServices
09-15 13:38:07.598   523   604 D SystemServerTimingAsync: InitThreadPoolExec:StartHidlServices took to complete: 26ms
09-15 13:38:07.599   523   623 D EventHub: No input device configuration file found for device 'Power Button'.
09-15 13:38:07.620   523   623 W EventHub: Unable to disable kernel key repeat for /dev/input/event0: Function not implemented
09-15 13:38:07.620   523   623 I EventHub: usingClockIoctl=true
09-15 13:38:07.620   523   623 I EventHub: New device: id=1, fd=150, path='/dev/input/event0', name='Power Button', classes=0x1, configuration='', keyLayout='/system/usr/keylayout/Generic.kl', keyCharacterMap='/system/usr/keychars/Generic.kcm', builtinKeyboard=false, 
09-15 13:38:07.627   523   623 I EventHub: usingClockIoctl=true
09-15 13:38:07.627   523   623 I EventHub: New device: id=2, fd=151, path='/dev/input/event10', name='virtio_input_multi_touch_9', classes=0x94, configuration='/vendor/usr/idc/virtio_input_multi_touch_9.idc', keyLayout='', keyCharacterMap='', builtinKeyboard=false, 
09-15 13:38:07.630   523   623 I EventHub: usingClockIoctl=true
09-15 13:38:07.630   523   623 I EventHub: New device: id=3, fd=152, path='/dev/input/event8', name='virtio_input_multi_touch_7', classes=0x94, configuration='/vendor/usr/idc/virtio_input_multi_touch_7.idc', keyLayout='', keyCharacterMap='', builtinKeyboard=false, 
09-15 13:38:07.630   523   523 D BluetoothManagerService: Loading stored name and address
09-15 13:38:07.631   523   523 D BluetoothManagerService: Stored bluetooth Name=Android SDK built for x86,Address=3C:5A:B4:01:02:03
09-15 13:38:07.748     0     0 I init    : Control message: Processed ctl.interface_start for 'android.hardware.input.classifier@1.0::IInputClassifier/default' from pid: 173 (/system/bin/hwservicemanager)
09-15 13:38:07.631   523   523 D BluetoothManagerService: Bluetooth persisted state: 1
09-15 13:38:07.631   523   523 D BluetoothManagerService: Startup: Bluetooth persisted state is ON.
09-15 13:38:07.632   523   623 I EventHub: usingClockIoctl=true
09-15 13:38:07.632   523   623 I EventHub: New device: id=4, fd=153, path='/dev/input/event11', name='virtio_input_multi_touch_10', classes=0x94, configuration='/vendor/usr/idc/virtio_input_multi_touch_10.idc', keyLayout='', keyCharacterMap='', builtinKeyboard=false, 
09-15 13:38:07.635   523   523 D BluetoothManagerService: Detected SystemUiUid: 10112
09-15 13:38:07.635   523   523 D SystemServerTiming: StartBluetoothService took to complete: 54ms
09-15 13:38:07.636   523   523 I SystemServerTiming: IpConnectivityMetrics
09-15 13:38:07.636   523   523 I SystemServiceManager: Starting com.android.server.connectivity.IpConnectivityMetrics
09-15 13:38:07.636   523   623 I EventHub: usingClockIoctl=true
09-15 13:38:07.636   523   623 I EventHub: New device: id=5, fd=154, path='/dev/input/event5', name='virtio_input_multi_touch_4', classes=0x94, configuration='/vendor/usr/idc/virtio_input_multi_touch_4.idc', keyLayout='', keyCharacterMap='', builtinKeyboard=false, 
09-15 13:38:07.639   523   623 I EventHub: usingClockIoctl=true
09-15 13:38:07.639   523   623 I EventHub: New device: id=6, fd=155, path='/dev/input/event2', name='virtio_input_multi_touch_1', classes=0x94, configuration='/vendor/usr/idc/virtio_input_multi_touch_1.idc', keyLayout='', keyCharacterMap='', builtinKeyboard=false, 
09-15 13:38:07.643   523   623 I EventHub: usingClockIoctl=true
09-15 13:38:07.643   523   623 I EventHub: New device: id=7, fd=156, path='/dev/input/event7', name='virtio_input_multi_touch_6', classes=0x94, configuration='/vendor/usr/idc/virtio_input_multi_touch_6.idc', keyLayout='', keyCharacterMap='', builtinKeyboard=false, 
09-15 13:38:07.645   523   623 I EventHub: usingClockIoctl=true
09-15 13:38:07.645   523   623 I EventHub: New device: id=8, fd=157, path='/dev/input/event4', name='virtio_input_multi_touch_3', classes=0x94, configuration='/vendor/usr/idc/virtio_input_multi_touch_3.idc', keyLayout='', keyCharacterMap='', builtinKeyboard=false, 
09-15 13:38:07.655   523   523 D SystemServerTiming: IpConnectivityMetrics took to complete: 19ms
09-15 13:38:07.655   523   523 I SystemServerTiming: NetworkWatchlistService
09-15 13:38:07.655   523   523 I SystemServiceManager: Starting com.android.server.net.watchlist.NetworkWatchlistService$Lifecycle
09-15 13:38:07.656   523   623 I EventHub: usingClockIoctl=true
09-15 13:38:07.656   523   623 I EventHub: New device: id=9, fd=158, path='/dev/input/event12', name='virtio_input_multi_touch_11', classes=0x94, configuration='/vendor/usr/idc/virtio_input_multi_touch_11.idc', keyLayout='', keyCharacterMap='', builtinKeyboard=false, 
09-15 13:38:07.665   523   623 I EventHub: usingClockIoctl=true
09-15 13:38:07.665   523   623 I EventHub: New device: id=10, fd=159, path='/dev/input/event6', name='virtio_input_multi_touch_5', classes=0x94, configuration='/vendor/usr/idc/virtio_input_multi_touch_5.idc', keyLayout='', keyCharacterMap='', builtinKeyboard=false, 
09-15 13:38:07.668   523   623 I EventHub: usingClockIoctl=true
09-15 13:38:07.668   523   623 I EventHub: New device: id=11, fd=162, path='/dev/input/event3', name='virtio_input_multi_touch_2', classes=0x94, configuration='/vendor/usr/idc/virtio_input_multi_touch_2.idc', keyLayout='', keyCharacterMap='', builtinKeyboard=false, 
09-15 13:38:07.669   523   623 D EventHub: No input device configuration file found for device 'AT Translated Set 2 keyboard'.
09-15 13:38:07.673   523   623 I EventHub: usingClockIoctl=true
09-15 13:38:07.673   523   623 I EventHub: New device: id=12, fd=163, path='/dev/input/event1', name='AT Translated Set 2 keyboard', classes=0x83, configuration='', keyLayout='/system/usr/keylayout/Generic.kl', keyCharacterMap='/system/usr/keychars/Generic.kcm', builtinKeyboard=false, 
09-15 13:38:07.677   523   523 I WatchlistSettings: Reload watchlist settings done
09-15 13:38:07.679   523   623 I EventHub: usingClockIoctl=true
09-15 13:38:07.679   523   623 I EventHub: New device: id=13, fd=165, path='/dev/input/event9', name='virtio_input_multi_touch_8', classes=0x94, configuration='/vendor/usr/idc/virtio_input_multi_touch_8.idc', keyLayout='', keyCharacterMap='', builtinKeyboard=false, 
09-15 13:38:07.684   523   523 D SystemServerTiming: NetworkWatchlistService took to complete: 29ms
09-15 13:38:07.684   523   523 I SystemServerTiming: PinnerService
09-15 13:38:07.685   523   523 I SystemServiceManager: Starting com.android.server.PinnerService
09-15 13:38:07.687   523   623 I EventHub: usingClockIoctl=true
09-15 13:38:07.687   523   623 I EventHub: New device: id=14, fd=164, path='/dev/input/event13', name='qwerty2', classes=0xa3, configuration='/vendor/usr/idc/qwerty2.idc', keyLayout='/vendor/usr/keylayout/qwerty.kl', keyCharacterMap='/system/usr/keychars/qwerty2.kcm', builtinKeyboard=true, 
09-15 13:38:07.688   523   628 I WatchlistLoggingHandler: Start aggregating watchlist records.
09-15 13:38:07.689   523   523 E HistoricalRegistry: Interaction before persistence initialized
09-15 13:38:07.693   523   523 D SystemServerTiming: PinnerService took to complete: 9ms
09-15 13:38:07.694   523   523 I SystemServerTiming: IorapForwardingService
09-15 13:38:07.695   523   523 I SystemServiceManager: Starting com.google.android.startop.iorap.IorapForwardingService
09-15 13:38:07.697   523   623 I InputReader: Device added: id=-1, eventHubId=-1, name='Virtual', descriptor='a718a782d34bc767f4689c232d64d527998ea7fd',sources=0x00000301
09-15 13:38:07.697   523   623 I InputReader: Device added: id=0, eventHubId=0, name='qwerty2', descriptor='e9ac6dde47cf0ffa91b87f7b85e6f8de0933fc98',sources=0x80000301
09-15 13:38:07.698   523   623 I InputReader: Touch device 'virtio_input_multi_touch_8' could not query the properties of its associated display.  The device will be inoperable until the display size becomes available.
09-15 13:38:07.698   523   623 I InputReader: Device added: id=2, eventHubId=13, name='virtio_input_multi_touch_8', descriptor='df0ec362af5f2fec5a1bbb512f6e9556bd6b3fcf',sources=0x80005002
09-15 13:38:07.698   523   623 I InputReader: Device added: id=3, eventHubId=12, name='AT Translated Set 2 keyboard', descriptor='485d69228e24f5e46da1598745890b214130dbc4',sources=0x80000101
09-15 13:38:07.698   523   623 I InputReader: Touch device 'virtio_input_multi_touch_2' could not query the properties of its associated display.  The device will be inoperable until the display size becomes available.
09-15 13:38:07.698   523   623 I InputReader: Device added: id=4, eventHubId=11, name='virtio_input_multi_touch_2', descriptor='929d4636b8e04f50240a26561429a6e91c9eff9e',sources=0x80005002
09-15 13:38:07.698   523   623 I InputReader: Touch device 'virtio_input_multi_touch_5' could not query the properties of its associated display.  The device will be inoperable until the display size becomes available.
09-15 13:38:07.698   523   623 I InputReader: Device added: id=5, eventHubId=10, name='virtio_input_multi_touch_5', descriptor='a009ac16f7539a9e4072c1f537120c35a8163d3b',sources=0x80005002
09-15 13:38:07.698   523   623 I InputReader: Touch device 'virtio_input_multi_touch_11' could not query the properties of its associated display.  The device will be inoperable until the display size becomes available.
09-15 13:38:07.699   523   623 I InputReader: Device added: id=6, eventHubId=9, name='virtio_input_multi_touch_11', descriptor='e760666b71e579617395a5018f318365e9f44147',sources=0x80005002
09-15 13:38:07.699   523   623 I InputReader: Touch device 'virtio_input_multi_touch_3' could not query the properties of its associated display.  The device will be inoperable until the display size becomes available.
09-15 13:38:07.699   523   623 I InputReader: Device added: id=7, eventHubId=8, name='virtio_input_multi_touch_3', descriptor='d02b0eff93435c71d7fcb0c5db2c4e01c700002e',sources=0x80005002
09-15 13:38:07.698   627   627 I HidlServiceManagement: Registered android.hardware.input.classifier@1.0::IInputClassifier/default (start delay of 103ms)
09-15 13:38:07.699   523   623 I InputReader: Touch device 'virtio_input_multi_touch_6' could not query the properties of its associated display.  The device will be inoperable until the display size becomes available.
09-15 13:38:07.700   627   627 I HidlServiceManagement: Removing namespace from process name android.hardware.input.classifier@1.0-service.default to classifier@1.0-service.default.
09-15 13:38:07.700   523   523 E IorapForwardingService: No service published for: iorapd
09-15 13:38:07.700   523   523 E IorapForwardingService: android.os.ServiceManager$ServiceNotFoundException: No service published for: iorapd
09-15 13:38:07.700   523   523 E IorapForwardingService: 	at android.os.ServiceManager.getServiceOrThrow(ServiceManager.java:153)
09-15 13:38:07.700   523   523 E IorapForwardingService: 	at com.google.android.startop.iorap.IorapForwardingService.provideIorapRemote(IorapForwardingService.java:124)
09-15 13:38:07.700   523   523 E IorapForwardingService: 	at com.google.android.startop.iorap.IorapForwardingService.connectToRemoteAndConfigureLocked(IorapForwardingService.java:276)
09-15 13:38:07.700   523   523 E IorapForwardingService: 	at com.google.android.startop.iorap.IorapForwardingService.connectToRemoteAndConfigure(IorapForwardingService.java:258)
09-15 13:38:07.700   523   523 E IorapForwardingService: 	at com.google.android.startop.iorap.IorapForwardingService.retryConnectToRemoteAndConfigure(IorapForwardingService.java:232)
09-15 13:38:07.700   523   523 E IorapForwardingService: 	at com.google.android.startop.iorap.IorapForwardingService.onStart(IorapForwardingService.java:170)
09-15 13:38:07.700   523   523 E IorapForwardingService: 	at com.android.server.SystemServiceManager.startService(SystemServiceManager.java:178)
09-15 13:38:07.700   523   523 E IorapForwardingService: 	at com.android.server.SystemServiceManager.startService(SystemServiceManager.java:165)
09-15 13:38:07.700   523   523 E IorapForwardingService: 	at com.android.server.SystemServer.startOtherServices(SystemServer.java:1223)
09-15 13:38:07.700   523   523 E IorapForwardingService: 	at com.android.server.SystemServer.run(SystemServer.java:592)
09-15 13:38:07.700   523   523 E IorapForwardingService: 	at com.android.server.SystemServer.main(SystemServer.java:408)
09-15 13:38:07.700   523   523 E IorapForwardingService: 	at java.lang.reflect.Method.invoke(Native Method)
