09-15 13:37:55.964   282   282 E LibBpfLoader: No progs section could be found in elf object
09-15 13:37:55.964   282   282 D LibBpfLoader: Loaded code section 3 (schedcls_ingress_clat_ether)
09-15 13:37:55.964     0     0 I selinux : SELinux: Skipping restorecon on directory(/data/misc/apexdata/com.android.wifi)
09-15 13:37:55.964   282   282 D LibBpfLoader: Loaded relo section 3 (.relschedcls/ingress/clat_ether)
09-15 13:37:55.965   282   282 D LibBpfLoader: Adding section 3 to cs list
09-15 13:37:55.965   282   282 D LibBpfLoader: Loaded code section 5 (schedcls_ingress_clat_rawip)
09-15 13:37:55.965   282   282 D LibBpfLoader: Loaded relo section 5 (.relschedcls/ingress/clat_rawip)
09-15 13:37:55.965   282   282 D LibBpfLoader: Adding section 5 to cs list
09-15 13:37:55.965   282   282 D LibBpfLoader: Loaded code section 7 (schedcls_egress_clat_ether)
09-15 13:37:55.965   282   282 D LibBpfLoader: Adding section 7 to cs list
09-15 13:37:55.965   282   282 D LibBpfLoader: Loaded code section 8 (schedcls_egress_clat_rawip)
09-15 13:37:55.966   282   282 D LibBpfLoader: Loaded relo section 8 (.relschedcls/egress/clat_rawip)
09-15 13:37:55.966   282   282 D LibBpfLoader: Adding section 8 to cs list
09-15 13:37:55.966     0     0 I selinux :  
09-15 13:37:55.966   282   282 D LibBpfLoader: bpf_create_map name clat_ingress_map, ret: 6
09-15 13:37:55.966   282   282 D LibBpfLoader: bpf_create_map name clat_egress_map, ret: 7
09-15 13:37:55.966   282   282 D LibBpfLoader: map_fd found at 0 is 6 in /system/etc/bpf/clatd.o
09-15 13:37:55.966   282   282 D LibBpfLoader: map_fd found at 1 is 7 in /system/etc/bpf/clatd.o
09-15 13:37:55.967     0     0 I init    : processing action (post-fs-data) from (/vendor/etc/init/hostapd.android.rc:9)
09-15 13:37:55.967   282   282 D LibBpfLoader: applying relo to instruction at byte offset: 392, 	       insn offset 49 , insn 118
09-15 13:37:55.967   282   282 D LibBpfLoader: applying relo to instruction at byte offset: 352, 	       insn offset 44 , insn 118
09-15 13:37:55.967   282   282 D LibBpfLoader: applying relo to instruction at byte offset: 520, 	       insn offset 65 , insn 118
09-15 13:37:55.968   282   282 D LibBpfLoader: bpf_prog_load lib call for /system/etc/bpf/clatd.o (schedcls_ingress_clat_ether) returned fd: 8 (no error)
09-15 13:37:55.968   282   282 D LibBpfLoader: bpf_prog_load lib call for /system/etc/bpf/clatd.o (schedcls_ingress_clat_rawip) returned fd: 9 (no error)
09-15 13:37:55.969   282   282 D LibBpfLoader: bpf_prog_load lib call for /system/etc/bpf/clatd.o (schedcls_egress_clat_ether) returned fd: 10 (no error)
09-15 13:37:55.970   282   282 D LibBpfLoader: bpf_prog_load lib call for /system/etc/bpf/clatd.o (schedcls_egress_clat_rawip) returned fd: 11 (no error)
09-15 13:37:55.970   282   282 I bpfloader: Loaded object: /system/etc/bpf/clatd.o
09-15 13:37:55.972     0     0 I init    : processing action (load_persist_props_action) from (/system/etc/init/hw/init.rc:417)
09-15 13:37:55.976     0     0 E init    : Could not set 'ro.logd.size' to '2M' in /data/local.prop: Read-only property was already set
09-15 13:37:55.981     0     0 I init    : Wait for property 'ro.persistent_properties.ready=true' took 6ms
09-15 13:37:55.983     0     0 I init    : starting service 'logd-reinit'...
09-15 13:37:55.986     0     0 I init    : processing action (load_persist_props_action) from (/system/etc/init/flags_health_check.rc:1)
09-15 13:37:55.988     0     0 W init    : Top-level directory needs encryption action, eg mkdir /data/server_configurable_flags <mode> <uid> <gid> encryption=Require
09-15 13:37:55.989     0     0 I logd.daemon: reinit
09-15 13:37:55.992     0     0 I init    : Verified that /data/server_configurable_flags has the encryption policy be8a33852e8613c14e2ab07d227513ce v2 modes 1/4 flags 0x2
09-15 13:37:55.995     0     0 I init    : Service 'logd-reinit' (pid 280) exited with status 0 oneshot service took 0.010000 seconds in background
09-15 13:37:55.998     0     0 I init    : Sending signal 9 to service 'logd-reinit' (pid 280) process group...
09-15 13:37:55.999     0     0 I libprocessgroup: Successfully killed process cgroup uid 1036 pid 280 in 0ms
09-15 13:37:56.000   284   284 I ServiceManager: Waiting for service 'statscompanion' on '/dev/binder'...
09-15 13:37:56.002     0     0 I init    : starting service 'exec 12 (/system/bin/flags_health_check BOOT_FAILURE)'...
09-15 13:37:56.005     0     0 I init    : SVC_EXEC service 'exec 12 (/system/bin/flags_health_check BOOT_FAILURE)' pid 281 (uid 1000 gid 1000+0 context default) started; waiting...
09-15 13:37:56.022     0     0 I init    : Service 'exec 12 (/system/bin/flags_health_check BOOT_FAILURE)' (pid 281) exited with status 0 waiting took 0.016000 seconds
09-15 13:37:56.024     0     0 I init    : Sending signal 9 to service 'exec 12 (/system/bin/flags_health_check BOOT_FAILURE)' (pid 281) process group...
09-15 13:37:56.026     0     0 I libprocessgroup: Successfully killed process cgroup uid 1000 pid 281 in 0ms
09-15 13:37:56.028     0     0 I init    : processing action (load_persist_props_action) from (/system/etc/init/logcatd.rc:29)
09-15 13:37:56.031     0     0 I init    : processing action (load_bpf_programs) from (/system/etc/init/bpfloader.rc:20)
09-15 13:37:56.033     0     0 I init    : starting service 'bpfloader'...
09-15 13:37:56.037     0     0 I init    : processing action (persist.sys.fuse=true && zygote-start) from (/system/etc/init/hw/init.rc:809)
09-15 13:37:56.040     0     0 I init    : processing action (ro.crypto.state=encrypted && ro.crypto.type=file && zygote-start) from (/system/etc/init/hw/init.rc:840)
09-15 13:37:56.043     0     0 I init    : starting service 'update_verifier_nonencrypted'...
09-15 13:37:56.048     0     0 I init    : SVC_EXEC service 'update_verifier_nonencrypted' pid 283 (uid 0 gid 2001+1 context default) started; waiting...
09-15 13:37:56.051   285   285 I netdClient: Skipping libnetd_client init since *we* are netd
09-15 13:37:56.059   290   290 I HidlServiceManagement: Registered android.hidl.allocator@1.0::IAllocator/ashmem (start delay of 24ms)
09-15 13:37:56.059   290   290 I HidlServiceManagement: Removing namespace from process name android.hidl.allocator@1.0-service to allocator@1.0-service.
09-15 13:37:56.060     0     0 I init    : Service 'update_verifier_nonencrypted' (pid 283) exited with status 0 waiting took 0.015000 seconds
09-15 13:37:56.063     0     0 I init    : Sending signal 9 to service 'update_verifier_nonencrypted' (pid 283) process group...
09-15 13:37:56.065     0     0 I libprocessgroup: Successfully killed process cgroup uid 0 pid 283 in 0ms
09-15 13:37:56.068     0     0 I init    : starting service 'statsd'...
09-15 13:37:56.070     0     0 I init    : Created socket '/dev/socket/statsdw', mode 222, user 1066, group 1066
09-15 13:37:56.071   285   285 I netd    : netd 1.0 starting
09-15 13:37:56.084   285   285 D TetherController: Setting IP forward enable = 0
09-15 13:37:56.086   285   285 D FirewallController: Could not read /proc/self/uid_map, max uid defaulting to 4294967294
09-15 13:37:56.102   284   284 I ServiceManager: Waiting for service 'statscompanion' on '/dev/binder'...
09-15 13:37:56.104     0     0 I init    : Service 'bpfloader' (pid 282) exited with status 0 oneshot service took 0.069000 seconds in background
09-15 13:37:56.106     0     0 I init    : Sending signal 9 to service 'bpfloader' (pid 282) process group...
09-15 13:37:56.108     0     0 I libprocessgroup: Successfully killed process cgroup uid 0 pid 282 in 0ms
09-15 13:37:56.111     0     0 I init    : starting service 'netd'...
09-15 13:37:56.112     0     0 I init    : Created socket '/dev/socket/dnsproxyd', mode 660, user 0, group 3003
09-15 13:37:56.114     0     0 I init    : Created socket '/dev/socket/mdns', mode 660, user 0, group 1000
09-15 13:37:56.116     0     0 I init    : Created socket '/dev/socket/fwmarkd', mode 660, user 0, group 3003
09-15 13:37:56.120     0     0 I init    : starting service 'zygote'...
09-15 13:37:56.122     0     0 I init    : Created socket '/dev/socket/zygote', mode 660, user 0, group 1000
09-15 13:37:56.123     0     0 I init    : Created socket '/dev/socket/usap_pool_primary', mode 660, user 0, group 1000
09-15 13:37:56.129     0     0 I init    : Command 'start zygote_secondary' action=ro.crypto.state=encrypted && ro.crypto.type=file && zygote-start (/system/etc/init/hw/init.rc:846) took 0ms and failed: service zygote_secondary not found
09-15 13:37:56.132   285   285 I netd    : Creating child chains: 39247us
09-15 13:37:56.132   285   285 I netd    : Setting up OEM hooks: 148us
09-15 13:37:56.132   285   285 I netd    : Setting up FirewallController hooks: 45us
09-15 13:37:56.133   293   293 I bt      : system/bt/vendor_libs/test_vendor_lib/model/setup/device_boutique.cc:33 Register: Registering beacon_swarm
09-15 13:37:56.133   293   293 I bt      : system/bt/vendor_libs/test_vendor_lib/model/setup/device_boutique.cc:33 Register: Registering beacon
09-15 13:37:56.133   293   293 I bt      : system/bt/vendor_libs/test_vendor_lib/model/setup/device_boutique.cc:33 Register: Registering scripted_beacon
09-15 13:37:56.133   293   293 I bt      : system/bt/vendor_libs/test_vendor_lib/model/setup/device_boutique.cc:33 Register: Registering remote_loopback
09-15 13:37:56.133   293   293 I bt      : system/bt/vendor_libs/test_vendor_lib/model/setup/device_boutique.cc:33 Register: Registering car_kit
09-15 13:37:56.133   293   293 I bt      : system/bt/vendor_libs/test_vendor_lib/model/setup/device_boutique.cc:33 Register: Registering classic
09-15 13:37:56.133   293   293 I bt      : system/bt/vendor_libs/test_vendor_lib/model/setup/device_boutique.cc:33 Register: Registering sniffer
09-15 13:37:56.133   293   293 I bt      : system/bt/vendor_libs/test_vendor_lib/model/setup/device_boutique.cc:33 Register: Registering keyboard
09-15 13:37:56.133     0     0 I init    : processing action (zygote-start) from (/vendor/etc/init/hw/init.ranchu.rc:59)
09-15 13:37:56.134   285   285 I netd    : Setting up TetherController hooks: 1770us
09-15 13:37:56.136   285   285 I netd    : Setting up BandwidthController hooks: 2132us
09-15 13:37:56.136   285   285 I netd    : Setting up IdletimerController hooks: 190us
09-15 13:37:56.137   293   293 I bt      : system/bt/vendor_libs/test_vendor_lib/model/devices/device_properties.cc:81 DeviceProperties: Reading controller properties from /etc/bluetooth/car_kit_controller_properties.json.
09-15 13:37:56.137   292   292 I HidlServiceManagement: Registered android.hardware.authsecret@1.0::IAuthSecret/default (start delay of 72ms)
09-15 13:37:56.138   292   292 I HidlServiceManagement: Removing namespace from process name android.hardware.authsecret@1.0-service to authsecret@1.0-service.
09-15 13:37:56.139   285   285 I netd    : Setting up StrictController hooks: 2807us
09-15 13:37:56.139   285   285 I ClatdController: 4.9+ kernel and device shipped with Q+ - clat ebpf should work.
09-15 13:37:56.139   285   285 I netd    : Initializing ClatdController: 266us
09-15 13:37:56.140     0     0 I init    : processing action (firmware_mounts_complete) from (/system/etc/init/hw/init.rc:423)
09-15 13:37:56.140   293   293 E bt      : system/bt/vendor_libs/test_vendor_lib/model/devices/device_properties.cc:83 DeviceProperties: Error reading controller properties from file.
09-15 13:37:56.142     0     0 I init    : processing action (early-boot) from (/system/etc/init/installd.rc:5)
09-15 13:37:56.143   293   293 I bt      : system/bt/vendor_libs/test_vendor_lib/model/devices/scripted_beacon.cc:71 ScriptedBeacon: Scripted_beacon registered true
09-15 13:37:56.148   293   293 I HidlServiceManagement: Registered android.hardware.bluetooth@1.1::IBluetoothHci/default (start delay of 73ms)
09-15 13:37:56.148   293   293 I HidlServiceManagement: Removing namespace from process name android.hardware.bluetooth@1.1-service.sim to bluetooth@1.1-service.sim.
09-15 13:37:56.152   285   285 I netd    : Initializing traffic control: 13298us
09-15 13:37:56.156     0     0 I init    : processing action (boot) from (/system/etc/init/hw/init.rc:848)
09-15 13:37:56.159   285   285 I netd    : Enabling bandwidth control: 6831us
09-15 13:37:56.161     0     0 I init    : Command 'write /sys/devices/virtual/block/${dev.mnt.blk.data}/queue/discard_max_bytes 134217728' action=boot (/system/etc/init/hw/init.rc:884) took 0ms and failed: Unable to write to file '/sys/devices/virtual/block/dm-5/queue/discard_max_bytes': Unable to write file contents: Invalid argument
09-15 13:37:56.163   285   285 I netd    : Initializing RouteController: 3434us
09-15 13:37:56.163   285   285 D XfrmController: XfrmController::ipSecAddXfrmInterface, line=1377
09-15 13:37:56.167   285   285 D XfrmController: XfrmController::ipSecRemoveTunnelInterface, line=1590
09-15 13:37:56.167   285   285 D XfrmController: deviceName=ipsec_test
09-15 13:37:56.171     0     0 I init    : starting service 'hidl_memory'...
09-15 13:37:56.175     0     0 I init    : starting service 'vendor.audio-hal'...
09-15 13:37:56.180     0     0 I init    : starting service 'vendor.authsecret-1-0'...
09-15 13:37:56.187   285   285 D XfrmController: Sending Netlink XFRM Message: XFRM_MSG_FLUSHSA
09-15 13:37:56.187   285   285 D XfrmController: Sending Netlink XFRM Message: XFRM_MSG_FLUSHPOLICY
09-15 13:37:56.191   285   285 I netd    : Initializing XfrmController: 28099us
09-15 13:37:56.197   300   300 I HidlServiceManagement: Registered android.hardware.contexthub@1.1::IContexthub/default (start delay of 52ms)
09-15 13:37:56.198   300   300 I HidlServiceManagement: Removing namespace from process name android.hardware.contexthub@1.1-service.mock to contexthub@1.1-service.mock.
09-15 13:37:56.205     0     0 I init    : starting service 'vendor.bluetooth-1-1'...
09-15 13:37:56.206   284   284 I ServiceManager: Waiting for service 'statscompanion' on '/dev/binder'...
09-15 13:37:56.212   285   285 I libnetd_resolv: resolv_init: Initializing resolver
09-15 13:37:56.212   298   298 I android.hardware.pixel.camera.provider@2.6-service: Google camera provider service is starting.
09-15 13:37:56.213     0     0 I init    : starting service 'vendor.camera-provider-2-4'...
09-15 13:37:56.214     0     0 E ueventd : firmware: could not find firmware for regulatory.db
09-15 13:37:56.217     0     0 E ueventd : firmware: attempted /etc/firmware/regulatory.db, open failed: No such file or directory
09-15 13:37:56.218     0     0 W libprocessgroup: Failed to open /dev/cpuset/camera-daemon/tasks: No such file or directory: No such file or directory
09-15 13:37:56.219     0     0 E ueventd : firmware: attempted /odm/firmware/regulatory.db, open failed: No such file or directory
09-15 13:37:56.220   294   294 I android.hardware.camera.provider@2.4-service: CameraProvider@2.4 legacy service is starting.
09-15 13:37:56.222     0     0 W libprocessgroup: Failed to apply CameraServiceCapacity task profile: No such file or directory
09-15 13:37:56.225   299   299 I HidlServiceManagement: Registered android.hardware.cas@1.2::IMediaCasService/default (start delay of 110ms)
09-15 13:37:56.226   299   299 I HidlServiceManagement: Removing namespace from process name android.hardware.cas@1.2-service to cas@1.2-service.
09-15 13:37:56.226     0     0 E ueventd : firmware: attempted /vendor/firmware/regulatory.db, open failed: No such file or directory
09-15 13:37:56.229   291   291 I HidlServiceManagement: Registered android.hardware.audio@6.0::IDevicesFactory/default (start delay of 184ms)
09-15 13:37:56.229   291   291 I HidlServiceManagement: Removing namespace from process name android.hardware.audio.service.ranchu to audio.service.ranchu.
09-15 13:37:56.231     0     0 E ueventd : firmware: attempted /firmware/image/regulatory.db, open failed: No such file or directory
09-15 13:37:56.235     0     0 I ueventd : loading /devices/platform/regulatory.0/firmware/regulatory.db took 4778ms
09-15 13:37:56.236     0     0 I cfg80211: failed to load regulatory.db
09-15 13:37:56.236     0     0 I init    : starting service 'vendor.camera-provider-2-6-google'...
09-15 13:37:56.237     0     0 E init    : failed to write pid to files: couldn't write 298 to /dev/cpuset/camera-daemon/tasks: No such file or directory
09-15 13:37:56.246     0     0 I init    : starting service 'vendor.cas-hal-1-2'...
09-15 13:37:56.254     0     0 I init    : starting service 'vendor.contexthub-hal-1-1-mock'...
09-15 13:37:56.261   302   302 I HidlServiceManagement: Registered android.hardware.drm@1.0::IDrmFactory/default (start delay of 105ms)
09-15 13:37:56.262   302   302 I HidlServiceManagement: Removing namespace from process name android.hardware.drm@1.0-service to drm@1.0-service.
09-15 13:37:56.262   302   302 I LegacySupport: Registration complete for android.hardware.drm@1.0::IDrmFactory/default.
09-15 13:37:56.265   291   291 I HidlServiceManagement: Registered android.hardware.audio.effect@6.0::IEffectsFactory/default (start delay of 219ms)
09-15 13:37:56.265   291   291 I LegacySupport: Registration complete for android.hardware.audio.effect@6.0::IEffectsFactory/default.
09-15 13:37:56.267   308   308 I HidlServiceManagement: Registered android.hardware.gatekeeper@1.0::IGatekeeper/default (start delay of 82ms)
09-15 13:37:56.267   308   308 I HidlServiceManagement: Removing namespace from process name android.hardware.gatekeeper@1.0-service.software to gatekeeper@1.0-service.software.
09-15 13:37:56.269   302   302 I HidlServiceManagement: Registered android.hardware.drm@1.0::ICryptoFactory/default (start delay of 114ms)
09-15 13:37:56.269   302   302 I HidlServiceManagement: Removing namespace from process name android.hardware.drm@1.0-service to drm@1.0-service.
09-15 13:37:56.269   302   302 I LegacySupport: Registration complete for android.hardware.drm@1.0::ICryptoFactory/default.
09-15 13:37:56.271   298   298 I GCH_CameraProvider: CreateCameraProviderHwl:Loading /vendor/lib/libgooglecamerahwl_impl.so library
09-15 13:37:56.272   303   303 I HidlServiceManagement: Registered android.hardware.drm@1.3::IDrmFactory/clearkey (start delay of 106ms)
09-15 13:37:56.272   303   303 I HidlServiceManagement: Removing namespace from process name android.hardware.drm@1.3-service.clearkey to drm@1.3-service.clearkey.
09-15 13:37:56.280   303   303 I HidlServiceManagement: Registered android.hardware.drm@1.3::ICryptoFactory/clearkey (start delay of 114ms)
09-15 13:37:56.280   303   303 I HidlServiceManagement: Removing namespace from process name android.hardware.drm@1.3-service.clearkey to drm@1.3-service.clearkey.
09-15 13:37:56.286     0     0 I init    : starting service 'vendor.drm-hal-1-0'...
09-15 13:37:56.296     0     0 I init    : starting service 'vendor.drm-clearkey-hal-1-3'...
09-15 13:37:56.304     0     0 I init    : starting service 'vendor.drm-widevine-hal-1-3'...
09-15 13:37:56.307   291   291 I HidlServiceManagement: Registered android.hardware.soundtrigger@2.2::ISoundTriggerHw/default (start delay of 262ms)
09-15 13:37:56.307   291   291 I LegacySupport: Registration complete for android.hardware.soundtrigger@2.2::ISoundTriggerHw/default.
09-15 13:37:56.309   284   284 I ServiceManager: Waiting for service 'statscompanion' on '/dev/binder'...
09-15 13:37:56.310   304   304 I HidlServiceManagement: Registered android.hardware.drm@1.3::IDrmFactory/widevine (start delay of 134ms)
09-15 13:37:56.310   304   304 I HidlServiceManagement: Removing namespace from process name android.hardware.drm@1.3-service.widevine to drm@1.3-service.widevine.
09-15 13:37:56.310   304   304 I HidlServiceManagement: Registered android.hardware.drm@1.3::ICryptoFactory/widevine (start delay of 135ms)
09-15 13:37:56.311   304   304 I HidlServiceManagement: Removing namespace from process name android.hardware.drm@1.3-service.widevine to drm@1.3-service.widevine.
09-15 13:37:56.319     0     0 I init    : starting service 'vendor.gatekeeper-1-0'...
09-15 13:37:56.323   325   325 I android.hardware.health@2.1-service: default instance initializing with healthd_config...
09-15 13:37:56.324   325   325 I HidlServiceManagement: Registered android.hardware.health@2.1::IHealth/default (start delay of 79ms)
09-15 13:37:56.324   325   325 I HidlServiceManagement: Removing namespace from process name android.hardware.health@2.1-service to health@2.1-service.
09-15 13:37:56.324   325   325 I android.hardware.health@2.1-service: default: Hal init done
09-15 13:37:56.332     0     0 I init    : starting service 'vendor.gralloc-3-0'...
09-15 13:37:56.354     0     0 I init    : starting service 'vendor.hwcomposer-2-3'...
09-15 13:37:56.365     0     0 I init    : starting service 'health-hal-2-1'...
09-15 13:37:56.366     0     0 I init    : Opened file '/dev/kmsg', flags 1
09-15 13:37:56.373   298   298 I EmulatedCameraProviderHwlImpl: Create: Created EmulatedCameraProviderHwlImpl
09-15 13:37:56.373   298   298 E GCH_CameraProvider: Initialize: HWL doesn't support vendor buffer allocation Function not implemented(-38)
09-15 13:37:56.376   311   311 D HostConnection: createUnique: call
09-15 13:37:56.381   311   311 D HostConnection: HostConnection::get() New Host Connection established 0xe7500be0, tid 311
09-15 13:37:56.384     0     0 I init    : starting service 'neuralnetworks_hal_service_sample_all'...
09-15 13:37:56.388   323   323 D HostConnection: createUnique: call
09-15 13:37:56.389   323   323 D HostConnection: HostConnection::get() New Host Connection established 0xe70001d0, tid 323
09-15 13:37:56.393   298   298 I HidlServiceManagement: Registered android.hardware.camera.provider@2.6::ICameraProvider/internal/0 (start delay of 288ms)
09-15 13:37:56.393   323   323 D HostConnection: HostComposition ext ANDROID_EMU_CHECKSUM_HELPER_v1 ANDROID_EMU_native_sync_v2 ANDROID_EMU_native_sync_v3 ANDROID_EMU_native_sync_v4 ANDROID_EMU_dma_v1 ANDROID_EMU_direct_mem ANDROID_EMU_host_composition_v1 ANDROID_EMU_host_composition_v2 ANDROID_EMU_vulkan ANDROID_EMU_deferred_vulkan_commands ANDROID_EMU_vulkan_null_optional_strings ANDROID_EMU_vulkan_create_resources_with_requirements ANDROID_EMU_YUV_Cache ANDROID_EMU_vulkan_ignored_handles ANDROID_EMU_has_shared_slots_host_memory_allocator ANDROID_EMU_vulkan_free_memory_sync ANDROID_EMU_vulkan_shader_float16_int8 ANDROID_EMU_vulkan_async_queue_submit ANDROID_EMU_sync_buffer_data ANDROID_EMU_read_color_buffer_dma GL_OES_vertex_array_object GL_KHR_texture_compression_astc_ldr ANDROID_EMU_host_side_tracing ANDROID_EMU_gles_max_version_2 
09-15 13:37:56.393   298   298 I HidlServiceManagement: Removing namespace from process name android.hardware.camera.provider@2.6-service-google to provider@2.6-service-google.
09-15 13:37:56.393   298   298 I LegacySupport: Registration complete for android.hardware.camera.provider@2.6::ICameraProvider/internal/0.
09-15 13:37:56.393   311   311 I HidlServiceManagement: Registered android.hardware.graphics.allocator@3.0::IAllocator/default (start delay of 188ms)
09-15 13:37:56.393   311   311 I HidlServiceManagement: Removing namespace from process name android.hardware.graphics.allocator@3.0-service to allocator@3.0-service.
09-15 13:37:56.393   311   311 I android.hardware.graphics.allocator@3.0-service: graphics IAllocator@3.0 service is initialized
09-15 13:37:56.394   173   173 I hwservicemanager: getTransport: Cannot find entry android.hardware.graphics.mapper@4.0::IMapper/default in either framework or device manifest.
09-15 13:37:56.394   323   323 I Gralloc4: mapper 4.x is not supported
09-15 13:37:56.401   323   323 D HostConnection: createUnique: call
09-15 13:37:56.401   323   323 D HostConnection: HostConnection::get() New Host Connection established 0xe7000010, tid 323
09-15 13:37:56.401   341   341 I android.hardware.thermal@2.0-service-mock: Thermal HAL Service Mock 2.0 starting...
09-15 13:37:56.402   323   323 D goldfish-address-space: allocate: Ask for block of size 0x100
09-15 13:37:56.402   323   323 D goldfish-address-space: allocate: ioctl allocate returned offset 0x3e3ffe000 size 0x2000
09-15 13:37:56.403     0     0 I init    : starting service 'neuralnetworks_hal_service_sample_float_fast'...
09-15 13:37:56.403   173   173 I hwservicemanager: getTransport: Cannot find entry android.hardware.graphics.allocator@4.0::IAllocator/default in either framework or device manifest.
09-15 13:37:56.404   323   323 W Gralloc4: allocator 3.x is not supported
09-15 13:37:56.405   339   339 I android.hardware.power.stats@1.0-service-mock: power.stats service 1.0 mock is starting.
09-15 13:37:56.406   341   341 I HidlServiceManagement: Registered android.hardware.thermal@2.0::IThermal/default (start delay of 51ms)
09-15 13:37:56.406   341   341 I HidlServiceManagement: Removing namespace from process name android.hardware.thermal@2.0-service.mock to thermal@2.0-service.mock.
09-15 13:37:56.406   341   341 I android.hardware.thermal@2.0-service-mock: Thermal Service started successfully.
09-15 13:37:56.407   339   339 I HidlServiceManagement: Registered android.hardware.power.stats@1.0::IPowerStats/default (start delay of 72ms)
09-15 13:37:56.407   339   339 I HidlServiceManagement: Removing namespace from process name android.hardware.power.stats@1.0-service.mock to stats@1.0-service.mock.
09-15 13:37:56.408   339   339 I android.hardware.power.stats@1.0-service-mock: power.stats service is ready
09-15 13:37:56.408   173   173 I hwservicemanager: getTransport: Cannot find entry android.hardware.graphics.mapper@4.0::IMapper/default in either framework or device manifest.
09-15 13:37:56.408   294   294 I Gralloc4: mapper 4.x is not supported
09-15 13:37:56.413   294   294 D HostConnection: createUnique: call
09-15 13:37:56.413   311   311 D HostConnection: HostComposition ext ANDROID_EMU_CHECKSUM_HELPER_v1 ANDROID_EMU_native_sync_v2 ANDROID_EMU_native_sync_v3 ANDROID_EMU_native_sync_v4 ANDROID_EMU_dma_v1 ANDROID_EMU_direct_mem ANDROID_EMU_host_composition_v1 ANDROID_EMU_host_composition_v2 ANDROID_EMU_vulkan ANDROID_EMU_deferred_vulkan_commands ANDROID_EMU_vulkan_null_optional_strings ANDROID_EMU_vulkan_create_resources_with_requirements ANDROID_EMU_YUV_Cache ANDROID_EMU_vulkan_ignored_handles ANDROID_EMU_has_shared_slots_host_memory_allocator ANDROID_EMU_vulkan_free_memory_sync ANDROID_EMU_vulkan_shader_float16_int8 ANDROID_EMU_vulkan_async_queue_submit ANDROID_EMU_sync_buffer_data ANDROID_EMU_read_color_buffer_dma GL_OES_vertex_array_object GL_KHR_texture_compression_astc_ldr ANDROID_EMU_host_side_tracing ANDROID_EMU_gles_max_version_2 
09-15 13:37:56.414   294   294 D HostConnection: HostConnection::get() New Host Connection established 0xeed80d30, tid 294
09-15 13:37:56.414   311   311 D goldfish-address-space: claimShared: Ask to claim region [0x3e4000000 0x3e50b3000]
09-15 13:37:56.415   294   294 D goldfish-address-space: allocate: Ask for block of size 0x100
09-15 13:37:56.416   294   294 D goldfish-address-space: allocate: ioctl allocate returned offset 0x3e3ffe000 size 0x2000
09-15 13:37:56.416     0     0 I init    : starting service 'neuralnetworks_hal_service_sample_float_slow'...
09-15 13:37:56.420   294   294 D EmulatedCamera_QemuClient: Emulated camera list: name=virtualscene channel=0 pix=876758866 dir=back framedims=640x480,352x288,320x240,176x144,1280x720,1280x960
09-15 13:37:56.424   331   331 I HidlServiceManagement: Registered android.hardware.neuralnetworks@1.3::IDevice/nnapi-sample_float_fast (start delay of 148ms)
09-15 13:37:56.424   331   331 I HidlServiceManagement: Removing namespace from process name android.hardware.neuralnetworks@1.3-service-sample-float-fast to neuralnetworks@1.3-service-sample-float-fast.
09-15 13:37:56.425   294   294 I EmulatedCamera_QemuCamera3: Constructing emulated qemu camera 3: ID 0
09-15 13:37:56.426   337   337 I HidlServiceManagement: Registered android.hardware.neuralnetworks@1.3::IDevice/nnapi-sample_quant (start delay of 111ms)
09-15 13:37:56.426   337   337 I HidlServiceManagement: Removing namespace from process name android.hardware.neuralnetworks@1.3-service-sample-quant to neuralnetworks@1.3-service-sample-quant.
09-15 13:37:56.427   294   294 I EmulatedCamera_QemuCamera3: parseResolutions: 640x480
09-15 13:37:56.427   294   294 I EmulatedCamera_QemuCamera3: parseResolutions: 352x288
09-15 13:37:56.427   294   294 I EmulatedCamera_QemuCamera3: parseResolutions: 320x240
09-15 13:37:56.427   294   294 I EmulatedCamera_QemuCamera3: parseResolutions: 176x144
09-15 13:37:56.427   294   294 I EmulatedCamera_QemuCamera3: parseResolutions: 1280x720
09-15 13:37:56.427   294   294 I EmulatedCamera_QemuCamera3: parseResolutions: 1280x960
09-15 13:37:56.427   294   294 I EmulatedCamera_QemuCamera3: Camera 0 capabilities:
09-15 13:37:56.427   294   294 I EmulatedCamera_QemuCamera3:   BACKWARD_COMPATIBLE
09-15 13:37:56.427   294   294 E EmulatedCamera_Factory: 1 cameras are being emulated. 0 of them are fake cameras.
09-15 13:37:56.428   323   323 D HostConnection: HostComposition ext ANDROID_EMU_CHECKSUM_HELPER_v1 ANDROID_EMU_native_sync_v2 ANDROID_EMU_native_sync_v3 ANDROID_EMU_native_sync_v4 ANDROID_EMU_dma_v1 ANDROID_EMU_direct_mem ANDROID_EMU_host_composition_v1 ANDROID_EMU_host_composition_v2 ANDROID_EMU_vulkan ANDROID_EMU_deferred_vulkan_commands ANDROID_EMU_vulkan_null_optional_strings ANDROID_EMU_vulkan_create_resources_with_requirements ANDROID_EMU_YUV_Cache ANDROID_EMU_vulkan_ignored_handles ANDROID_EMU_has_shared_slots_host_memory_allocator ANDROID_EMU_vulkan_free_memory_sync ANDROID_EMU_vulkan_shader_float16_int8 ANDROID_EMU_vulkan_async_queue_submit ANDROID_EMU_sync_buffer_data ANDROID_EMU_read_color_buffer_dma GL_OES_vertex_array_object GL_KHR_texture_compression_astc_ldr ANDROID_EMU_host_side_tracing ANDROID_EMU_gles_max_version_2 
09-15 13:37:56.428   294   294 I CamPrvdr@2.4-legacy: Loaded "Emulated Camera Module" camera module
09-15 13:37:56.428   294   294 E CamPrvdr@2.4-legacy: setUpVendorTags: Vendor tag operations not fully defined. Ignoring definitions.
09-15 13:37:56.428   294   294 E CamPrvdr@2.4-legacy: initialize: Vendor tag setup failed, will not be available.
09-15 13:37:56.428   294   294 V EmulatedCamera_BaseCamera: getCameraInfo
09-15 13:37:56.428   323   323 E EmuHWC2 : doGetFunction: Unknown function descriptor: 44 (SetLayerFloatColor)
09-15 13:37:56.428   323   323 E EmuHWC2 : doGetFunction: Unknown function descriptor: 45 (SetLayerPerFrameMetadata)
09-15 13:37:56.428   294   355 E EmulatedCamera_HotplugThread: addWatch: Could not add watch for '/data/misc/media/emulator.camera.hotplug.0', error: 'Permission denied' (13)
09-15 13:37:56.428   323   323 E EmuHWC2 : doGetFunction: Unknown function descriptor: 46 (GetPerFrameMetadataKeys)
09-15 13:37:56.428   323   323 E EmuHWC2 : doGetFunction: Unknown function descriptor: 47 (SetReadbackBuffer)
09-15 13:37:56.428   323   323 E EmuHWC2 : doGetFunction: Unknown function descriptor: 48 (GetReadbackBufferAttributes)
09-15 13:37:56.428   323   323 E EmuHWC2 : doGetFunction: Unknown function descriptor: 49 (GetReadbackBufferFence)
09-15 13:37:56.428   323   323 E EmuHWC2 : doGetFunction: Unknown function descriptor: 50 (GetRenderIntents)
09-15 13:37:56.428   323   323 E EmuHWC2 : doGetFunction: Unknown function descriptor: 51 (SetColorModeWithRenderIntent)
09-15 13:37:56.428   323   323 E EmuHWC2 : doGetFunction: Unknown function descriptor: 52 (GetDataspaceSaturationMatrix)
09-15 13:37:56.429   323   323 E EmuHWC2 : doGetFunction: Unknown function descriptor: 55 (SetLayerColorTransform)
09-15 13:37:56.429   323   323 E EmuHWC2 : doGetFunction: Unknown function descriptor: 56 (GetDisplayedContentSamplingAttributes)
09-15 13:37:56.429   323   323 E EmuHWC2 : doGetFunction: Unknown function descriptor: 57 (SetDisplayedContentSamplingEnabled)
09-15 13:37:56.429   323   323 E EmuHWC2 : doGetFunction: Unknown function descriptor: 58 (GetDisplayedContentSample)
09-15 13:37:56.429   323   323 E EmuHWC2 : doGetFunction: Unknown function descriptor: 59 (SetLayerPerFrameMetadataBlobs)
09-15 13:37:56.429   284   284 I ServiceManager: Waiting for service 'statscompanion' on '/dev/binder'...
09-15 13:37:56.429   328   328 I HidlServiceManagement: Registered android.hardware.neuralnetworks@1.3::IDevice/nnapi-sample_all (start delay of 174ms)
09-15 13:37:56.429   328   328 I HidlServiceManagement: Removing namespace from process name android.hardware.neuralnetworks@1.3-service-sample-all to neuralnetworks@1.3-service-sample-all.
09-15 13:37:56.430   335   335 I HidlServiceManagement: Registered android.hardware.neuralnetworks@1.3::IDevice/nnapi-sample_minimal (start delay of 125ms)
09-15 13:37:56.431   335   335 I HidlServiceManagement: Removing namespace from process name android.hardware.neuralnetworks@1.3-service-sample-minimal to neuralnetworks@1.3-service-sample-minimal.
09-15 13:37:56.432   294   294 I HidlServiceManagement: Registered android.hardware.camera.provider@2.4::ICameraProvider/legacy/0 (start delay of 347ms)
09-15 13:37:56.432   294   294 I HidlServiceManagement: Removing namespace from process name android.hardware.camera.provider@2.4-service to provider@2.4-service.
09-15 13:37:56.432   294   294 I LegacySupport: Registration complete for android.hardware.camera.provider@2.4::ICameraProvider/legacy/0.
09-15 13:37:56.432   323   323 I HidlServiceManagement: Registered android.hardware.graphics.composer@2.3::IComposer/default (start delay of 207ms)
09-15 13:37:56.432   323   323 I HidlServiceManagement: Removing namespace from process name android.hardware.graphics.composer@2.3-service to composer@2.3-service.
09-15 13:37:56.435     0     0 I init    : starting service 'neuralnetworks_hal_service_sample_minimal'...
09-15 13:37:56.440     0     0 W healthd : batteryCapacityLevelPath not found
09-15 13:37:56.443   332   332 I HidlServiceManagement: Registered android.hardware.neuralnetworks@1.3::IDevice/nnapi-sample_float_slow (start delay of 158ms)
09-15 13:37:56.443     0     0 W healthd : batteryChargeTimeToFullNowPath. not found
09-15 13:37:56.443   332   332 I HidlServiceManagement: Removing namespace from process name android.hardware.neuralnetworks@1.3-service-sample-float-slow to neuralnetworks@1.3-service-sample-float-slow.
09-15 13:37:56.445     0     0 I init    : starting service 'neuralnetworks_hal_service_sample_quant'...
09-15 13:37:56.447   342   342 I HidlServiceManagement: Registered android.hardware.usb@1.0::IUsb/default (start delay of 62ms)
09-15 13:37:56.448   342   342 I HidlServiceManagement: Removing namespace from process name android.hardware.usb@1.0-service to usb@1.0-service.
09-15 13:37:56.448   342   342 I android.hardware.usb@1.0-service: USB HAL Ready.
09-15 13:37:56.448     0     0 W healthd : batteryFullChargeDesignCapacityUahPath. not found
09-15 13:37:56.452   172   172 I servicemanager: getDeviceHalManifest: Reading VINTF information.
09-15 13:37:56.456   172   172 I servicemanager: getDeviceHalManifest: Successfully processed VINTF information
09-15 13:37:56.456   172   172 I servicemanager: getFrameworkHalManifest: Reading VINTF information.
09-15 13:37:56.456     0     0 W healthd : battery l=100 v=5000 t=25.0 h=2 st=4 c=900000 fc=300000 cc=10 chg=
09-15 13:37:56.457     0     0 I init    : starting service 'vendor.power.stats-hal-1-0-mock'...
09-15 13:37:56.458   172   172 I servicemanager: getFrameworkHalManifest: Successfully processed VINTF information
09-15 13:37:56.458   172   172 I servicemanager: Found android.hardware.light.ILights/default in device VINTF manifest.
09-15 13:37:56.459   172   172 I servicemanager: Found android.hardware.power.IPower/default in device VINTF manifest.
09-15 13:37:56.467   340   340 I android.hardware.sensors@2.1-impl.ranchu: MultihalSensors:70: host sensors mask=7ff, available sensors mask=7ff
09-15 13:37:56.470   340   340 I HidlServiceManagement: Registered android.hardware.sensors@2.1::ISensors/default (start delay of 125ms)
09-15 13:37:56.470   340   340 I HidlServiceManagement: Removing namespace from process name android.hardware.sensors@2.1-service.multihal to sensors@2.1-service.multihal.
09-15 13:37:56.471   172   172 I servicemanager: Found android.hardware.rebootescrow.IRebootEscrow/default in device VINTF manifest.
09-15 13:37:56.475     0     0 I init    : starting service 'vendor.sensors-hal-2-1-multihal'...
09-15 13:37:56.478   172   172 I servicemanager: Found android.hardware.identity.IIdentityCredentialStore/default in device VINTF manifest.
09-15 13:37:56.483   172   172 I servicemanager: Found android.hardware.vibrator.IVibrator/default in device VINTF manifest.
09-15 13:37:56.484     0     0 I init    : starting service 'vendor.thermal-hal-2-0-mock'...
09-15 13:37:56.492     0     0 I init    : starting service 'vendor.usb-hal-1-0'...
09-15 13:37:56.524     0     0 I init    : starting service 'vendor.wifi_hal_legacy'...
09-15 13:37:56.529     0     0 I init    : starting service 'vendor.identity-default'...
09-15 13:37:56.530   284   284 I ServiceManager: Waiting for service 'statscompanion' on '/dev/binder'...
09-15 13:37:56.554     0     0 I init    : starting service 'vendor.light-default'...
09-15 13:37:56.562   347   347 I android.hardware.wifi@1.0-service: Wifi Hal is booting up...
09-15 13:37:56.562     0     0 I init    : starting service 'vendor.power-default'...
09-15 13:37:56.564   347   347 I HidlServiceManagement: Registered android.hardware.wifi@1.4::IWifi/default (start delay of 169ms)
09-15 13:37:56.564   347   347 I HidlServiceManagement: Removing namespace from process name android.hardware.wifi@1.0-service to wifi@1.0-service.
09-15 13:37:56.575     0     0 I init    : starting service 'vendor.rebootescrow-default'...
09-15 13:37:56.582     0     0 I init    : starting service 'vendor.vibrator-default'...
09-15 13:37:56.591     0     0 I init    : Command 'class_start hal' action=boot (/system/etc/init/hw/init.rc:946) took 420ms and succeeded
09-15 13:37:56.592   143   143 W libc    : Unable to set property "ro.hardware.egl" to "emulation": error code: 0xb
09-15 13:37:56.594     0     0 I init    : Untracked pid 151 exited with status 0
09-15 13:37:56.596     0     0 I init    : starting service 'ranchu-setup'...
09-15 13:37:56.605     0     0 I init    : starting service 'audioserver'...
09-15 13:37:56.611     0     0 I init    : starting service 'credstore'...
09-15 13:37:56.636   284   284 I ServiceManager: Waiting for service 'statscompanion' on '/dev/binder'...
09-15 13:37:56.637     0     0 I init    : starting service 'gpu'...
09-15 13:37:56.644     0     0 I init    : starting service 'surfaceflinger'...
09-15 13:37:56.646     0     0 I init    : Could not create socket 'pdx/system/vr/display/client': Failed to bind socket 'pdx/system/vr/display/client': No such file or directory
09-15 13:37:56.650     0     0 I init    : Could not create socket 'pdx/system/vr/display/manager': Failed to bind socket 'pdx/system/vr/display/manager': No such file or directory
09-15 13:37:56.654     0     0 I init    : Could not create socket 'pdx/system/vr/display/vsync': Failed to bind socket 'pdx/system/vr/display/vsync': No such file or directory
09-15 13:37:56.664     0     0 I init    : Command 'class_start core' action=boot (/system/etc/init/hw/init.rc:948) took 68ms and succeeded
09-15 13:37:56.668     0     0 I init    : Service 'ranchu-setup' (pid 370) exited with status 1 oneshot service took 0.069000 seconds in background
09-15 13:37:56.672     0     0 I init    : Sending signal 9 to service 'ranchu-setup' (pid 370) process group...
09-15 13:37:56.676     0     0 I libprocessgroup: Successfully killed process cgroup uid 0 pid 370 in 0ms
09-15 13:37:56.682     0     0 I init    : starting service 'exec 13 (/system/bin/fsverity_init)'...
09-15 13:37:56.688     0     0 I init    : SVC_EXEC service 'exec 13 (/system/bin/fsverity_init)' pid 378 (uid 0 gid 0+0 context default) started; waiting...
09-15 13:37:56.702     0     0 I init    : Service 'exec 13 (/system/bin/fsverity_init)' (pid 378) exited with status 0 waiting took 0.013000 seconds
09-15 13:37:56.704     0     0 I init    : Sending signal 9 to service 'exec 13 (/system/bin/fsverity_init)' (pid 378) process group...
09-15 13:37:56.707     0     0 I libprocessgroup: Successfully killed process cgroup uid 0 pid 378 in 0ms
09-15 13:37:56.710     0     0 I init    : processing action (persist.sys.usb.config=* && boot) from (/system/etc/init/hw/init.usb.rc:105)
09-15 13:37:56.715     0     0 I init    : processing action (boot) from (/vendor/etc/init/hw/init.ranchu.rc:65)
09-15 13:37:56.718     0     0 E init    : Unable to set property 'ro.hardware.egl' from uid:0 gid:0 pid:143: Read-only property was already set
09-15 13:37:56.725     0     0 I init    : Command 'setprop debug.hwui.renderer ${ro.kernel.qemu.uirenderer}' action=boot (/vendor/etc/init/hw/init.ranchu.rc:69) took 0ms and failed: property 'ro.kernel.qemu.uirenderer' doesn't exist while expanding '${ro.kernel.qemu.uirenderer}'
09-15 13:37:56.735     0     0 I init    : Command 'setprop debug.stagefright.ccodec ${ro.kernel.qemu.media.ccodec}' action=boot (/vendor/etc/init/hw/init.ranchu.rc:77) took 0ms and failed: property 'ro.kernel.qemu.media.ccodec' doesn't exist while expanding '${ro.kernel.qemu.media.ccodec}'
09-15 13:37:56.749     0     0 I init    : starting service 'goldfish-logcat'...
09-15 13:37:56.754     0     0 I init    : processing action (boot) from (/system/etc/init/dumpstate.rc:1)
09-15 13:37:56.756     0     0 I init    : processing action (boot) from (/system/etc/init/gsid.rc:20)
09-15 13:37:56.758     0     0 I init    : starting service 'exec 14 (/system/bin/gsid run-startup-tasks)'...
09-15 13:37:56.761     0     0 I init    : processing action (enable_property_trigger) from (<Builtin Action>:0)
09-15 13:37:56.764     0     0 I init    : processing action (apexd.status=ready && ro.product.cpu.abilist32=*) from (/system/etc/init/hw/init.rc:89)
09-15 13:37:56.769     0     0 I init    : starting service 'boringssl_self_test_apex32'...
09-15 13:37:56.769     0     0 D logd    : logdr: UID=1036 GID=1007 PID=380 b tail=0 logMask=99 pid=0 start=0ns timeout=0ns
09-15 13:37:56.774     0     0 I init    : SVC_EXEC service 'boringssl_self_test_apex32' pid 382 (uid 0 gid 0+0 context default) started; waiting...
09-15 13:37:56.659   381   381 I gsid    : no DSU: No such file or directory
09-15 13:37:56.789     0     0 I init    : Service 'exec 14 (/system/bin/gsid run-startup-tasks)' (pid 381) exited with status 0 oneshot service took 0.027000 seconds in background
09-15 13:37:56.793     0     0 I init    : Sending signal 9 to service 'exec 14 (/system/bin/gsid run-startup-tasks)' (pid 381) process group...
09-15 13:37:56.796     0     0 I libprocessgroup: Successfully killed process cgroup uid 0 pid 381 in 0ms
09-15 13:37:56.678   371   371 I FastMixerState: sMaxFastTracks = 8
09-15 13:37:56.690   371   371 V MediaUtils: physMem: 2076872704
09-15 13:37:56.691   371   371 V MediaUtils: requested limit: 415374540
09-15 13:37:56.691   371   371 I libc    : malloc_limit: Allocation limit enabled, max size 415374540 bytes
09-15 13:37:56.692   384   384 I audioserver: ServiceManager: 0xf5c004f0
09-15 13:37:56.696   173   173 I hwservicemanager: getTransport: Cannot find entry android.hardware.configstore@1.0::ISurfaceFlingerConfigs/default in either framework or device manifest.
09-15 13:37:56.696   384   384 W BatteryNotifier: batterystats service unavailable!
09-15 13:37:56.706   376   376 I SurfaceFlinger: Using HWComposer service: 'default'
09-15 13:37:56.706   376   376 E SurfaceFlinger: ro.sf.lcd_density must be defined as a build property
09-15 13:37:56.708   376   376 I SurfaceFlinger: SurfaceFlinger is starting
09-15 13:37:56.709   173   173 I hwservicemanager: getTransport: Cannot find entry android.hardware.configstore@1.1::ISurfaceFlingerConfigs/default in either framework or device manifest.
09-15 13:37:56.709   376   376 I SurfaceFlinger: Disabling blur effects, they are not supported.
09-15 13:37:56.709   376   376 I SurfaceFlinger: Treble testing override: 'false'
09-15 13:37:56.839     0     0 I init    : Service 'boringssl_self_test_apex32' (pid 382) exited with status 0 waiting took 0.066000 seconds
09-15 13:37:56.841     0     0 I init    : Sending signal 9 to service 'boringssl_self_test_apex32' (pid 382) process group...
09-15 13:37:56.843     0     0 I libprocessgroup: Successfully killed process cgroup uid 0 pid 382 in 0ms
09-15 13:37:56.849     0     0 I init    : processing action (sys.init.perf_lsm_hooks=1) from (/system/etc/init/hw/init.rc:1017)
09-15 13:37:56.851     0     0 I init    : processing action (security.perf_harden=1) from (/system/etc/init/hw/init.rc:1031)
09-15 13:37:56.854     0     0 I init    : processing action (ro.debuggable=1) from (/system/etc/init/hw/init.rc:1058)
09-15 13:37:56.857     0     0 I init    : processing action (sys.usb.config=adb && sys.usb.configfs=0) from (/system/etc/init/hw/init.usb.rc:37)
09-15 13:37:56.860     0     0 I init    : Command 'write /sys/class/android_usb/android0/enable 0' action=sys.usb.config=adb && sys.usb.configfs=0 (/system/etc/init/hw/init.usb.rc:38) took 0ms and failed: Unable to write to file '/sys/class/android_usb/android0/enable': open() failed: Permission denied
09-15 13:37:56.736   284   284 I ServiceManager: Waiting for service 'statscompanion' on '/dev/binder'...
09-15 13:37:56.866     0     0 I init    : Command 'write /sys/class/android_usb/android0/idVendor 18d1' action=sys.usb.config=adb && sys.usb.configfs=0 (/system/etc/init/hw/init.usb.rc:39) took 0ms and failed: Unable to write to file '/sys/class/android_usb/android0/idVendor': open() failed: Permission denied
09-15 13:37:56.746   286   286 D AndroidRuntime: >>>>>> START com.android.internal.os.ZygoteInit uid 0 <<<<<<
09-15 13:37:56.751   376   376 I SurfaceFlinger: SurfaceFlinger's main thread ready to run. Initializing graphics H/W...
09-15 13:37:56.751   376   376 D RenderEngine: RenderEngine GLES Backend
09-15 13:37:56.755   376   376 D libEGL  : loaded /vendor/lib/egl/libEGL_emulation.so
09-15 13:37:56.873     0     0 I init    : Command 'write /sys/class/android_usb/android0/idProduct 4EE7' action=sys.usb.config=adb && sys.usb.configfs=0 (/system/etc/init/hw/init.usb.rc:40) took 0ms and failed: Unable to write to file '/sys/class/android_usb/android0/idProduct': open() failed: Permission denied
09-15 13:37:56.880     0     0 I init    : Command 'write /sys/class/android_usb/android0/functions ${sys.usb.config}' action=sys.usb.config=adb && sys.usb.configfs=0 (/system/etc/init/hw/init.usb.rc:41) took 0ms and failed: Unable to write to file '/sys/class/android_usb/android0/functions': open() failed: Permission denied
09-15 13:37:56.886     0     0 I init    : Command 'write /sys/class/android_usb/android0/enable 1' action=sys.usb.config=adb && sys.usb.configfs=0 (/system/etc/init/hw/init.usb.rc:42) took 0ms and failed: Unable to write to file '/sys/class/android_usb/android0/enable': open() failed: Permission denied
09-15 13:37:56.757   376   376 D libEGL  : loaded /vendor/lib/egl/libGLESv1_CM_emulation.so
09-15 13:37:56.760   376   376 D libEGL  : loaded /vendor/lib/egl/libGLESv2_emulation.so
09-15 13:37:56.893     0     0 I init    : starting service 'adbd'...
09-15 13:37:56.895     0     0 I init    : Created socket '/dev/socket/adbd', mode 660, user 1000, group 1000
09-15 13:37:56.774   384   384 I ServiceManager: Waiting for service 'media.metrics' on '/dev/binder'...
09-15 13:37:56.775   376   376 D HostConnection: HostConnection::get() New Host Connection established 0xeec40c50, tid 376
09-15 13:37:56.900     0     0 I init    : processing action (qemu.networknamespace=ready) from (/vendor/etc/init/hw/init.ranchu.rc:109)
09-15 13:37:56.903     0     0 I init    : starting service 'ranchu-net'...
09-15 13:37:56.909     0     0 I init    : processing action (init.svc.audioserver=running) from (/system/etc/init/audioserver.rc:32)
09-15 13:37:56.912     0     0 I init    : Command 'start vendor.audio-hal-4-0-msd' action=init.svc.audioserver=running (/system/etc/init/audioserver.rc:34) took 0ms and failed: service vendor.audio-hal-4-0-msd not found
09-15 13:37:56.783   376   376 D HostConnection: HostComposition ext ANDROID_EMU_CHECKSUM_HELPER_v1 ANDROID_EMU_native_sync_v2 ANDROID_EMU_native_sync_v3 ANDROID_EMU_native_sync_v4 ANDROID_EMU_dma_v1 ANDROID_EMU_direct_mem ANDROID_EMU_host_composition_v1 ANDROID_EMU_host_composition_v2 ANDROID_EMU_vulkan ANDROID_EMU_deferred_vulkan_commands ANDROID_EMU_vulkan_null_optional_strings ANDROID_EMU_vulkan_create_resources_with_requirements ANDROID_EMU_YUV_Cache ANDROID_EMU_vulkan_ignored_handles ANDROID_EMU_has_shared_slots_host_memory_allocator ANDROID_EMU_vulkan_free_memory_sync ANDROID_EMU_vulkan_shader_float16_int8 ANDROID_EMU_vulkan_async_queue_submit ANDROID_EMU_sync_buffer_data ANDROID_EMU_read_color_buffer_dma GL_OES_vertex_array_object GL_KHR_texture_compression_astc_ldr ANDROID_EMU_host_side_tracing ANDROID_EMU_gles_max_version_2 
09-15 13:37:56.786   376   376 I RenderEngine: EGL information:
09-15 13:37:56.786   376   376 I RenderEngine: vendor    : Android
09-15 13:37:56.786   376   376 I RenderEngine: version   : 1.4 Android META-EGL
09-15 13:37:56.786   376   376 I RenderEngine: extensions: EGL_KHR_get_all_proc_addresses EGL_ANDROID_presentation_time EGL_KHR_swap_buffers_with_damage EGL_ANDROID_get_native_client_buffer EGL_ANDROID_front_buffer_auto_refresh EGL_ANDROID_get_frame_timestamps EGL_EXT_surface_SMPTE2086_metadata EGL_EXT_surface_CTA861_3_metadata EGL_KHR_image EGL_KHR_image_base EGL_KHR_gl_texture_2D_image EGL_KHR_fence_sync EGL_ANDROID_image_native_buffer EGL_KHR_wait_sync EGL_ANDROID_recordable 
09-15 13:37:56.786   376   376 I RenderEngine: Client API: OpenGL_ES
09-15 13:37:56.786   376   376 I RenderEngine: EGLSurface: 8-8-8-8, config=0x3
